--------- beginning of system
10-21 15:40:40.918 D/Telephony-TelecomAccountRegistry( 1832): onSubscriptionsChanged call setupAccounts
10-21 15:40:40.918 D/Telephony-TelecomAccountRegistry( 1832): Found 2 phones.  Attempting to register.
10-21 15:40:40.918 D/Telephony-TelecomAccountRegistry( 1832): Phone with subscription id 0
10-21 15:40:40.919 D/Telephony-TelecomAccountRegistry( 1832): Phone with subscription id 1
10-21 15:40:40.931 I/Telephony-TelecomAccountRegistry( 1832): Registered phoneAccount: [[ ] PhoneAccount: ComponentInfo{com.android.phone/com.android.services.telephony.TelephonyConnectionService}, [****], UserHandle{0} Capabilities: CallProvider MultiUser PlaceEmerg SimSub  Audio Routes: BESW Schemes: tel voicemail  Extras: null GroupId: [****]] with handle: ComponentInfo{com.android.phone/com.android.services.telephony.TelephonyConnectionService}, [****], UserHandle{0}
10-21 15:40:40.933 I/Telephony-PstnIncomingCallNotifier( 1832): Registering: Handler (com.android.internal.telephony.GsmCdmaPhone) {cd65775}
10-21 15:40:40.933 D/Telephony-PstnPhoneCapabilitiesNotifier( 1832): Registering: Handler (com.android.internal.telephony.GsmCdmaPhone) {cd65775}
10-21 15:40:41.088 D/VoldCmdListener(  473): volume user_started 0
10-21 15:40:41.088 D/vold    (  473): Linking /storage/emulated/0 to /mnt/user/0/primary
10-21 15:40:41.088 I/vold    (  473): debug reserved-space start to read mounts info
10-21 15:40:41.088 I/vold    (  473): debug reserved-space storaged_f2fs_ovp start 
10-21 15:40:41.089 I/vold    (  473): debug reserved-space mnt->mnt_dir/data
10-21 15:40:41.089 E/vold    (  473): debug reserved-space mnts_data:/data
10-21 15:40:41.089 I/vold    (  473): debug reserved-space end to read mounts info 
10-21 15:40:41.089 I/vold    (  473): debug reserved-space start to read stats info
10-21 15:40:41.089 I/vold    (  473): debug reserved-space bootmode:bootimage
10-21 15:40:41.089 E/vold    (  473): debug reserved-space data_total_size: 26933706752
10-21 15:40:41.089 E/vold    (  473): debug reserved-space  read data info st.f_bfree:3825926st.f_blocks:6575612
10-21 15:40:41.095 E/vold    (  473): debug reserved-space  read file /data/misc/vold/ovp ok
10-21 15:40:41.095 E/vold    (  473): debug reserved-space: reserve space is set
10-21 15:40:41.095 E/vold    (  473): debug reserved-space target:2048MB
10-21 15:40:41.095 I/vold    (  473): debug reserved-space Completed to read stats info /system
10-21 15:40:41.095 I/vold    (  473): debug reserved-space Total: 484191 free: 17837 avail: 13741 blksize: 4096
10-21 15:40:41.095 I/vold    (  473): debug reserved-space Completed to read stats info /vendor
10-21 15:40:41.095 I/vold    (  473): debug reserved-space Total: 148366 free: 28476 avail: 25413 blksize: 4096
10-21 15:40:41.095 I/vold    (  473): debug reserved-space Completed to read stats info /odm
10-21 15:40:41.096 I/vold    (  473): debug reserved-space Total: 30699 free: 1678 avail: 1034 blksize: 4096
10-21 15:40:41.096 I/vold    (  473): debug reserved-space Completed to read stats info /version
10-21 15:40:41.096 I/vold    (  473): debug reserved-space Total: 6888 free: 1476 avail: 1316 blksize: 4096
10-21 15:40:41.096 I/vold    (  473): debug reserved-space Completed to read stats info /product
10-21 15:40:41.096 I/vold    (  473): debug reserved-space Total: 46567 free: 24607 avail: 23640 blksize: 4096
10-21 15:40:41.096 I/vold    (  473): debug reserved-space Completed to read stats info /cust
10-21 15:40:41.096 I/vold    (  473): debug reserved-space Total: 46567 free: 3633 avail: 2666 blksize: 4096
10-21 15:40:41.096 E/vold    (  473): debug reserved-space Failed to read stats info /sec_storage: Permission denied
10-21 15:40:41.096 I/vold    (  473): debug reserved-space Completed to read stats info /patch_hw
10-21 15:40:41.096 I/vold    (  473): debug reserved-space Total: 6898 free: 6869 avail: 6708 blksize: 4096
10-21 15:40:41.096 I/vold    (  473): debug reserved-space Completed to read stats info /splash2
10-21 15:40:41.096 I/vold    (  473): debug reserved-space Total: 60389 free: 23703 avail: 22393 blksize: 1024
10-21 15:40:41.096 I/vold    (  473): debug reserved-space Completed to read stats info /cache
10-21 15:40:41.096 I/vold    (  473): debug reserved-space Total: 31228 free: 31211 avail: 30556 blksize: 4096
10-21 15:40:41.096 I/vold    (  473): debug reserved-space Completed to read stats info /3rdmodem
10-21 15:40:41.096 I/vold    (  473): debug reserved-space Total: 60389 free: 55406 avail: 54096 blksize: 1024
10-21 15:40:41.096 E/vold    (  473): debug reserved-space Failed to read stats info /3rdmodemnvm: Permission denied
10-21 15:40:41.096 E/vold    (  473): debug reserved-space Failed to read stats info /3rdmodemnvmbkp: Permission denied
10-21 15:40:41.096 E/vold    (  473): debug reserved-space Failed to read stats info /mnvm2:0: Permission denied
10-21 15:40:41.096 E/vold    (  473): debug reserved-space Failed to read stats info /modem_log: Permission denied
10-21 15:40:41.096 I/vold    (  473): debug reserved-space taget blocks: 524288 ext4 blocks:135563ovp_blocks:388725
10-21 15:40:41.096 I/vold    (  473): debug reserved-space end to read stats info
10-21 15:40:41.096 I/vold    (  473): debug reserved-space sysfs_ovp: /sys/fs/f2fs/dm-7/ovp_reserved_blocks
10-21 15:40:41.096 E/vold    (  473): debug reserved-space Failed to open /sys/fs/f2fs/dm-7/ovp_reserved_blocks: No such file or directory
10-21 15:40:41.112 D/ActivityThread( 2359): ActivityThread,attachApplication
10-21 15:40:41.150 D/ActivityThread( 2373): ActivityThread,attachApplication
10-21 15:40:41.215 D/ActivityThread( 2394): ActivityThread,attachApplication
10-21 15:40:41.315 D/ActivityThread( 2418): ActivityThread,attachApplication
10-21 15:40:41.398 I/Telephony-PstnPhoneCapabilitiesNotifier( 1832): handleVideoCapabilitesChanged. Video capability - false
10-21 15:40:41.407 D/ActivityThread( 2439): ActivityThread,attachApplication
10-21 15:40:41.424 D/ActivityThread( 2449): ActivityThread,attachApplication
10-21 15:40:41.449 D/ActivityThread( 2469): ActivityThread,attachApplication
10-21 15:40:41.462 D/ActivityThread( 2488): ActivityThread,attachApplication
10-21 15:40:41.482 D/ActivityThread( 2501): ActivityThread,attachApplication
10-21 15:40:41.521 D/Telephony-TelecomAccountRegistry( 1832): onServiceStateChanged0 newState : 1, mServiceState : 3
10-21 15:40:41.552 D/ActivityThread( 2535): ActivityThread,attachApplication
10-21 15:40:41.583 D/ActivityThread( 2564): ActivityThread,attachApplication
10-21 15:40:41.584 I/chatty  ( 1151): uid=1000(system) Binder:1151_E expire 52 lines
10-21 15:40:41.593 I/chatty  ( 1151): uid=1000(system) tworkPolicy.uid expire 2 lines
10-21 15:40:41.646 D/ActivityThread( 2599): ActivityThread,attachApplication
10-21 15:40:41.669 D/Telephony-TelecomAccountRegistry( 1832): onServiceStateChanged1 newState : 1, mServiceState : 1
10-21 15:40:41.684 I/chatty  ( 1151): uid=1000(system) backup expire 1 line
10-21 15:40:41.734 I/chatty  ( 1151): uid=1000(system) HwSmartDisplayS expire 1 line
10-21 15:40:41.771 D/ActivityThread( 2629): ActivityThread,attachApplication
10-21 15:40:41.818 I/chatty  ( 1151): uid=1000(system) Binder:1151_D expire 24 lines
10-21 15:40:41.862 D/Telephony-TelecomAccountRegistry( 1832): onServiceStateChanged1 newState : 1, mServiceState : 1
10-21 15:40:41.900 D/ActivityThread( 2671): ActivityThread,attachApplication
10-21 15:40:41.917 I/chatty  ( 1151): uid=1000(system) Binder:1151_C expire 32 lines
10-21 15:40:41.935 D/ActivityThread( 2700): ActivityThread,attachApplication
10-21 15:40:41.982 D/ActivityThread( 2716): ActivityThread,attachApplication
10-21 15:40:41.998 D/Telephony-TelecomAccountRegistry( 1832): onServiceStateChanged1 newState : 1, mServiceState : 1
10-21 15:40:42.028 D/ActivityThread( 2737): ActivityThread,attachApplication
10-21 15:40:42.034 I/chatty  ( 1151): uid=1000(system) SceneRecognitio expire 1 line
10-21 15:40:42.091 D/ActivityThread( 2757): ActivityThread,attachApplication
10-21 15:40:42.178 D/ActivityThread( 2780): ActivityThread,attachApplication
10-21 15:40:42.203 D/ActivityThread( 2797): ActivityThread,attachApplication
10-21 15:40:42.206 W/ContextImpl( 2469): Calling a method in the system process without a qualified user: android.app.ContextImpl.bindService:1736 android.content.ContextWrapper.bindService:678 com.huawei.nb.dataservice.dsclient.RemoteServiceConnection.open:90 com.huawei.nb.dataservice.dsclient.DataServiceProxy.connect:105 com.huawei.nb.dataservice.rsclient.internal.RemoteRuleService.start:27 
10-21 15:40:42.296 D/ActivityThread( 2830): ActivityThread,attachApplication
10-21 15:40:42.346 D/ActivityThread( 2844): ActivityThread,attachApplication
10-21 15:40:42.392 W/ContextImpl( 2469): Calling a method in the system process without a qualified user: android.app.ContextImpl.bindService:1736 android.content.ContextWrapper.bindService:678 com.huawei.nb.dataservice.dsclient.RemoteServiceConnection.open:90 com.huawei.nb.dataservice.dsclient.DataServiceProxy.connect:105 com.huawei.nb.dataservice.rsclient.internal.RemoteRuleService.start:27 
10-21 15:40:42.435 I/chatty  ( 1151): uid=1000(system) Binder:1151_11 expire 50 lines
10-21 15:40:42.443 W/ContextImpl( 2469): Calling a method in the system process without a qualified user: android.app.ContextImpl.bindService:1736 android.content.ContextWrapper.bindService:678 com.huawei.nb.dataservice.dsclient.RemoteServiceConnection.open:90 com.huawei.nb.dataservice.dsclient.DataServiceProxy.connect:105 com.huawei.nb.dataservice.rsclient.internal.RemoteRuleService.start:27 
10-21 15:40:42.468 D/ActivityThread( 2899): ActivityThread,attachApplication
10-21 15:40:42.543 I/chatty  ( 1151): uid=1000(system) Binder:1151_F expire 31 lines
10-21 15:40:42.569 D/ActivityThread( 2918): ActivityThread,attachApplication
10-21 15:40:42.628 D/ActivityThread( 2947): ActivityThread,attachApplication
10-21 15:40:42.644 W/SettingsEx( 2780): SettingsEx.Systemex.getLong deprecated use Settings.System.getLong instead ;callers=com.huawei.iconnect.ConnectService.init:194 com.huawei.iconnect.ConnectService.-wrap8:0 com.huawei.iconnect.ConnectService$ServiceHandler.handleMessage:1009 
10-21 15:40:42.663 W/SettingsEx( 2780): SettingsEx.Systemex.getLong deprecated use Settings.System.getLong instead ;callers=com.huawei.iconnect.ConnectService.init:195 com.huawei.iconnect.ConnectService.-wrap8:0 com.huawei.iconnect.ConnectService$ServiceHandler.handleMessage:1009 
10-21 15:40:42.664 W/SettingsEx( 2780): SettingsEx.Systemex.getInt deprecated use Settings.System.getInt instead ;callers=com.huawei.iconnect.cache.CachedTrackedDevices.init:80 com.huawei.iconnect.cache.CachedTrackedDevices.<init>:65 com.huawei.iconnect.ConnectService.init:199 
10-21 15:40:42.665 W/SettingsEx( 2780): SettingsEx.Systemex.getLong deprecated use Settings.System.getLong instead ;callers=com.huawei.iconnect.cache.CachedTrackedDevices.init:81 com.huawei.iconnect.cache.CachedTrackedDevices.<init>:65 com.huawei.iconnect.ConnectService.init:199 
10-21 15:40:42.699 I/chatty  ( 1151): uid=1000(system) Binder:1151_B expire 16 lines
10-21 15:40:42.721 I/chatty  ( 1151): uid=1000 system_server expire 2 lines
10-21 15:40:42.842 D/ActivityThread( 3033): ActivityThread,attachApplication
10-21 15:40:43.012 I/chatty  ( 1151): uid=1000(system) Binder:1151_12 expire 33 lines
10-21 15:40:43.189 D/ActivityThread( 3071): ActivityThread,attachApplication
10-21 15:40:43.190 W/DE J ImageProcessorAlgoStrategy( 3033): [effect] getXmlPath() error! can't find xml file.display/effect/algorithm/imageprocessor/ImageProcessStrategy.xml
10-21 15:40:43.190 W/DE J ImageProcessorAlgoStrategy( 3033): [effect] parseXml() error! xmlPath is null
10-21 15:40:43.216 W/DE J ImageProcessorAlgoImpl( 3033): [effect] initAlgoXmlPath() error! can't find:__tp______________________________________tp_____________________________________tp____________J.xml or EVA-__tp______________________________________tp_____________________________________tp____________J.xml
10-21 15:40:43.351 D/ActivityThread( 3118): ActivityThread,attachApplication
10-21 15:40:43.396 W/ContextImpl( 2019): Calling a method in the system process without a qualified user: android.app.ContextImpl.startService:1656 android.content.ContextWrapper.startService:644 android.content.ContextWrapper.startService:644 com.huawei.systemmanager.service.MainReceiver.handleBootComplete:57 com.huawei.systemmanager.service.MainReceiver.onReceive:37 
10-21 15:40:43.397 W/ContextImpl( 2019): Calling a method in the system process without a qualified user: android.app.ContextImpl.startService:1656 android.content.ContextWrapper.startService:644 android.content.ContextWrapper.startService:644 com.huawei.systemmanager.service.MainReceiver.handleBootComplete:62 com.huawei.systemmanager.service.MainReceiver.onReceive:37 
10-21 15:40:43.419 D/ActivityThread( 3144): ActivityThread,attachApplication
10-21 15:40:43.482 D/ActivityThread( 3166): ActivityThread,attachApplication
10-21 15:40:43.500 D/ActivityThread( 3182): ActivityThread,attachApplication
10-21 15:40:43.630 W/ContextImpl( 3144): Calling a method in the system process without a qualified user: android.app.ContextImpl.startService:1656 android.content.ContextWrapper.startService:644 com.huawei.systemmanager.SystemManagerApplication.startMainService:342 com.huawei.systemmanager.SystemManagerApplication.startServices:189 com.huawei.systemmanager.SystemManagerApplication.onCreate:126 
10-21 15:40:43.633 W/ContextImpl( 3144): Calling a method in the system process without a qualified user: android.app.ContextImpl.startService:1656 android.content.ContextWrapper.startService:644 com.huawei.systemmanager.SystemManagerApplication.startPermissionService:267 com.huawei.systemmanager.SystemManagerApplication.startServices:190 com.huawei.systemmanager.SystemManagerApplication.onCreate:126 
10-21 15:40:43.639 W/ContextImpl( 3144): Calling a method in the system process without a qualified user: android.app.ContextImpl.startService:1656 android.content.ContextWrapper.startService:644 com.huawei.systemmanager.SystemManagerApplication.startBgStaticsService:288 com.huawei.systemmanager.SystemManagerApplication.startServices:195 com.huawei.systemmanager.SystemManagerApplication.onCreate:126 
10-21 15:40:43.642 W/ContextImpl( 3144): Calling a method in the system process without a qualified user: android.app.ContextImpl.startService:1656 android.content.ContextWrapper.startService:644 com.huawei.systemmanager.SystemManagerApplication.startDeviceStorageMonitorService:295 com.huawei.systemmanager.SystemManagerApplication.startServices:197 com.huawei.systemmanager.SystemManagerApplication.onCreate:126 
10-21 15:40:43.644 W/ContextImpl( 3144): Calling a method in the system process without a qualified user: android.app.ContextImpl.startService:1656 android.content.ContextWrapper.startService:644 com.huawei.systemmanager.SystemManagerApplication.startSpaceCleanService:316 com.huawei.systemmanager.SystemManagerApplication.startServices:201 com.huawei.systemmanager.SystemManagerApplication.onCreate:126 
10-21 15:40:43.645 W/ContextImpl( 3144): Calling a method in the system process without a qualified user: android.app.ContextImpl.startService:1656 android.content.ContextWrapper.startService:644 com.huawei.systemmanager.SystemManagerApplication.startSmartControlResidentService:326 com.huawei.systemmanager.SystemManagerApplication.startServices:204 com.huawei.systemmanager.SystemManagerApplication.onCreate:126 
10-21 15:40:43.647 W/ContextImpl( 3144): Calling a method in the system process without a qualified user: android.app.ContextImpl.startService:1656 android.content.ContextWrapper.startService:644 com.huawei.systemmanager.SystemManagerApplication.startAntivirusService:331 com.huawei.systemmanager.SystemManagerApplication.startServices:205 com.huawei.systemmanager.SystemManagerApplication.onCreate:126 
10-21 15:40:43.651 W/ContextImpl( 3144): Calling a method in the system process without a qualified user: android.app.ContextImpl.startService:1656 android.content.ContextWrapper.startService:644 com.huawei.systemmanager.SystemManagerApplication.startCoreService:226 com.huawei.systemmanager.SystemManagerApplication.startServices:207 com.huawei.systemmanager.SystemManagerApplication.onCreate:126 
10-21 15:40:43.732 W/ContextImpl( 3144): Calling a method in the system process without a qualified user: android.app.ContextImpl.bindService:1736 android.content.ContextWrapper.bindService:678 com.huawei.systemmanager.hsmstat.HsmStatProxy.bindService:263 com.huawei.systemmanager.hsmstat.HsmStatProxy.-wrap0:0 com.huawei.systemmanager.hsmstat.HsmStatProxy$1.handleMessage:65 
10-21 15:40:43.746 D/ActivityThread( 3222): ActivityThread,attachApplication
10-21 15:40:43.778 W/ContextImpl( 3144): Calling a method in the system process without a qualified user: android.app.ContextImpl.startService:1656 android.content.ContextWrapper.startService:644 tmsdk.common.TMSDKContext.start:153 tmsdk.common.TMSDKContext.access$000:0 tmsdk.common.TMSDKContext$1.run:0 
10-21 15:40:44.050 W/ContextImpl( 1777): Calling a method in the system process without a qualified user: android.app.ContextImpl.bindService:1736 android.content.ContextWrapper.bindService:678 com.huawei.android.chr.hisi.HisiModemInfoCollector.<init>:213 com.huawei.android.chr.ModemInfoCollectorFactory.make:24 com.huawei.android.chr.HwChrApplication.onCreate:62 
10-21 15:40:44.062 W/ContextImpl( 1777): Calling a method in the system process without a qualified user: android.app.ContextImpl.bindService:1736 android.content.ContextWrapper.bindService:678 com.huawei.android.chr.statistics.TelStatusManager.<init>:62 com.huawei.android.chr.statistics.TelStatusManager.make:48 com.huawei.android.chr.HwChrApplication.onCreate:63 
10-21 15:40:44.073 W/ContextImpl( 1777): Calling a method in the system process without a qualified user: android.app.ContextImpl.bindService:1736 com.huawei.mdlog.MdlogManager.<init>:38 com.huawei.mdlog.MdlogManager.make:46 com.huawei.android.chr.HwChrApplication.onCreate:64 android.app.Instrumentation.callApplicationOnCreate:1122 
10-21 15:40:44.078 W/ContextImpl( 1777): Calling a method in the system process without a qualified user: android.app.ContextImpl.bindService:1736 android.content.ContextWrapper.bindService:678 com.huawei.android.chr.hisi.rilchrtunnel.RilMsgTunnelManager.<init>:111 com.huawei.android.chr.hisi.rilchrtunnel.RilMsgTunnelManager.make:135 com.huawei.android.chr.HwChrApplication.onCreate:66 
10-21 15:40:44.113 W/ContextImpl( 1777): Calling a method in the system process without a qualified user: android.app.ContextImpl.bindService:1736 android.content.ContextWrapper.bindService:678 com.huawei.android.chr.logcollectservice.ChrLogManager.<init>:63 com.huawei.android.chr.logcollectservice.ChrLogManager.make:38 com.huawei.android.chr.HwChrApplication.onCreate:68 
10-21 15:40:44.119 W/ContextImpl( 1777): Calling a method in the system process without a qualified user: android.app.ContextImpl.startService:1656 android.content.ContextWrapper.startService:644 android.content.ContextWrapper.startService:644 com.huawei.mdlog.MdlogBootReceiver.onReceive:40 android.app.ActivityThread.handleReceiver:3804 
10-21 15:40:44.135 W/ContextImpl( 1818): Calling a method in the system process without a qualified user: android.app.ContextImpl.startService:1656 android.content.ContextWrapper.startService:644 android.content.ContextWrapper.startService:644 com.huawei.android.hwaps.AutoRunReceiver.onReceive:43 android.app.ActivityThread.handleReceiver:3804 
10-21 15:40:44.214 W/ContextImpl( 1777): Calling a method in the system process without a qualified user: android.app.ContextImpl.startService:1656 android.content.ContextWrapper.startService:644 com.huawei.lcagent.client.LogCollectManager.bindToService:332 com.huawei.lcagent.client.LogCollectManager.<init>:43 com.huawei.mdlog.MdlogService.onCreate:407 
10-21 15:40:44.215 W/ContextImpl( 1777): Calling a method in the system process without a qualified user: android.app.ContextImpl.bindService:1736 android.content.ContextWrapper.bindService:678 com.huawei.lcagent.client.LogCollectManager.bindToService:336 com.huawei.lcagent.client.LogCollectManager.<init>:43 com.huawei.mdlog.MdlogService.onCreate:407 
10-21 15:40:44.286 W/ContextImpl( 1777): Calling a method in the system process without a qualified user: android.app.ContextImpl.sendBroadcast:1095 com.huawei.android.chr.statistics.TelStatusService.updateSimStatInfoDB:583 com.huawei.android.chr.statistics.TelStatusService.onSimStateChanged:614 com.huawei.android.chr.statistics.TelStatusService.-wrap0:0 com.huawei.android.chr.statistics.TelStatusService$1.onReceive:76 
10-21 15:40:44.291 W/ContextImpl( 1777): Calling a method in the system process without a qualified user: android.app.ContextImpl.startService:1656 android.content.ContextWrapper.startService:644 com.huawei.lcagent.client.LogCollectManager.bindToService:332 com.huawei.lcagent.client.LogCollectManager.<init>:37 com.huawei.android.chr.ProtocolLogManager.init:141 
10-21 15:40:44.292 W/ContextImpl( 1777): Calling a method in the system process without a qualified user: android.app.ContextImpl.bindService:1736 android.content.ContextWrapper.bindService:678 com.huawei.lcagent.client.LogCollectManager.bindToService:336 com.huawei.lcagent.client.LogCollectManager.<init>:37 com.huawei.android.chr.ProtocolLogManager.init:141 
10-21 15:40:44.317 W/SettingsEx( 1777): SettingsEx.Systemex.getString deprecated use Settings.System.getString instead ;callers=com.huawei.android.chr.dataservice.ChrDataServiceTracker.initChrReportAppPackage:991 com.huawei.android.chr.dataservice.ChrDataServiceTracker.<init>:194 com.huawei.android.chr.dataservice.ChrDataService.<init>:188 
10-21 15:40:44.374 W/ContextImpl( 1777): Calling a method in the system process without a qualified user: android.app.ContextImpl.startService:1656 android.content.ContextWrapper.startService:644 com.huawei.lcagent.client.LogCollectManager.bindToService:332 com.huawei.lcagent.client.LogCollectManager.<init>:43 com.huawei.android.chr.hifi.ChrHifi.<init>:80 
10-21 15:40:44.389 W/ContextImpl( 1777): Calling a method in the system process without a qualified user: android.app.ContextImpl.bindService:1736 android.content.ContextWrapper.bindService:678 com.huawei.lcagent.client.LogCollectManager.bindToService:336 com.huawei.lcagent.client.LogCollectManager.<init>:43 com.huawei.android.chr.hifi.ChrHifi.<init>:80 
10-21 15:40:44.555 W/ContextImpl( 1804): Calling a method in the system process without a qualified user: android.app.ContextImpl.startService:1656 android.content.ContextWrapper.startService:644 android.content.ContextWrapper.startService:644 com.huawei.ca.service.AutoBootReceiver.onReceive:29 android.app.ActivityThread.handleReceiver:3804 
10-21 15:40:44.576 W/ContextImpl( 1777): Calling a method in the system process without a qualified user: android.app.ContextImpl.startService:1656 android.content.ContextWrapper.startService:644 android.content.ContextWrapper.startService:644 com.huawei.lcagent.service.LogBroadcastReceiver.onReceive:57 android.app.ActivityThread.handleReceiver:3804 
10-21 15:40:44.577 W/ContextImpl( 1777): Calling a method in the system process without a qualified user: android.app.ContextImpl.startService:1656 android.content.ContextWrapper.startService:644 android.content.ContextWrapper.startService:644 com.huawei.lcagent.service.LogBroadcastReceiver.onReceive:61 android.app.ActivityThread.handleReceiver:3804 
10-21 15:40:44.608 W/ContextImpl( 2469): Calling a method in the system process without a qualified user: android.app.ContextImpl.bindService:1736 android.content.ContextWrapper.bindService:678 com.huawei.nb.dataservice.dsclient.RemoteServiceConnection.open:90 com.huawei.nb.dataservice.dsclient.DataServiceProxy.connect:105 com.huawei.nb.dataservice.rsclient.internal.RemoteRuleService.start:27 
10-21 15:40:44.646 D/ActivityThread( 3368): ActivityThread,attachApplication
10-21 15:40:44.674 D/ActivityThread( 3386): ActivityThread,attachApplication
10-21 15:40:44.719 D/Telephony-TelecomAccountRegistry( 1832): onServiceStateChanged0 newState : 1, mServiceState : 1
10-21 15:40:44.803 W/ContextImpl( 3368): Calling a method in the system process without a qualified user: android.app.ContextImpl.startService:1656 android.content.ContextWrapper.startService:644 android.content.ContextWrapper.startService:644 com.huawei.hwonlineprovisionservice.receiver.HwOnlineProvisionReceiver.startHwOnlineProvisionService:34 com.huawei.hwonlineprovisionservice.receiver.HwOnlineProvisionReceiver.onReceive:24 
10-21 15:40:44.813 I/chatty  ( 1151): uid=1000(system) sManagerService expire 1 line
10-21 15:40:44.813 I/BootBroadcastReceiver( 1804): startFindMyPhoneService return findmyphone is 0
10-21 15:40:44.847 W/ContextImpl( 1790): Calling a method in the system process without a qualified user: android.app.ContextImpl.bindService:1736 android.content.ContextWrapper.bindService:678 com.huawei.android.location.activityrecognition.HwActivityRecognition.bindService:1117 com.huawei.android.location.activityrecognition.HwActivityRecognition.connectService:146 com.huawei.msdp.devicestatus.HwMSDPDeviceStatusServiceProxy.initStillStatusService:232 
10-21 15:40:44.977 D/ActivityThread( 3442): ActivityThread,attachApplication
10-21 15:40:45.430 E/ActivityThread( 3442): Failed to find provider info for com.tencent.mm.coolassist.debugprovider
10-21 15:40:45.971 D/ActivityThread( 3503): ActivityThread,attachApplication
10-21 15:40:46.550 D/ActivityThread( 3554): ActivityThread,attachApplication
10-21 15:40:46.583 I/chatty  ( 1151): uid=1000 system_server expire 4 lines
10-21 15:40:47.059 I/chatty  ( 1151): uid=1000(system) android.ui expire 3 lines
10-21 15:40:47.074 D/ActivityThread( 3588): ActivityThread,attachApplication
10-21 15:40:47.949 W/ContextImpl( 1475): Calling a method in the system process without a qualified user: android.app.ContextImpl.startService:1656 android.content.ContextWrapper.startService:644 android.content.ContextWrapper.startService:644 com.android.settings.bluetooth.DockEventReceiver.beginStartingService:161 com.android.settings.bluetooth.DockEventReceiver.onReceive:141 
10-21 15:40:48.069 D/VoldCmdListener(  473): sdlock poll
10-21 15:40:48.069 I/        (  473): poll
10-21 15:40:48.070 E/        (  473): failed to get lockable path
10-21 15:40:48.074 I/chatty  ( 1151): uid=1000(system) HwSdLockService expire 1 line
10-21 15:40:48.158 I/chatty  ( 1151): uid=1000 system_server expire 8 lines
10-21 15:40:49.016 W/ContextImpl( 2019): Calling a method in the system process without a qualified user: android.app.ContextImpl.startService:1656 android.content.ContextWrapper.startService:644 android.content.ContextWrapper.startService:644 com.huawei.systemmanager.service.MainReceiver.onReceive:43 android.app.ActivityThread.handleReceiver:3804 
10-21 15:40:49.072 I/chatty  ( 1151): uid=1000(system) StorageManagerS expire 6 lines
10-21 15:40:49.073 D/VoldCmdListener(  473): volume bootcompleted
10-21 15:40:49.076 I/        (  473): receive bootcompleted and report_sd_error()  startup_notified=0 kMajorBlockSd=0 kMinorBlockSd=0.
10-21 15:40:49.078 I/chatty  ( 1151): uid=1000(system) VoldConnector expire 3 lines
10-21 15:40:49.082 I/chatty  ( 1151): uid=1000 system_server expire 85 lines
10-21 15:40:49.160 I/chatty  ( 1151): uid=1000(system) AsyncQueryWorke expire 3 lines
10-21 15:40:49.239 D/ActivityThread( 3700): ActivityThread,attachApplication
10-21 15:40:49.669 D/ActivityThread( 3730): ActivityThread,attachApplication
10-21 15:40:49.844 D/ActivityThread( 3754): ActivityThread,attachApplication
10-21 15:40:49.938 D/ActivityThread( 3772): ActivityThread,attachApplication
10-21 15:40:50.333 I/chatty  ( 1151): uid=1000(system) ActivityManager expire 19 lines
10-21 15:40:50.384 D/ActivityThread( 3809): ActivityThread,attachApplication
10-21 15:40:50.463 D/ActivityThread( 3830): ActivityThread,attachApplication
10-21 15:40:50.471 I/        ( 3809): RegisterNatives OK!
10-21 15:40:50.829 W/ContextImpl( 1475): Calling a method in the system process without a qualified user: android.app.ContextImpl.startService:1656 android.content.ContextWrapper.startService:644 android.content.ContextWrapper.startService:644 com.android.settings.applications.BlackListReceiver.onReceive:27 android.app.ActivityThread.handleReceiver:3804 
10-21 15:40:50.915 D/ActivityThread( 3859): ActivityThread,attachApplication
10-21 15:40:50.940 I/chatty  ( 1151): uid=1000(system) android.bg expire 9 lines
10-21 15:40:51.216 I/chatty  ( 1151): uid=1000(system) PhotonicModulat expire 2 lines
10-21 15:40:51.217 I/chatty  ( 1151): uid=1000(system) android.display expire 7 lines
10-21 15:40:51.271 I/vold    (  473): TrimTask running tasks: 0
10-21 15:40:51.596 I/chatty  ( 1151): uid=1000(system) NetdConnector expire 10 lines
10-21 15:40:52.257 D/ActivityThread( 3977): ActivityThread,attachApplication
10-21 15:40:52.478 D/ActivityThread( 4017): ActivityThread,attachApplication
10-21 15:40:52.624 D/ActivityThread( 4045): ActivityThread,attachApplication
10-21 15:40:52.944 I/chatty  ( 1151): uid=1000(system) Binder:1151_F expire 7 lines
10-21 15:40:52.969 D/ActivityThread( 4109): ActivityThread,attachApplication
10-21 15:40:53.130 W/ContextImpl( 1777): Calling a method in the system process without a qualified user: android.app.ContextImpl.startService:1656 android.content.ContextWrapper.startService:644 android.content.ContextWrapper.startService:644 com.huawei.mdlog.MdlogBootReceiver.onReceive:44 android.app.ActivityThread.handleReceiver:3804 
10-21 15:40:53.131 I/chatty  ( 1151): uid=1000(system) Binder:1151_13 expire 27 lines
10-21 15:40:53.172 D/ActivityThread( 4151): ActivityThread,attachApplication
10-21 15:40:53.387 D/ActivityThread( 4192): ActivityThread,attachApplication
10-21 15:40:53.542 I/chatty  ( 1151): uid=1000(system) Binder:1151_6 expire 23 lines
10-21 15:40:53.569 D/ActivityThread( 4236): ActivityThread,attachApplication
10-21 15:40:53.630 I/chatty  ( 1151): uid=1000(system) Binder:1151_3 expire 40 lines
10-21 15:40:54.868 D/ActivityThread( 4401): ActivityThread,attachApplication
10-21 15:40:54.971 D/ActivityThread( 4422): ActivityThread,attachApplication
10-21 15:40:55.427 I/chatty  ( 1151): uid=1000(system) Binder:1151_12 expire 10 lines
10-21 15:40:55.439 D/ActivityThread( 4447): ActivityThread,attachApplication
10-21 15:40:55.449 I/chatty  ( 1151): uid=1000(system) Binder:1151_11 expire 18 lines
10-21 15:40:55.612 I/chatty  ( 1151): uid=1000(system) Binder:1151_E expire 13 lines
10-21 15:40:55.685 D/ActivityThread( 4488): ActivityThread,attachApplication
10-21 15:40:55.992 D/ActivityThread( 4512): ActivityThread,attachApplication
10-21 15:40:56.129 W/ContextImpl( 1804): Calling a method in the system process without a qualified user: android.app.ContextImpl.startService:1656 android.content.ContextWrapper.startService:644 android.content.ContextWrapper.startService:644 com.huawei.motionservice.motionexception.MotionBootReceiver.onReceive:58 android.app.ActivityThread.handleReceiver:3804 
10-21 15:40:56.250 D/ActivityThread( 4536): ActivityThread,attachApplication
10-21 15:40:56.717 W/ContextImpl( 2469): Calling a method in the system process without a qualified user: android.app.ContextImpl.startService:1656 android.content.ContextWrapper.startService:644 com.huawei.recsys.service.ServiceHelper.startHwRecSysService:112 com.huawei.recsys.broadcast.setting.BootCompletedReceiver.onReceive:52 android.app.ActivityThread.handleReceiver:3804 
10-21 15:40:56.755 W/ContextImpl( 2469): Calling a method in the system process without a qualified user: android.app.ContextImpl.bindService:1736 android.content.ContextWrapper.bindService:678 com.huawei.recsys.controller.scene.weather.WeatherController.bindWeatherService:150 com.huawei.recsys.controller.scene.weather.WeatherController.doInit:81 com.huawei.recsys.controller.ControllerManager.getController:106 
10-21 15:40:56.772 W/ContextImpl( 2469): Calling a method in the system process without a qualified user: android.app.ContextImpl.bindService:1736 android.content.ContextWrapper.bindService:678 com.huawei.android.location.activityrecognition.HwActivityRecognition.bindService:1117 com.huawei.android.location.activityrecognition.HwActivityRecognition.connectService:146 com.huawei.recsys.controller.scene.health.HealthController.doInit:52 
10-21 15:40:56.871 W/ContextImpl( 3144): Calling a method in the system process without a qualified user: android.app.ContextImpl.startService:1656 android.content.ContextWrapper.startService:644 android.content.ContextWrapper.startService:644 com.huawei.permissionmanager.ui.ComBroadcastReceiver.onReceive:75 android.app.ActivityThread.handleReceiver:3804 
10-21 15:40:56.939 W/ContextImpl( 3144): Calling a method in the system process without a qualified user: android.app.ContextImpl.startService:1656 android.content.ContextWrapper.startService:644 com.huawei.systemmanager.spacecleanner.receiver.SpaceCleanReceiver.checkRarelyUsedApp:87 com.huawei.systemmanager.spacecleanner.receiver.SpaceCleanReceiver.doInBackground:39 java.lang.reflect.Method.invoke:-2 
10-21 15:40:57.003 D/ActivityThread( 4586): ActivityThread,attachApplication
10-21 15:40:57.098 W/ContextImpl( 2469): Calling a method in the system process without a qualified user: android.app.ContextImpl.bindService:1736 android.content.ContextWrapper.bindService:678 com.huawei.nb.dataservice.dsclient.RemoteServiceConnection.open:90 com.huawei.nb.dataservice.dsclient.DataServiceProxy.connect:105 com.huawei.nb.dataservice.rsclient.internal.RemoteRuleService.start:27 
10-21 15:40:57.904 I/chatty  ( 1151): uid=1000(system) UEventObserver expire 10 lines
10-21 15:40:59.247 I/chatty  ( 1151): uid=1000(system) Binder:1151_5 expire 23 lines
10-21 15:40:59.279 I/chatty  ( 1151): uid=1000(system) Binder:1151_C expire 24 lines
10-21 15:40:59.349 D/ActivityThread( 4649): ActivityThread,attachApplication
10-21 15:40:59.382 I/chatty  ( 1151): uid=1000(system) Binder:1151_B expire 19 lines
10-21 15:40:59.382 I/chatty  ( 1151): uid=1000(system) Binder:1151_A expire 25 lines
10-21 15:40:59.383 I/chatty  ( 1151): uid=1000(system) ConnectivitySer expire 20 lines
10-21 15:40:59.384 I/chatty  ( 1151): uid=1000(system) Binder:1151_1 expire 5 lines
10-21 15:40:59.471 D/ActivityThread( 4669): ActivityThread,attachApplication
10-21 15:40:59.510 I/chatty  ( 1151): uid=1000(system) Binder:1151_7 expire 18 lines
10-21 15:40:59.955 D/ActivityThread( 4691): ActivityThread,attachApplication
10-21 15:41:00.058 D/ActivityThread( 4709): ActivityThread,attachApplication
10-21 15:41:00.129 D/PolicyManager( 1804): initPolicy from xml.  white list size =196  control path list size =5
10-21 15:41:00.130 E/PolicyManager( 1804): keySet = 1
10-21 15:41:00.250 E/ActivityThread( 4709): Failed to find provider info for com.tencent.mm.coolassist.debugprovider
10-21 15:41:00.996 D/ActivityThread( 4763): ActivityThread,attachApplication
10-21 15:41:01.024 D/ActivityThread( 4776): ActivityThread,attachApplication
10-21 15:41:01.046 I/chatty  ( 1151): uid=1000(system) Binder:1151_14 expire 21 lines
10-21 15:41:01.052 D/ActivityThread( 4793): ActivityThread,attachApplication
10-21 15:41:01.233 E/ActivityThread( 4763): Failed to find provider info for com.tencent.mm.coolassist.debugprovider
10-21 15:41:01.261 W/DE J ImageProcessorAlgoStrategy( 4793): [effect] getXmlPath() error! can't find xml file.display/effect/algorithm/imageprocessor/ImageProcessStrategy.xml
10-21 15:41:01.261 W/DE J ImageProcessorAlgoStrategy( 4793): [effect] parseXml() error! xmlPath is null
10-21 15:41:01.295 W/DE J ImageProcessorAlgoImpl( 4793): [effect] initAlgoXmlPath() error! can't find:__tp______________________________________tp_____________________________________tp____________J.xml or EVA-__tp______________________________________tp_____________________________________tp____________J.xml
10-21 15:41:02.102 D/ActivityThread( 4885): ActivityThread,attachApplication
10-21 15:41:02.261 I/chatty  ( 1151): uid=1000(system) Binder:1151_8 expire 33 lines
10-21 15:41:02.283 D/ActivityThread( 4924): ActivityThread,attachApplication
10-21 15:41:02.512 D/ActivityThread( 4957): ActivityThread,attachApplication
10-21 15:41:02.524 I/chatty  ( 1151): uid=1000(system) Binder:1151_9 expire 11 lines
10-21 15:41:02.650 D/ActivityThread( 4975): ActivityThread,attachApplication
10-21 15:41:02.779 I/chatty  ( 1151): uid=1000(system) Binder:1151_15 expire 25 lines
10-21 15:41:02.818 D/ActivityThread( 5003): ActivityThread,attachApplication
10-21 15:41:03.037 D/ActivityThread( 5023): ActivityThread,attachApplication
10-21 15:41:03.227 D/ActivityThread( 5050): ActivityThread,attachApplication
10-21 15:41:03.444 I/chatty  ( 5069): uid=1000(system) expire 11 lines
10-21 15:41:03.770 D/ActivityThread( 5092): ActivityThread,attachApplication
10-21 15:41:03.893 I/chatty  ( 1151): uid=1000 system_server expire 44 lines
10-21 15:41:03.939 I/chatty  ( 1151): uid=1000(system) Binder:1151_6 expire 22 lines
10-21 15:41:03.977 D/ActivityThread( 5116): ActivityThread,attachApplication
10-21 15:41:04.191 E/ActivityThread( 5116): Failed to find provider info for com.tencent.mm.coolassist.debugprovider
10-21 15:41:05.406 D/ActivityThread( 5202): ActivityThread,attachApplication
10-21 15:41:05.864 I/chatty  ( 1151): uid=1000(system) Binder:1151_16 expire 24 lines
10-21 15:41:05.889 I/chatty  ( 1151): uid=1000(system) ActivityManager expire 10 lines
10-21 15:41:06.035 D/ActivityThread( 5270): ActivityThread,attachApplication
10-21 15:41:06.093 I/        ( 5270): RegisterNatives OK!
10-21 15:41:06.112 I/chatty  ( 1151): uid=1000(system) Binder:1151_2 expire 8 lines
10-21 15:41:06.154 I/chatty  ( 1151): uid=1000(system) android.io expire 2 lines
10-21 15:41:06.182 D/ActivityThread( 5297): ActivityThread,attachApplication
10-21 15:41:06.247 I/chatty  ( 1151): uid=1000(system) Binder:1151_17 expire 14 lines
10-21 15:41:07.090 D/ActivityThread( 5353): ActivityThread,attachApplication
10-21 15:41:09.050 W/ContextImpl( 1777): Calling a method in the system process without a qualified user: android.app.ContextImpl.bindService:1736 android.content.ContextWrapper.bindService:678 com.huawei.hms.api.HuaweiApiClientImpl.d:473 com.huawei.hms.api.HuaweiApiClientImpl.connect:327 com.huawei.lcagent.dubai.DubaiPush.connectPush:230 
10-21 15:41:09.078 D/ActivityThread( 5425): ActivityThread,attachApplication
10-21 15:41:09.491 I/chatty  ( 1151): uid=1000(system) Binder:1151_3 expire 3 lines
10-21 15:41:09.515 D/ActivityThread( 5460): ActivityThread,attachApplication
10-21 15:41:09.570 I/chatty  ( 1151): uid=1000(system) Binder:1151_18 expire 2 lines
10-21 15:41:09.616 I/chatty  ( 1151): uid=1000(system) Binder:1151_E expire 2 lines
10-21 15:41:09.794 I/chatty  ( 1151): uid=1000(system) Binder:1151_11 expire 8 lines
10-21 15:41:09.836 D/ActivityThread( 5505): ActivityThread,attachApplication
10-21 15:41:09.870 I/chatty  ( 1151): uid=1000(system) ConnectivitySer expire 20 lines
10-21 15:41:10.071 I/chatty  ( 1151): uid=1000(system) Binder:1151_10 expire 10 lines
10-21 15:41:10.537 D/Telephony-TelecomAccountRegistry( 1832): onServiceStateChanged0 newState : 1, mServiceState : 1
10-21 15:41:10.597 D/Telephony-TelecomAccountRegistry( 1832): onServiceStateChanged0 newState : 3, mServiceState : 1
10-21 15:41:11.612 I/chatty  ( 1151): uid=1000(system) Binder:1151_19 expire 11 lines
10-21 15:41:11.672 I/chatty  ( 1151): uid=1000(system) Binder:1151_B expire 2 lines
10-21 15:41:19.109 W/ContextImpl( 1777): Calling a method in the system process without a qualified user: android.app.ContextImpl.bindService:1736 android.content.ContextWrapper.bindService:678 com.huawei.hms.api.HuaweiApiClientImpl.d:473 com.huawei.hms.api.HuaweiApiClientImpl.connect:327 com.huawei.lcagent.dubai.DubaiPush.connectPush:230 
10-21 15:41:25.944 I/chatty  ( 1151): uid=1000(system) InputReader expire 8 lines
10-21 15:41:25.960 I/chatty  ( 1151): uid=1000(system) PowerManagerSer expire 8 lines
10-21 15:41:25.981 I/chatty  ( 1151): uid=1000(system) Binder:1151_5 expire 19 lines
10-21 15:41:25.994 I/chatty  ( 1151): uid=1000(system) android.anim expire 5 lines
10-21 15:41:26.024 I/vold    (  473): TrimTask running tasks: 0
10-21 15:41:26.065 I/chatty  ( 1151): uid=1000 system_server expire 68 lines
10-21 15:41:26.065 I/chatty  ( 1151): uid=1000(system) WifiP2pService expire 41 lines
10-21 15:41:26.238 W/ContextImpl( 2469): Calling a method in the system process without a qualified user: android.app.ContextImpl.bindService:1736 android.content.ContextWrapper.bindService:678 com.huawei.nb.dataservice.dsclient.RemoteServiceConnection.open:90 com.huawei.nb.dataservice.dsclient.DataServiceProxy.connect:105 com.huawei.nb.dataservice.rsclient.internal.RemoteRuleService.start:27 
10-21 15:41:26.289 I/chatty  ( 1151): uid=1000(system) Binder:1151_1A expire 11 lines
10-21 15:41:27.433 V/KeyguardDisplayManager( 1434): hide
10-21 15:41:27.435 V/KeyguardViewMediator( 1434): updateInputRestrictedLocked 1 isInputApp = false, inputRestricted = false
10-21 15:41:27.443 I/CommandQueue( 1434): updateBarBgColor
10-21 15:41:27.443 D/CommandQueue( 1434): CommandQueue, setBarBackgroundColor
10-21 15:41:27.467 I/chatty  ( 1151): uid=1000(system) Binder:1151_16 expire 6 lines
10-21 15:41:27.597 I/chatty  ( 1151): uid=1000(system) Binder:1151_15 expire 1 line
10-21 15:41:27.623 D/ActivityThread( 5645): ActivityThread,attachApplication
10-21 15:41:28.013 I/chatty  ( 1151): uid=1000(system) Binder:1151_12 expire 4 lines
10-21 15:41:29.073 D/ActivityThread( 5671): ActivityThread,attachApplication
10-21 15:41:29.075 I/chatty  ( 1151): uid=1000(system) Binder:1151_10 expire 10 lines
10-21 15:41:29.382 I/chatty  ( 1151): uid=1000(system) Binder:1151_14 expire 2 lines
10-21 15:41:30.392 W/PowerUI ( 1434): unknown intent: Intent { act=android.intent.action.ACTION_POWER_DISCONNECTED flg=0x4000010 (has extras) }
10-21 15:41:30.529 I/chatty  ( 1151): uid=1000(system) Binder:1151_9 expire 7 lines
10-21 15:41:30.585 D/ActivityThread( 5723): ActivityThread,attachApplication
10-21 15:41:31.151 I/chatty  ( 1151): uid=1000(system) Binder:1151_13 expire 19 lines
10-21 15:41:35.220 W/PowerUI ( 1434): unknown intent: Intent { act=android.intent.action.ACTION_POWER_CONNECTED flg=0x4000010 (has extras) }
10-21 15:41:35.224 I/chatty  ( 1151): uid=1000(system) ActivityManager expire 13 lines
10-21 15:41:35.271 D/ActivityThread( 5748): ActivityThread,attachApplication
10-21 15:41:35.521 I/chatty  ( 1151): uid=1000(system) NetdConnector expire 50 lines
10-21 15:41:36.644 I/chatty  ( 1151): uid=1000(system) Binder:1151_17 expire 4 lines
10-21 15:41:37.329 I/vendor.huawei.hardware.wifi@1.1-service(  521): Wifi HAL started
10-21 15:41:37.978 W/SocketListener(  738): sending broadcast to Pid = 1151, Uid = 1000 
10-21 15:41:37.985 I/chatty  ( 1151): uid=1000(system) android.fg expire 12 lines
10-21 15:41:38.015 I/chatty  ( 1151): uid=1000(system) NetworkStats expire 4 lines
10-21 15:41:38.019 I/wificond(  741): create scanner for interface with index: 13
10-21 15:41:38.019 I/wificond(  741): subscribe scan result for interface with index: 13
10-21 15:41:38.027 I/chatty  ( 1151): uid=1000(system) WifiStateMachin expire 9 lines
10-21 15:41:38.043 W/wificond(  741): enter StartSupplicant ...
10-21 15:41:38.050 W/wificond(  741): wifi_start_supplicant try to wait start
10-21 15:41:38.129 I/chatty  ( 1151): uid=1000(system) watchdog expire 1 line
10-21 15:41:38.162 W/SocketListener(  738): sending broadcast to Pid = 1151, Uid = 1000 
10-21 15:41:38.162 W/SocketListener(  738): sending broadcast to Pid = 1151, Uid = 1000 
10-21 15:41:38.190 I/chatty  ( 1151): uid=1000(system) InputDispatcher expire 2 lines
10-21 15:41:38.423 I/wificond(  741): New interface event callback registered
10-21 15:41:38.467 I/chatty  ( 1151): uid=1000(system) WifiScanningSer expire 1 line
10-21 15:41:38.564 I/chatty  ( 1151): uid=1000(system) android.display expire 3 lines
10-21 15:41:38.686 W/SocketListener(  738): sending broadcast to Pid = 1151, Uid = 1000 
10-21 15:41:38.760 W/wificond(  741): Scan is not started. Ignore abort request
10-21 15:41:38.842 W/SocketListener(  738): sending broadcast to Pid = 1151, Uid = 1000 
10-21 15:41:38.842 I/chatty  (  738): uid=0(root) /system/bin/netd identical 1 line
10-21 15:41:38.842 W/SocketListener(  738): sending broadcast to Pid = 1151, Uid = 1000 
10-21 15:41:38.866 E/wificond(  741): Failed to get NL80211_STA_INFO_CNAHLOAD
10-21 15:41:38.877 D/ActivityThread( 5889): ActivityThread,attachApplication
10-21 15:41:38.879 I/chatty  ( 1151): uid=1000(system) Binder:1151_1A expire 3 lines
10-21 15:41:39.219 W/SocketListener(  738): sending broadcast to Pid = 1151, Uid = 1000 
10-21 15:41:39.277 I/chatty  ( 1151): uid=1000(system) IpManager.wlan0 expire 5 lines
10-21 15:41:39.286 E/wificond(  741): Failed to get NL80211_STA_INFO_CNAHLOAD
10-21 15:41:39.329 I/chatty  ( 5069): uid=1000(system) expire 4 lines
10-21 15:41:39.329 W/SocketListener(  738): sending broadcast to Pid = 1151, Uid = 1000 
10-21 15:41:39.329 W/SocketListener(  738): sending broadcast to Pid = 1151, Uid = 1000 
10-21 15:41:39.535 I/chatty  ( 1151): uid=1000 system_server expire 6 lines
10-21 15:41:40.331 W/SocketListener(  738): sending broadcast to Pid = 1151, Uid = 1000 
10-21 15:41:40.687 W/SocketListener(  738): sending broadcast to Pid = 1151, Uid = 1000 
10-21 15:41:40.701 E/wificond(  741): Failed to get NL80211_STA_INFO_CNAHLOAD
10-21 15:41:40.750 I/chatty  ( 1151): uid=1000(system) ConnectivitySer expire 55 lines
10-21 15:41:40.752 E/wificond(  741): Failed to get NL80211_STA_INFO_CNAHLOAD
10-21 15:41:40.760 I/chatty  ( 1151): uid=1000(system) NetdConnector expire 18 lines
10-21 15:41:40.770 I/chatty  ( 1151): uid=1000 system_server expire 46 lines
10-21 15:41:40.825 I/chatty  ( 1151): uid=1000(system) WifiStateMachin expire 3 lines
10-21 15:41:40.840 I/chatty  ( 1151): uid=1000(system) ActivityManager expire 3 lines
10-21 15:41:40.932 I/chatty  ( 1151): uid=1000(system) Binder:1151_9 expire 1 line
10-21 15:41:40.968 W/ContextImpl( 2019): Calling a method in the system process without a qualified user: android.app.ContextImpl.startService:1656 android.content.ContextWrapper.startService:644 com.huawei.systemmanager.rainbow.client.background.service.CloudBroadcastHandlerService$1.onReceive:69 android.app.LoadedApk$ReceiverDispatcher$Args.lambda$-android_app_LoadedApk$ReceiverDispatcher$Args_58300:1435 android.app.-$Lambda$FilBqgnXJrN9Mgyks1XHeAxzSTk.$m$0:4 
10-21 15:41:40.988 I/chatty  ( 1151): uid=1000(system) NetworkPolicy expire 2 lines
10-21 15:41:40.994 W/ContextImpl( 2019): Calling a method in the system process without a qualified user: android.app.ContextImpl.sendBroadcast:1095 android.content.ContextWrapper.sendBroadcast:436 com.huawei.systemmanager.service.InitValueService$ConnectivityBroadcastReceiver.onReceive:88 android.app.LoadedApk$ReceiverDispatcher$Args.lambda$-android_app_LoadedApk$ReceiverDispatcher$Args_58300:1435 android.app.-$Lambda$FilBqgnXJrN9Mgyks1XHeAxzSTk.$m$0:4 
10-21 15:41:41.003 I/chatty  ( 1151): uid=1000 system_server expire 2 lines
10-21 15:41:41.026 W/ContextImpl( 2019): Calling a method in the system process without a qualified user: android.app.ContextImpl.startService:1656 android.content.ContextWrapper.startService:644 com.huawei.systemmanager.service.InitValueService$ConnectivityBroadcastReceiver.onReceive:99 android.app.LoadedApk$ReceiverDispatcher$Args.lambda$-android_app_LoadedApk$ReceiverDispatcher$Args_58300:1435 android.app.-$Lambda$FilBqgnXJrN9Mgyks1XHeAxzSTk.$m$0:4 
10-21 15:41:41.041 I/chatty  ( 1151): uid=1000(system) Binder:1151_12 expire 4 lines
10-21 15:41:41.086 D/ActivityThread( 5973): ActivityThread,attachApplication
10-21 15:41:31.192 I/chatty  ( 1151): uid=1000(system) Binder:1151_5 expire 11 lines
10-21 15:41:31.197 D/ActivityThread( 5987): ActivityThread,attachApplication
10-21 15:41:31.208 I/chatty  ( 1151): uid=1000(system) Binder:1151_10 expire 2 lines
10-21 15:41:31.210 I/chatty  ( 1151): uid=1000(system) Binder:1151_15 expire 6 lines
10-21 15:41:31.215 I/chatty  ( 1151): uid=1000(system) AlarmManager expire 1 line
10-21 15:41:31.217 I/chatty  ( 1151): uid=1000(system) WifiScanningSer expire 1 line
10-21 15:41:31.223 I/libgps  (  747): proxy_agps_ril_update_network_state: connected(1), type(1:TYPE_WIFI), roaming(0)
10-21 15:41:31.231 I/libgps  (  747): proxy_agps_ril_update_network_availability: available(1), apn(cmnet)
10-21 15:41:31.232 I/chatty  ( 1151): uid=1000(system) Binder:1151_19 expire 5 lines
10-21 15:41:31.232 D/libgps  (  747): proxy_gps_xtra_download_request_cb: called.
10-21 15:41:31.233 D/libgps  (  747): proxy_agps_ril_request_setid_cb: called.
10-21 15:41:31.257 D/libgps  (  747): proxy_agps_ril_set_set_id: called.
10-21 15:41:31.270 I/chatty  ( 1151): uid=1000(system) Binder:1151_4 expire 7 lines
10-21 15:41:31.291 D/ActivityThread( 6026): ActivityThread,attachApplication
10-21 15:41:31.316 D/ActivityThread( 6044): ActivityThread,attachApplication
10-21 15:41:31.322 I/chatty  ( 1151): uid=1000(system) android.bg expire 12 lines
10-21 15:41:31.323 I/chatty  ( 1151): uid=1000(system) Binder:1151_6 expire 10 lines
10-21 15:41:31.330 I/chatty  ( 1151): uid=1000(system) Binder:1151_17 expire 12 lines
10-21 15:41:31.342 E/wificond(  741): Failed to get NL80211_STA_INFO_CNAHLOAD
10-21 15:41:31.351 E/wificond(  741): Failed to get NL80211_STA_INFO_CNAHLOAD
10-21 15:41:31.352 W/ContextImpl( 5973): Calling a method in the system process without a qualified user: android.app.ContextImpl.startService:1656 android.content.ContextWrapper.startService:644 com.huawei.systemmanager.SystemManagerApplication.startMainService:342 com.huawei.systemmanager.SystemManagerApplication.startServices:189 com.huawei.systemmanager.SystemManagerApplication.onCreate:126 
