10-21 15:54:48.133 E/wificond(  741): Failed to get NL80211_STA_INFO_CNAHLOAD
10-21 15:54:49.486 I/chatty  ( 1151): uid=1000(system) InputDispatcher expire 2 lines
10-21 15:54:49.640 I/chatty  ( 1151): uid=1000(system) android.anim expire 11 lines
10-21 15:54:49.916 D/ActivityThread( 7392): Remove activity client record, r= ActivityRecord{29e4a80 token=android.os.BinderProxy@dfeb16f {com.google.samples.cronet_sample/com.google.samples.cronet_sample.MainActivity}} token= android.os.BinderProxy@dfeb16f
10-21 15:54:50.143 E/wificond(  741): Failed to get NL80211_STA_INFO_CNAHLOAD
10-21 15:54:50.614 V/ActivityThread( 7392): ActivityThread,callActivityOnCreate
10-21 15:54:50.643 D/ActivityThread( 7392): add activity client record, r= ActivityRecord{d605cc5 token=android.os.BinderProxy@c1b13f8 {com.google.samples.cronet_sample/com.google.samples.cronet_sample.MainActivity}} token= android.os.BinderProxy@c1b13f8
10-21 15:54:50.651 I/chatty  ( 1151): uid=1000(system) Binder:1151_14 expire 11 lines
10-21 15:54:50.708 I/chatty  ( 1151): uid=1000(system) Binder:1151_1A expire 22 lines
10-21 15:54:53.168 E/wificond(  741): Failed to get NL80211_STA_INFO_CNAHLOAD
10-21 15:54:56.185 E/wificond(  741): Failed to get NL80211_STA_INFO_CNAHLOAD
10-21 15:54:59.217 E/wificond(  741): Failed to get NL80211_STA_INFO_CNAHLOAD
10-21 15:55:02.253 E/wificond(  741): Failed to get NL80211_STA_INFO_CNAHLOAD
10-21 15:55:14.368 E/wificond(  741): Failed to get NL80211_STA_INFO_CNAHLOAD
10-21 15:55:16.823 I/chatty  ( 1151): uid=1000 system_server expire 10 lines
10-21 15:55:16.855 I/chatty  ( 1151): uid=1000(system) batterystats-sy expire 3 lines
10-21 15:55:17.397 E/wificond(  741): Failed to get NL80211_STA_INFO_CNAHLOAD
10-21 15:55:20.169 I/chatty  (  741): uid=1010(wifi) /system/bin/wificond identical 12 lines
10-21 15:55:20.417 E/wificond(  741): Failed to get NL80211_STA_INFO_CNAHLOAD
10-21 15:55:21.685 E//system/bin/storaged(  739): pid_info get_pids failed
10-21 15:55:23.446 E/wificond(  741): Failed to get NL80211_STA_INFO_CNAHLOAD
10-21 15:55:26.483 E/wificond(  741): Failed to get NL80211_STA_INFO_CNAHLOAD
10-21 15:55:28.175 E/wificond(  741): Failed to get NL80211_STA_INFO_CNAHLOAD
10-21 15:55:29.509 E/wificond(  741): Failed to get NL80211_STA_INFO_CNAHLOAD
10-21 15:55:32.540 E/wificond(  741): Failed to get NL80211_STA_INFO_CNAHLOAD
10-21 15:55:50.727 E/wificond(  741): Failed to get NL80211_STA_INFO_CNAHLOAD
10-21 15:55:51.268 I/chatty  ( 1151): uid=1000(system) Binder:1151_14 expire 10 lines
10-21 15:55:52.179 E/wificond(  741): Failed to get NL80211_STA_INFO_CNAHLOAD
10-21 15:55:52.190 E/wificond(  741): Failed to get NL80211_STA_INFO_CNAHLOAD
10-21 15:55:53.758 E/wificond(  741): Failed to get NL80211_STA_INFO_CNAHLOAD
10-21 15:55:56.789 E/wificond(  741): Failed to get NL80211_STA_INFO_CNAHLOAD
10-21 15:55:59.826 E/wificond(  741): Failed to get NL80211_STA_INFO_CNAHLOAD
10-21 15:56:00.183 E/wificond(  741): Failed to get NL80211_STA_INFO_CNAHLOAD
10-21 15:56:00.186 E/wificond(  741): Failed to get NL80211_STA_INFO_CNAHLOAD
10-21 15:56:00.458 I/chatty  ( 1151): uid=1000(system) UEventObserver expire 10 lines
10-21 15:56:02.860 E/wificond(  741): Failed to get NL80211_STA_INFO_CNAHLOAD
10-21 15:56:24.224 I/chatty  (  741): uid=1010(wifi) /system/bin/wificond identical 19 lines
10-21 15:56:24.233 E/wificond(  741): Failed to get NL80211_STA_INFO_CNAHLOAD
10-21 15:56:25.290 I/chatty  ( 1151): uid=1000 system_server expire 10 lines
10-21 15:56:27.085 E/wificond(  741): Failed to get NL80211_STA_INFO_CNAHLOAD
10-21 15:56:30.118 E/wificond(  741): Failed to get NL80211_STA_INFO_CNAHLOAD
10-21 15:56:32.229 E/wificond(  741): Failed to get NL80211_STA_INFO_CNAHLOAD
10-21 15:56:45.273 E/wificond(  741): Failed to get NL80211_STA_INFO_CNAHLOAD
10-21 15:56:48.240 E/wificond(  741): Failed to get NL80211_STA_INFO_CNAHLOAD
10-21 15:56:56.264 I/chatty  (  741): uid=1010(wifi) /system/bin/wificond identical 13 lines
10-21 15:56:57.370 E/wificond(  741): Failed to get NL80211_STA_INFO_CNAHLOAD
10-21 15:57:00.392 E/wificond(  741): Failed to get NL80211_STA_INFO_CNAHLOAD
10-21 15:57:03.416 E/wificond(  741): Failed to get NL80211_STA_INFO_CNAHLOAD
10-21 15:57:15.536 E/wificond(  741): Failed to get NL80211_STA_INFO_CNAHLOAD
10-21 15:57:18.555 E/wificond(  741): Failed to get NL80211_STA_INFO_CNAHLOAD
10-21 15:57:20.272 E/wificond(  741): Failed to get NL80211_STA_INFO_CNAHLOAD
10-21 15:57:20.284 E/wificond(  741): Failed to get NL80211_STA_INFO_CNAHLOAD
10-21 15:57:21.583 E/wificond(  741): Failed to get NL80211_STA_INFO_CNAHLOAD
10-21 15:57:24.610 E/wificond(  741): Failed to get NL80211_STA_INFO_CNAHLOAD
10-21 15:57:25.285 I/chatty  ( 1151): uid=1000 system_server expire 10 lines
10-21 15:57:27.644 E/wificond(  741): Failed to get NL80211_STA_INFO_CNAHLOAD
10-21 15:57:28.277 E/wificond(  741): Failed to get NL80211_STA_INFO_CNAHLOAD
10-21 15:57:28.282 E/wificond(  741): Failed to get NL80211_STA_INFO_CNAHLOAD
10-21 15:57:30.669 E/wificond(  741): Failed to get NL80211_STA_INFO_CNAHLOAD
10-21 15:57:33.714 E/wificond(  741): Failed to get NL80211_STA_INFO_CNAHLOAD
10-21 15:57:52.314 I/chatty  (  741): uid=1010(wifi) /system/bin/wificond identical 14 lines
10-21 15:57:54.943 E/wificond(  741): Failed to get NL80211_STA_INFO_CNAHLOAD
10-21 15:57:57.105 I/chatty  ( 1151): uid=1000(system) UEventObserver expire 6 lines
10-21 15:57:57.971 E/wificond(  741): Failed to get NL80211_STA_INFO_CNAHLOAD
10-21 15:58:00.092 I/chatty  ( 1151): uid=1000(system) Binder:1151_14 expire 1 line
10-21 15:58:00.314 E/wificond(  741): Failed to get NL80211_STA_INFO_CNAHLOAD
10-21 15:58:04.041 E/wificond(  741): Failed to get NL80211_STA_INFO_CNAHLOAD
10-21 15:58:07.074 E/wificond(  741): Failed to get NL80211_STA_INFO_CNAHLOAD
10-21 15:58:07.868 I/chatty  ( 1151): uid=1000(system) Binder:1151_16 expire 7 lines
10-21 15:58:07.934 D/ActivityThread( 8885): ActivityThread,attachApplication
10-21 15:58:08.321 E/wificond(  741): Failed to get NL80211_STA_INFO_CNAHLOAD
10-21 15:58:10.103 I/chatty  (  741): uid=1010(wifi) /system/bin/wificond identical 8 lines
10-21 15:58:13.125 E/wificond(  741): Failed to get NL80211_STA_INFO_CNAHLOAD
10-21 15:58:16.154 E/wificond(  741): Failed to get NL80211_STA_INFO_CNAHLOAD
10-21 15:58:16.332 E/wificond(  741): Failed to get NL80211_STA_INFO_CNAHLOAD
10-21 15:58:19.187 E/wificond(  741): Failed to get NL80211_STA_INFO_CNAHLOAD
10-21 15:58:25.249 E/wificond(  741): Failed to get NL80211_STA_INFO_CNAHLOAD
10-21 15:58:25.293 I/chatty  ( 1151): uid=1000 system_server expire 4 lines
10-21 15:58:28.286 E/wificond(  741): Failed to get NL80211_STA_INFO_CNAHLOAD
10-21 15:58:31.321 E/wificond(  741): Failed to get NL80211_STA_INFO_CNAHLOAD
10-21 15:58:34.351 E/wificond(  741): Failed to get NL80211_STA_INFO_CNAHLOAD
10-21 15:58:34.887 I/chatty  ( 1151): uid=1000(system) android.anim expire 37 lines
10-21 15:58:34.929 I/chatty  ( 1151): uid=1000(system) Binder:1151_1A expire 29 lines
10-21 15:58:34.933 I/chatty  ( 1151): uid=1000(system) HwActivityManag expire 2 lines
10-21 15:58:34.957 I/chatty  ( 1151): uid=1000(system) Binder:1151_14 expire 2 lines
10-21 15:58:34.959 D/ActivityThread( 8931): ActivityThread,attachApplication
10-21 15:58:34.961 I/HwCoreAppHelperService( 1804): LocalReceiver receives:android.intent.action.PACKAGE_RESTARTED,pkg:com.google.samples.cronet_sample,uid:10121
10-21 15:58:34.963 I/chatty  ( 1151): uid=1000 system_server expire 13 lines
10-21 15:58:34.970 I/chatty  ( 1151): uid=1000(system) Binder:1151_1B expire 19 lines
10-21 15:58:34.971 I/chatty  ( 1151): uid=1000(system) ConnectivitySer expire 7 lines
10-21 15:58:34.982 I/chatty  ( 1151): uid=1000(system) android.ui expire 4 lines
10-21 15:58:34.993 I/chatty  ( 1151): uid=1000(system) Binder:1151_4 expire 1 line
10-21 15:58:34.994 I/HwNetworkPolicyManager( 2019): getHwUidPolicy uid = 10049 policy = 0
10-21 15:58:34.994 I/chatty  ( 1151): uid=1000(system) Binder:1151_E expire 7 lines
10-21 15:58:34.994 I/chatty  ( 1151): uid=1000(system) Binder:1151_10 expire 5 lines
10-21 15:58:34.996 I/CommandQueue( 1434): updateBarBgColor
10-21 15:58:34.996 D/CommandQueue( 1434): CommandQueue, setBarBackgroundColor
10-21 15:58:35.012 I/chatty  ( 1151): uid=1000(system) android.display expire 1 line
10-21 15:58:35.268 I/chatty  ( 1151): uid=1000(system) ActivityManager expire 8 lines
10-21 15:58:37.378 E/wificond(  741): Failed to get NL80211_STA_INFO_CNAHLOAD
10-21 15:58:40.367 I/chatty  (  741): uid=1010(wifi) /system/bin/wificond identical 5 lines
10-21 15:58:40.398 E/wificond(  741): Failed to get NL80211_STA_INFO_CNAHLOAD
10-21 15:58:41.196 I/chatty  ( 1151): uid=1000(system) PackageInstalle expire 2 lines
10-21 15:58:41.347 I/chatty  ( 1151): uid=1000(system) PackageManager expire 10 lines
10-21 15:58:41.961 I/HwKeystoreServiceImpl( 1804): package removed for update, packageName:com.google.samples.cronet_sample appId:10121
10-21 15:58:42.032 I/chatty  ( 1151): uid=1000(system) android.bg expire 3 lines
10-21 15:58:42.034 D/ActivityThread( 9024): ActivityThread,attachApplication
10-21 15:58:42.063 I/chatty  ( 1151): uid=1000(system) Binder:1151_18 expire 1 line
10-21 15:58:42.084 I/chatty  ( 1151): uid=1000(system) Binder:1151_1C expire 11 lines
10-21 15:58:42.183 D/ActivityThread( 9054): ActivityThread,attachApplication
10-21 15:58:42.184 I/chatty  ( 1151): uid=1000(system) Binder:1151_13 expire 17 lines
10-21 15:58:42.223 I/HwNetworkPolicyManager( 2019): getHwUidPolicy uid = 10121 policy = 0
10-21 15:58:42.375 V/ActivityThread( 9054): ActivityThread,callActivityOnCreate
10-21 15:58:42.485 D/ActivityThread( 9054): add activity client record, r= ActivityRecord{f53eca token=android.os.BinderProxy@cb7d586 {com.google.samples.cronet_sample/com.google.samples.cronet_sample.WelcomeActivity}} token= android.os.BinderProxy@cb7d586
10-21 15:58:42.529 I/CommandQueue( 1434): updateBarBgColor
10-21 15:58:42.530 D/CommandQueue( 1434): CommandQueue, setBarBackgroundColor
10-21 15:58:43.413 E/wificond(  741): Failed to get NL80211_STA_INFO_CNAHLOAD
10-21 15:58:44.249 V/ActivityThread( 9054): ActivityThread,callActivityOnCreate
10-21 15:58:44.345 D/ActivityThread( 9054): add activity client record, r= ActivityRecord{bbcc7e7 token=android.os.BinderProxy@1f588cc {com.google.samples.cronet_sample/com.google.samples.cronet_sample.MainActivity}} token= android.os.BinderProxy@1f588cc
10-21 15:58:46.439 E/wificond(  741): Failed to get NL80211_STA_INFO_CNAHLOAD
10-21 15:58:47.116 W/ContextImpl( 5069): Calling a method in the system process without a qualified user: android.app.ContextImpl.startService:1656 android.content.ContextWrapper.startService:644 android.content.ContextWrapper.startService:644 com.android.settings.applications.BlackListReceiver.onReceive:35 android.app.ActivityThread.handleReceiver:3804 
10-21 15:58:47.122 I/chatty  ( 1151): uid=1000(system) Binder:1151_1A expire 3 lines
10-21 15:58:47.256 W/ContextImpl( 5973): Calling a method in the system process without a qualified user: android.app.ContextImpl.startService:1656 android.content.ContextWrapper.startService:644 android.content.ContextWrapper.startService:644 com.huawei.systemmanager.antivirus.utils.AntiVirusTools.deleteVirusApk:632 com.huawei.systemmanager.antivirus.AntiVirusReceiver.handlerPackageRemoved:52 
10-21 15:58:47.285 W/ContextImpl( 5973): Calling a method in the system process without a qualified user: android.app.ContextImpl.startService:1656 android.content.ContextWrapper.startService:644 com.huawei.systemmanager.spacecleanner.receiver.SpaceCleanReceiver.checkRarelyUsedApp:87 com.huawei.systemmanager.spacecleanner.receiver.SpaceCleanReceiver.doInBackground:39 java.lang.reflect.Method.invoke:-2 
10-21 15:58:47.339 W/ContextImpl( 5069): Calling a method in the system process without a qualified user: android.app.ContextImpl.startService:1656 android.content.ContextWrapper.startService:644 android.content.ContextWrapper.startService:644 com.android.settings.applications.BlackListReceiver.onReceive:35 android.app.ActivityThread.handleReceiver:3804 
10-21 15:58:47.342 I/chatty  ( 1151): uid=1000(system) Binder:1151_D expire 1 line
10-21 15:58:47.351 I/chatty  ( 1151): uid=1000(system) Binder:1151_1B expire 2 lines
10-21 15:58:47.369 I/chatty  ( 1151): uid=1000(system) Binder:1151_8 expire 1 line
10-21 15:58:47.504 W/ContextImpl( 5973): Calling a method in the system process without a qualified user: android.app.ContextImpl.startService:1656 android.content.ContextWrapper.startService:644 android.content.ContextWrapper.startService:644 com.huawei.systemmanager.antivirus.utils.AntiVirusTools.checkVirusForNewInstalledApk:620 com.huawei.systemmanager.antivirus.AntiVirusReceiver.onReceive:36 
10-21 15:58:47.534 W/ContextImpl( 5973): Calling a method in the system process without a qualified user: android.app.ContextImpl.startService:1656 android.content.ContextWrapper.startService:644 com.huawei.systemmanager.spacecleanner.receiver.SpaceCleanReceiver.checkRarelyUsedApp:87 com.huawei.systemmanager.spacecleanner.receiver.SpaceCleanReceiver.doInBackground:39 java.lang.reflect.Method.invoke:-2 
10-21 15:58:47.551 W/ContextImpl( 5069): Calling a method in the system process without a qualified user: android.app.ContextImpl.startService:1656 android.content.ContextWrapper.startService:644 android.content.ContextWrapper.startService:644 com.android.settings.applications.BlackListReceiver.onReceive:35 android.app.ActivityThread.handleReceiver:3804 
10-21 15:58:47.646 I/chatty  ( 1151): uid=1000(system) Binder:1151_3 expire 2 lines
10-21 15:58:47.761 I/chatty  ( 1151): uid=1000(system) Binder:1151_2 expire 3 lines
10-21 15:58:48.362 E/wificond(  741): Failed to get NL80211_STA_INFO_CNAHLOAD
10-21 15:58:52.495 E/wificond(  741): Failed to get NL80211_STA_INFO_CNAHLOAD
10-21 15:58:54.105 I/chatty  ( 1151): uid=1000 system_server expire 6 lines
10-21 15:58:54.111 I/chatty  ( 1151): uid=1000(system) AlarmManager expire 1 line
10-21 15:58:54.134 I/chatty  ( 1151): uid=1000(system) Binder:1151_1 expire 14 lines
10-21 15:58:54.145 W/ContextImpl( 8287): Calling a method in the system process without a qualified user: android.app.ContextImpl.startService:1656 android.content.ContextWrapper.startService:644 com.huawei.hiwibd.android.trigger.HiWiTrigger.startHiWIService:140 com.huawei.hiwibd.android.trigger.HiWiJobService$1.handleMessage:23 android.os.Handler.dispatchMessage:108 
10-21 15:58:55.520 E/wificond(  741): Failed to get NL80211_STA_INFO_CNAHLOAD
10-21 15:58:56.377 E/wificond(  741): Failed to get NL80211_STA_INFO_CNAHLOAD
10-21 15:58:56.864 I/chatty  ( 1151): uid=1000(system) InputDispatcher expire 2 lines
10-21 15:58:56.977 I/chatty  ( 1151): uid=1000(system) android.anim expire 11 lines
10-21 15:58:57.258 D/ActivityThread( 9054): Remove activity client record, r= ActivityRecord{bbcc7e7 token=android.os.BinderProxy@1f588cc {com.google.samples.cronet_sample/com.google.samples.cronet_sample.MainActivity}} token= android.os.BinderProxy@1f588cc
10-21 15:58:57.929 I/chatty  ( 1151): uid=1000(system) Binder:1151_2 expire 21 lines
10-21 15:58:57.948 V/ActivityThread( 9054): ActivityThread,callActivityOnCreate
10-21 15:58:57.986 D/ActivityThread( 9054): add activity client record, r= ActivityRecord{c31bfa token=android.os.BinderProxy@3d1a316 {com.google.samples.cronet_sample/com.google.samples.cronet_sample.MainActivity}} token= android.os.BinderProxy@3d1a316
10-21 15:58:57.992 I/chatty  ( 1151): uid=1000(system) Binder:1151_1C expire 10 lines
10-21 15:58:58.151 W/SocketListener(  738): sending broadcast to Pid = 1151, Uid = 1000 
10-21 15:58:58.152 I/chatty  ( 1151): uid=1000(system) NetdConnector expire 6 lines
10-21 15:58:58.153 I/chatty  ( 1151): uid=1000(system) android.fg expire 1 line
10-21 15:58:58.154 I/chatty  ( 1151): uid=1000(system) NetworkStats expire 5 lines
10-21 15:58:58.307 I/chatty  ( 1151): uid=1000(system) watchdog expire 7 lines
10-21 15:58:58.545 E/wificond(  741): Failed to get NL80211_STA_INFO_CNAHLOAD
10-21 15:58:59.110 I/chatty  ( 1151): uid=1000 system_server expire 10 lines
10-21 15:58:59.383 D/ActivityThread( 9213): ActivityThread,attachApplication
10-21 15:59:00.071 I/chatty  ( 1151): uid=1000(system) Binder:1151_3 expire 3 lines
10-21 15:59:01.556 E/wificond(  741): Failed to get NL80211_STA_INFO_CNAHLOAD
10-21 15:59:01.852 W/ContextImpl( 9213): Calling a method in the system process without a qualified user: android.app.ContextImpl.sendBroadcast:1095 android.content.ContextWrapper.sendBroadcast:436 com.huawei.idaptunnel.util.Utils.sendResultBroadcast:162 com.huawei.idaptunnel.upload.UploadStateMachine.finished:225 com.huawei.idaptunnel.upload.UploadStateMachine.doUploadEndProcess:171 
10-21 15:59:01.857 W/ContextImpl( 9213): Calling a method in the system process without a qualified user: android.app.ContextImpl.stopService:1668 android.content.ContextWrapper.stopService:654 com.huawei.idaptunnel.MainThreadProcess$MainHandler.handleMessage:55 android.os.Handler.dispatchMessage:108 android.os.Looper.loop:166 
10-21 15:59:04.383 E/wificond(  741): Failed to get NL80211_STA_INFO_CNAHLOAD
10-21 15:59:04.394 I/chatty  (  741): uid=1010(wifi) /system/bin/wificond identical 14 lines
10-21 15:59:04.575 E/wificond(  741): Failed to get NL80211_STA_INFO_CNAHLOAD
10-21 15:59:04.618 I/chatty  ( 1151): uid=1000(system) UEventObserver expire 10 lines
10-21 15:59:07.593 E/wificond(  741): Failed to get NL80211_STA_INFO_CNAHLOAD
10-21 15:59:10.613 E/wificond(  741): Failed to get NL80211_STA_INFO_CNAHLOAD
10-21 15:59:16.657 E/wificond(  741): Failed to get NL80211_STA_INFO_CNAHLOAD
10-21 15:59:17.280 I/chatty  ( 1151): uid=1000 system_server expire 11 lines
10-21 15:59:17.348 I/chatty  ( 1151): uid=1000(system) batterystats-sy expire 2 lines
10-21 15:59:19.680 E/wificond(  741): Failed to get NL80211_STA_INFO_CNAHLOAD
10-21 15:59:22.706 E/wificond(  741): Failed to get NL80211_STA_INFO_CNAHLOAD
10-21 15:59:25.730 E/wificond(  741): Failed to get NL80211_STA_INFO_CNAHLOAD
10-21 15:59:28.413 E/wificond(  741): Failed to get NL80211_STA_INFO_CNAHLOAD
10-21 15:59:28.753 E/wificond(  741): Failed to get NL80211_STA_INFO_CNAHLOAD
10-21 15:59:30.553 W/ContextImpl( 5353): Calling a method in the system process without a qualified user: android.app.ContextImpl.sendBroadcast:1074 android.content.ContextWrapper.sendBroadcast:431 com.huawei.android.pushagent.model.channel.entity.a.a.kw:459 com.huawei.android.pushagent.model.channel.entity.a.a.kh:443 com.huawei.android.pushagent.model.channel.a.ni:150 
10-21 15:59:31.781 E/wificond(  741): Failed to get NL80211_STA_INFO_CNAHLOAD
10-21 15:59:34.821 E/wificond(  741): Failed to get NL80211_STA_INFO_CNAHLOAD
10-21 15:59:46.930 E/wificond(  741): Failed to get NL80211_STA_INFO_CNAHLOAD
10-21 15:59:49.964 E/wificond(  741): Failed to get NL80211_STA_INFO_CNAHLOAD
10-21 15:59:52.995 I/chatty  (  741): uid=1010(wifi) /system/bin/wificond identical 13 lines
10-21 15:59:56.023 E/wificond(  741): Failed to get NL80211_STA_INFO_CNAHLOAD
10-21 15:59:59.051 E/wificond(  741): Failed to get NL80211_STA_INFO_CNAHLOAD
10-21 16:00:00.122 W/ContextImpl( 2469): Calling a method in the system process without a qualified user: android.app.ContextImpl.bindService:1736 android.content.ContextWrapper.bindService:678 com.huawei.nb.dataservice.dsclient.RemoteServiceConnection.open:90 com.huawei.nb.dataservice.dsclient.DataServiceProxy.connect:105 com.huawei.nb.dataservice.rsclient.internal.RemoteRuleService.start:27 
10-21 16:00:00.129 I/chatty  ( 1151): uid=1000(system) Binder:1151_1 expire 3 lines
10-21 16:00:00.163 W/ContextImpl( 2469): Calling a method in the system process without a qualified user: android.app.ContextImpl.bindService:1736 android.content.ContextWrapper.bindService:678 com.huawei.nb.dataservice.dsclient.RemoteServiceConnection.open:90 com.huawei.nb.dataservice.dsclient.DataServiceProxy.connect:105 com.huawei.nb.dataservice.rsclient.internal.RemoteRuleService.start:27 
10-21 16:00:00.444 E/wificond(  741): Failed to get NL80211_STA_INFO_CNAHLOAD
10-21 16:00:02.086 E/wificond(  741): Failed to get NL80211_STA_INFO_CNAHLOAD
10-21 16:00:04.969 I/chatty  ( 1151): uid=1000 system_server expire 10 lines
10-21 16:00:05.113 E/wificond(  741): Failed to get NL80211_STA_INFO_CNAHLOAD
10-21 16:00:23.300 E/wificond(  741): Failed to get NL80211_STA_INFO_CNAHLOAD
10-21 16:00:23.604 I/chatty  ( 1151): uid=1000(system) ActivityManager expire 5 lines
10-21 16:00:23.607 I/chatty  ( 1151): uid=1000(system) Binder:1151_1C expire 11 lines
10-21 16:00:23.650 D/ActivityThread( 9279): ActivityThread,attachApplication
10-21 16:00:23.822 I/chatty  ( 1151): uid=1000(system) ConnectivitySer expire 4 lines
10-21 16:00:23.998 I/chatty  ( 1151): uid=1000(system) Binder:1151_1B expire 8 lines
10-21 16:00:24.455 E/wificond(  741): Failed to get NL80211_STA_INFO_CNAHLOAD
10-21 16:00:24.463 E/wificond(  741): Failed to get NL80211_STA_INFO_CNAHLOAD
10-21 16:00:26.333 E/wificond(  741): Failed to get NL80211_STA_INFO_CNAHLOAD
10-21 16:00:26.338 I/chatty  ( 1151): uid=1000(system) android.bg expire 2 lines
10-21 16:00:29.352 E/wificond(  741): Failed to get NL80211_STA_INFO_CNAHLOAD
10-21 16:00:32.468 I/chatty  (  741): uid=1010(wifi) /system/bin/wificond identical 11 lines
10-21 16:00:32.484 E/wificond(  741): Failed to get NL80211_STA_INFO_CNAHLOAD
10-21 16:00:35.418 E/wificond(  741): Failed to get NL80211_STA_INFO_CNAHLOAD
10-21 16:00:48.483 E/wificond(  741): Failed to get NL80211_STA_INFO_CNAHLOAD
10-21 16:00:48.490 E/wificond(  741): Failed to get NL80211_STA_INFO_CNAHLOAD
10-21 16:00:50.574 E/wificond(  741): Failed to get NL80211_STA_INFO_CNAHLOAD
10-21 16:00:56.622 E/wificond(  741): Failed to get NL80211_STA_INFO_CNAHLOAD
10-21 16:00:59.653 E/wificond(  741): Failed to get NL80211_STA_INFO_CNAHLOAD
10-21 16:01:00.011 I/chatty  ( 1151): uid=1000 system_server expire 10 lines
10-21 16:01:02.686 E/wificond(  741): Failed to get NL80211_STA_INFO_CNAHLOAD
10-21 16:01:03.568 I/chatty  ( 1151): uid=1000(system) Binder:1151_1A expire 28 lines
10-21 16:01:04.501 E/wificond(  741): Failed to get NL80211_STA_INFO_CNAHLOAD
10-21 16:01:04.513 E/wificond(  741): Failed to get NL80211_STA_INFO_CNAHLOAD
10-21 16:01:05.338 I/chatty  ( 1151): uid=1000(system) UEventObserver expire 6 lines
10-21 16:01:05.717 E/wificond(  741): Failed to get NL80211_STA_INFO_CNAHLOAD
10-21 16:01:20.868 I/chatty  (  741): uid=1010(wifi) /system/bin/wificond identical 11 lines
10-21 16:01:23.898 E/wificond(  741): Failed to get NL80211_STA_INFO_CNAHLOAD
10-21 16:01:26.931 E/wificond(  741): Failed to get NL80211_STA_INFO_CNAHLOAD
10-21 16:01:28.529 E/wificond(  741): Failed to get NL80211_STA_INFO_CNAHLOAD
10-21 16:01:32.985 E/wificond(  741): Failed to get NL80211_STA_INFO_CNAHLOAD
10-21 16:01:36.015 E/wificond(  741): Failed to get NL80211_STA_INFO_CNAHLOAD
10-21 16:01:36.540 I/chatty  (  741): uid=1010(wifi) /system/bin/wificond identical 9 lines
10-21 16:01:36.549 E/wificond(  741): Failed to get NL80211_STA_INFO_CNAHLOAD
10-21 16:01:39.048 E/wificond(  741): Failed to get NL80211_STA_INFO_CNAHLOAD
10-21 16:01:54.208 E/wificond(  741): Failed to get NL80211_STA_INFO_CNAHLOAD
10-21 16:01:55.511 I/chatty  ( 1151): uid=1000(system) android.anim expire 13 lines
10-21 16:01:55.555 I/chatty  ( 1151): uid=1000(system) HwActivityManag expire 1 line
10-21 16:01:55.574 I/chatty  ( 1151): uid=1000 system_server expire 6 lines
10-21 16:01:55.576 D/ActivityThread( 9359): ActivityThread,attachApplication
10-21 16:01:55.576 I/chatty  ( 1151): uid=1000(system) Binder:1151_8 expire 6 lines
10-21 16:01:55.576 I/HwCoreAppHelperService( 1804): LocalReceiver receives:android.intent.action.PACKAGE_RESTARTED,pkg:com.google.samples.cronet_sample,uid:10121
10-21 16:01:55.584 I/chatty  ( 1151): uid=1000(system) android.ui expire 2 lines
10-21 16:01:55.592 I/HwNetworkPolicyManager( 2019): getHwUidPolicy uid = 10049 policy = 0
10-21 16:01:55.604 I/CommandQueue( 1434): updateBarBgColor
10-21 16:01:55.604 D/CommandQueue( 1434): CommandQueue, setBarBackgroundColor
10-21 16:01:55.619 I/chatty  ( 1151): uid=1000(system) Binder:1151_1E expire 3 lines
10-21 16:01:55.626 I/chatty  ( 1151): uid=1000(system) Binder:1151_1C expire 1 line
10-21 16:01:55.655 I/chatty  ( 1151): uid=1000(system) Binder:1151_1A expire 1 line
10-21 16:01:55.661 I/chatty  ( 1151): uid=1000(system) Binder:1151_14 expire 4 lines
10-21 16:01:55.670 I/chatty  ( 1151): uid=1000(system) android.display expire 1 line
10-21 16:01:56.594 I/chatty  ( 1151): uid=1000(system) Binder:1151_7 expire 8 lines
10-21 16:01:57.224 E/wificond(  741): Failed to get NL80211_STA_INFO_CNAHLOAD
10-21 16:02:00.010 I/chatty  ( 1151): uid=1000 system_server expire 13 lines
10-21 16:02:00.239 E/wificond(  741): Failed to get NL80211_STA_INFO_CNAHLOAD
10-21 16:02:00.565 I/chatty  (  741): uid=1010(wifi) /system/bin/wificond identical 12 lines
10-21 16:02:00.575 E/wificond(  741): Failed to get NL80211_STA_INFO_CNAHLOAD
10-21 16:02:01.269 I/chatty  ( 1151): uid=1000(system) PackageInstalle expire 2 lines
10-21 16:02:01.419 I/chatty  ( 1151): uid=1000(system) PackageManager expire 10 lines
10-21 16:02:01.456 I/chatty  ( 1151): uid=1000(system) Binder:1151_A expire 11 lines
10-21 16:02:01.460 I/chatty  ( 1151): uid=1000(system) ActivityManager expire 6 lines
10-21 16:02:01.684 I/chatty  ( 1151): uid=1000(system) android.ui expire 3 lines
10-21 16:02:02.358 I/HwKeystoreServiceImpl( 1804): package removed for update, packageName:com.google.samples.cronet_sample appId:10121
10-21 16:02:02.420 I/chatty  ( 1151): uid=1000(system) android.bg expire 3 lines
10-21 16:02:02.494 I/chatty  ( 1151): uid=1000(system) Binder:1151_1D expire 18 lines
10-21 16:02:02.529 I/chatty  ( 1151): uid=1000(system) Binder:1151_1A expire 15 lines
10-21 16:02:02.531 I/chatty  ( 1151): uid=1000(system) android.anim expire 22 lines
10-21 16:02:02.577 D/ActivityThread( 9460): ActivityThread,attachApplication
10-21 16:02:02.590 I/chatty  ( 1151): uid=1000(system) HwActivityManag expire 2 lines
10-21 16:02:02.606 I/HwNetworkPolicyManager( 2019): getHwUidPolicy uid = 10121 policy = 0
10-21 16:02:02.773 V/ActivityThread( 9460): ActivityThread,callActivityOnCreate
10-21 16:02:02.864 D/ActivityThread( 9460): add activity client record, r= ActivityRecord{f53eca token=android.os.BinderProxy@cb7d586 {com.google.samples.cronet_sample/com.google.samples.cronet_sample.WelcomeActivity}} token= android.os.BinderProxy@cb7d586
10-21 16:02:02.911 I/CommandQueue( 1434): updateBarBgColor
10-21 16:02:02.912 D/CommandQueue( 1434): CommandQueue, setBarBackgroundColor
10-21 16:02:03.253 E/wificond(  741): Failed to get NL80211_STA_INFO_CNAHLOAD
10-21 16:02:05.752 I/chatty  ( 1151): uid=1000(system) UEventObserver expire 8 lines
10-21 16:02:06.278 E/wificond(  741): Failed to get NL80211_STA_INFO_CNAHLOAD
10-21 16:02:07.458 W/ContextImpl( 5069): Calling a method in the system process without a qualified user: android.app.ContextImpl.startService:1656 android.content.ContextWrapper.startService:644 android.content.ContextWrapper.startService:644 com.android.settings.applications.BlackListReceiver.onReceive:35 android.app.ActivityThread.handleReceiver:3804 
10-21 16:02:07.582 I/chatty  ( 1151): uid=1000(system) Binder:1151_F expire 9 lines
10-21 16:02:07.591 I/chatty  ( 1151): uid=1000(system) Binder:1151_6 expire 1 line
10-21 16:02:07.621 W/ContextImpl( 5973): Calling a method in the system process without a qualified user: android.app.ContextImpl.startService:1656 android.content.ContextWrapper.startService:644 android.content.ContextWrapper.startService:644 com.huawei.systemmanager.antivirus.utils.AntiVirusTools.deleteVirusApk:632 com.huawei.systemmanager.antivirus.AntiVirusReceiver.handlerPackageRemoved:52 
10-21 16:02:07.635 W/ContextImpl( 5973): Calling a method in the system process without a qualified user: android.app.ContextImpl.startService:1656 android.content.ContextWrapper.startService:644 com.huawei.systemmanager.spacecleanner.receiver.SpaceCleanReceiver.checkRarelyUsedApp:87 com.huawei.systemmanager.spacecleanner.receiver.SpaceCleanReceiver.doInBackground:39 java.lang.reflect.Method.invoke:-2 
10-21 16:02:07.649 I/chatty  ( 1151): uid=1000(system) Binder:1151_13 expire 18 lines
10-21 16:02:07.666 W/ContextImpl( 5069): Calling a method in the system process without a qualified user: android.app.ContextImpl.startService:1656 android.content.ContextWrapper.startService:644 android.content.ContextWrapper.startService:644 com.android.settings.applications.BlackListReceiver.onReceive:35 android.app.ActivityThread.handleReceiver:3804 
10-21 16:02:07.815 I/chatty  ( 1151): uid=1000(system) Binder:1151_19 expire 1 line
10-21 16:02:07.864 W/ContextImpl( 5973): Calling a method in the system process without a qualified user: android.app.ContextImpl.startService:1656 android.content.ContextWrapper.startService:644 android.content.ContextWrapper.startService:644 com.huawei.systemmanager.antivirus.utils.AntiVirusTools.checkVirusForNewInstalledApk:620 com.huawei.systemmanager.antivirus.AntiVirusReceiver.onReceive:36 
10-21 16:02:07.915 W/ContextImpl( 5973): Calling a method in the system process without a qualified user: android.app.ContextImpl.startService:1656 android.content.ContextWrapper.startService:644 com.huawei.systemmanager.spacecleanner.receiver.SpaceCleanReceiver.checkRarelyUsedApp:87 com.huawei.systemmanager.spacecleanner.receiver.SpaceCleanReceiver.doInBackground:39 java.lang.reflect.Method.invoke:-2 
10-21 16:02:07.946 W/ContextImpl( 5069): Calling a method in the system process without a qualified user: android.app.ContextImpl.startService:1656 android.content.ContextWrapper.startService:644 android.content.ContextWrapper.startService:644 com.android.settings.applications.BlackListReceiver.onReceive:35 android.app.ActivityThread.handleReceiver:3804 
10-21 16:02:07.960 I/chatty  ( 1151): uid=1000(system) Binder:1151_14 expire 4 lines
10-21 16:02:07.977 I/chatty  ( 1151): uid=1000(system) Binder:1151_1B expire 10 lines
10-21 16:02:08.007 V/ActivityThread( 9460): ActivityThread,callActivityOnCreate
10-21 16:02:08.111 D/ActivityThread( 9460): add activity client record, r= ActivityRecord{eb389ef token=android.os.BinderProxy@e14e2a0 {com.google.samples.cronet_sample/com.google.samples.cronet_sample.MainActivity}} token= android.os.BinderProxy@e14e2a0
10-21 16:02:08.116 I/chatty  ( 1151): uid=1000(system) ConnectivitySer expire 7 lines
10-21 16:02:08.574 E/wificond(  741): Failed to get NL80211_STA_INFO_CNAHLOAD
10-21 16:02:08.579 E/wificond(  741): Failed to get NL80211_STA_INFO_CNAHLOAD
10-21 16:02:09.297 E/wificond(  741): Failed to get NL80211_STA_INFO_CNAHLOAD
10-21 16:02:16.598 E/wificond(  741): Failed to get NL80211_STA_INFO_CNAHLOAD
10-21 16:02:17.580 I/chatty  ( 1151): uid=1000(system) Binder:1151_1A expire 10 lines
10-21 16:02:17.581 I/chatty  ( 1151): uid=1000(system) AlarmManager expire 1 line
10-21 16:02:18.386 E/wificond(  741): Failed to get NL80211_STA_INFO_CNAHLOAD
10-21 16:02:24.608 E/wificond(  741): Failed to get NL80211_STA_INFO_CNAHLOAD
10-21 16:02:25.293 I/chatty  ( 1151): uid=1000 system_server expire 11 lines
10-21 16:02:27.476 E/wificond(  741): Failed to get NL80211_STA_INFO_CNAHLOAD
10-21 16:02:28.334 I/chatty  ( 1151): uid=1000(system) watchdog expire 2 lines
10-21 16:02:30.512 E/wificond(  741): Failed to get NL80211_STA_INFO_CNAHLOAD
10-21 16:02:32.615 E/wificond(  741): Failed to get NL80211_STA_INFO_CNAHLOAD
10-21 16:02:33.544 E/wificond(  741): Failed to get NL80211_STA_INFO_CNAHLOAD
10-21 16:02:36.574 E/wificond(  741): Failed to get NL80211_STA_INFO_CNAHLOAD
10-21 16:02:45.659 E/wificond(  741): Failed to get NL80211_STA_INFO_CNAHLOAD
10-21 16:02:48.624 E/wificond(  741): Failed to get NL80211_STA_INFO_CNAHLOAD
10-21 16:02:56.635 I/chatty  (  741): uid=1010(wifi) /system/bin/wificond identical 10 lines
10-21 16:02:57.759 E/wificond(  741): Failed to get NL80211_STA_INFO_CNAHLOAD
10-21 16:03:00.789 E/wificond(  741): Failed to get NL80211_STA_INFO_CNAHLOAD
10-21 16:03:03.821 E/wificond(  741): Failed to get NL80211_STA_INFO_CNAHLOAD
10-21 16:03:04.649 E/wificond(  741): Failed to get NL80211_STA_INFO_CNAHLOAD
10-21 16:03:06.852 E/wificond(  741): Failed to get NL80211_STA_INFO_CNAHLOAD
10-21 16:03:09.884 E/wificond(  741): Failed to get NL80211_STA_INFO_CNAHLOAD
10-21 16:03:15.952 E/wificond(  741): Failed to get NL80211_STA_INFO_CNAHLOAD
10-21 16:03:17.764 I/chatty  ( 1151): uid=1000 system_server expire 2 lines
10-21 16:03:17.800 I/chatty  ( 1151): uid=1000(system) batterystats-sy expire 1 line
10-21 16:03:18.988 E/wificond(  741): Failed to get NL80211_STA_INFO_CNAHLOAD
10-21 16:03:20.651 I/chatty  (  741): uid=1010(wifi) /system/bin/wificond identical 2 lines
10-21 16:03:22.019 E/wificond(  741): Failed to get NL80211_STA_INFO_CNAHLOAD
10-21 16:03:22.631 I/chatty  ( 1151): uid=1000(system) android.anim expire 5 lines
10-21 16:03:22.677 D/ActivityThread( 9624): ActivityThread,attachApplication
10-21 16:03:22.678 I/chatty  ( 1151): uid=1000(system) Binder:1151_13 expire 12 lines
10-21 16:03:22.717 I/chatty  ( 1151): uid=1000(system) Binder:1151_1B expire 1 line
10-21 16:03:22.721 I/chatty  ( 1151): uid=1000(system) Binder:1151_1D expire 1 line
10-21 16:03:22.722 I/chatty  ( 1151): uid=1000(system) Binder:1151_19 expire 10 lines
10-21 16:03:22.730 I/chatty  ( 1151): uid=1000(system) Binder:1151_1B expire 11 lines
10-21 16:03:22.732 I/chatty  ( 1151): uid=1000(system) android.anim expire 22 lines
10-21 16:03:22.738 I/chatty  ( 1151): uid=1000(system) android.display expire 2 lines
10-21 16:03:22.738 I/HwCoreAppHelperService( 1804): LocalReceiver receives:android.intent.action.PACKAGE_RESTARTED,pkg:com.google.samples.cronet_sample,uid:10121
10-21 16:03:22.738 I/chatty  ( 1151): uid=1000(system) android.ui expire 5 lines
10-21 16:03:22.741 I/chatty  ( 1151): uid=1000 system_server expire 11 lines
10-21 16:03:22.745 I/CommandQueue( 1434): updateBarBgColor
10-21 16:03:22.745 D/CommandQueue( 1434): CommandQueue, setBarBackgroundColor
10-21 16:03:22.745 I/HwNetworkPolicyManager( 2019): getHwUidPolicy uid = 10049 policy = 0
10-21 16:03:22.770 I/chatty  ( 1151): uid=1000(system) Binder:1151_7 expire 1 line
10-21 16:03:23.012 I/chatty  ( 1151): uid=1000(system) ActivityManager expire 6 lines
10-21 16:03:25.053 E/wificond(  741): Failed to get NL80211_STA_INFO_CNAHLOAD
10-21 16:03:27.249 I/chatty  ( 1151): uid=1000(system) PackageInstalle expire 2 lines
10-21 16:03:27.399 I/chatty  ( 1151): uid=1000(system) PackageManager expire 10 lines
10-21 16:03:28.070 E/wificond(  741): Failed to get NL80211_STA_INFO_CNAHLOAD
10-21 16:03:28.299 I/HwKeystoreServiceImpl( 1804): package removed for update, packageName:com.google.samples.cronet_sample appId:10121
10-21 16:03:28.340 I/chatty  ( 1151): uid=1000(system) watchdog expire 1 line
10-21 16:03:28.404 I/chatty  ( 1151): uid=1000(system) android.bg expire 3 lines
10-21 16:03:28.432 I/chatty  ( 1151): uid=1000(system) Binder:1151_1 expire 10 lines
10-21 16:03:28.460 I/chatty  ( 1151): uid=1000(system) Binder:1151_B expire 18 lines
10-21 16:03:28.517 D/ActivityThread( 9718): ActivityThread,attachApplication
10-21 16:03:28.518 I/chatty  ( 1151): uid=1000(system) Binder:1151_18 expire 28 lines
10-21 16:03:28.525 I/chatty  ( 1151): uid=1000(system) HwActivityManag expire 1 line
10-21 16:03:28.551 I/HwNetworkPolicyManager( 2019): getHwUidPolicy uid = 10121 policy = 0
10-21 16:03:28.649 E/wificond(  741): Failed to get NL80211_STA_INFO_CNAHLOAD
10-21 16:03:28.654 E/wificond(  741): Failed to get NL80211_STA_INFO_CNAHLOAD
10-21 16:03:28.713 V/ActivityThread( 9718): ActivityThread,callActivityOnCreate
10-21 16:03:28.803 D/ActivityThread( 9718): add activity client record, r= ActivityRecord{f53eca token=android.os.BinderProxy@cb7d586 {com.google.samples.cronet_sample/com.google.samples.cronet_sample.WelcomeActivity}} token= android.os.BinderProxy@cb7d586
10-21 16:03:28.818 I/chatty  ( 1151): uid=1000(system) Binder:1151_15 expire 5 lines
10-21 16:03:28.844 I/CommandQueue( 1434): updateBarBgColor
10-21 16:03:28.844 D/CommandQueue( 1434): CommandQueue, setBarBackgroundColor
10-21 16:03:31.099 E/wificond(  741): Failed to get NL80211_STA_INFO_CNAHLOAD
10-21 16:03:33.416 W/ContextImpl( 5069): Calling a method in the system process without a qualified user: android.app.ContextImpl.startService:1656 android.content.ContextWrapper.startService:644 android.content.ContextWrapper.startService:644 com.android.settings.applications.BlackListReceiver.onReceive:35 android.app.ActivityThread.handleReceiver:3804 
10-21 16:03:33.619 W/ContextImpl( 5973): Calling a method in the system process without a qualified user: android.app.ContextImpl.startService:1656 android.content.ContextWrapper.startService:644 android.content.ContextWrapper.startService:644 com.huawei.systemmanager.antivirus.utils.AntiVirusTools.deleteVirusApk:632 com.huawei.systemmanager.antivirus.AntiVirusReceiver.handlerPackageRemoved:52 
10-21 16:03:33.636 W/ContextImpl( 5973): Calling a method in the system process without a qualified user: android.app.ContextImpl.startService:1656 android.content.ContextWrapper.startService:644 com.huawei.systemmanager.spacecleanner.receiver.SpaceCleanReceiver.checkRarelyUsedApp:87 com.huawei.systemmanager.spacecleanner.receiver.SpaceCleanReceiver.doInBackground:39 java.lang.reflect.Method.invoke:-2 
10-21 16:03:33.669 W/ContextImpl( 5069): Calling a method in the system process without a qualified user: android.app.ContextImpl.startService:1656 android.content.ContextWrapper.startService:644 android.content.ContextWrapper.startService:644 com.android.settings.applications.BlackListReceiver.onReceive:35 android.app.ActivityThread.handleReceiver:3804 
10-21 16:03:33.734 V/ActivityThread( 9718): ActivityThread,callActivityOnCreate
10-21 16:03:33.821 I/chatty  ( 1151): uid=1000(system) Binder:1151_F expire 17 lines
10-21 16:03:33.824 W/ContextImpl( 5973): Calling a method in the system process without a qualified user: android.app.ContextImpl.startService:1656 android.content.ContextWrapper.startService:644 android.content.ContextWrapper.startService:644 com.huawei.systemmanager.antivirus.utils.AntiVirusTools.checkVirusForNewInstalledApk:620 com.huawei.systemmanager.antivirus.AntiVirusReceiver.onReceive:36 
10-21 16:03:33.844 D/ActivityThread( 9718): add activity client record, r= ActivityRecord{eb389ef token=android.os.BinderProxy@e14e2a0 {com.google.samples.cronet_sample/com.google.samples.cronet_sample.MainActivity}} token= android.os.BinderProxy@e14e2a0
10-21 16:03:33.851 I/chatty  ( 1151): uid=1000(system) ConnectivitySer expire 7 lines
10-21 16:03:33.854 W/ContextImpl( 5973): Calling a method in the system process without a qualified user: android.app.ContextImpl.startService:1656 android.content.ContextWrapper.startService:644 com.huawei.systemmanager.spacecleanner.receiver.SpaceCleanReceiver.checkRarelyUsedApp:87 com.huawei.systemmanager.spacecleanner.receiver.SpaceCleanReceiver.doInBackground:39 java.lang.reflect.Method.invoke:-2 
10-21 16:03:33.881 I/chatty  ( 1151): uid=1000(system) Binder:1151_19 expire 11 lines
10-21 16:03:33.882 I/chatty  ( 1151): uid=1000(system) Binder:1151_1B expire 9 lines
10-21 16:03:33.912 I/chatty  ( 1151): uid=1000(system) android.anim expire 14 lines
10-21 16:03:34.118 E/wificond(  741): Failed to get NL80211_STA_INFO_CNAHLOAD
--------- beginning of crash
10-21 16:03:34.322 E/AndroidRuntime( 9718): FATAL EXCEPTION: main
10-21 16:03:34.322 E/AndroidRuntime( 9718): Process: com.google.samples.cronet_sample, PID: 9718
10-21 16:03:34.322 E/AndroidRuntime( 9718): java.lang.NullPointerException: Attempt to invoke virtual method 'int android.graphics.Bitmap.getHeight()' on a null object reference
10-21 16:03:34.322 E/AndroidRuntime( 9718): 	at com.google.samples.cronet_sample.ViewAdapter$SimpleUrlRequestCallback$1.run(ViewAdapter.java:155)
10-21 16:03:34.322 E/AndroidRuntime( 9718): 	at android.os.Handler.handleCallback(Handler.java:808)
10-21 16:03:34.322 E/AndroidRuntime( 9718): 	at android.os.Handler.dispatchMessage(Handler.java:101)
10-21 16:03:34.322 E/AndroidRuntime( 9718): 	at android.os.Looper.loop(Looper.java:166)
10-21 16:03:34.322 E/AndroidRuntime( 9718): 	at android.app.ActivityThread.main(ActivityThread.java:7529)
10-21 16:03:34.322 E/AndroidRuntime( 9718): 	at java.lang.reflect.Method.invoke(Native Method)
10-21 16:03:34.322 E/AndroidRuntime( 9718): 	at com.android.internal.os.Zygote$MethodAndArgsCaller.run(Zygote.java:245)
10-21 16:03:34.322 E/AndroidRuntime( 9718): 	at com.android.internal.os.ZygoteInit.main(ZygoteInit.java:921)
10-21 16:03:34.667 D/ActivityThread( 9814): ActivityThread,attachApplication
10-21 16:03:34.704 I/HwNetworkPolicyManager( 2019): getHwUidPolicy uid = 10121 policy = 0
10-21 16:03:34.710 I/chatty  ( 1151): uid=1000(system) Binder:1151_12 expire 4 lines
10-21 16:03:34.918 V/ActivityThread( 9814): ActivityThread,callActivityOnCreate
10-21 16:03:35.005 D/ActivityThread( 9814): add activity client record, r= ActivityRecord{bc9783b token=android.os.BinderProxy@cb7d586 {com.google.samples.cronet_sample/com.google.samples.cronet_sample.WelcomeActivity}} token= android.os.BinderProxy@cb7d586
10-21 16:03:35.074 I/chatty  ( 1151): uid=1000 system_server expire 2 lines
10-21 16:03:35.228 W/ContextImpl( 5069): Calling a method in the system process without a qualified user: android.app.ContextImpl.startService:1656 android.content.ContextWrapper.startService:644 android.content.ContextWrapper.startService:644 com.android.settings.applications.BlackListReceiver.onReceive:35 android.app.ActivityThread.handleReceiver:3804 
10-21 16:03:35.366 I/chatty  ( 1151): uid=1000(system) Binder:1151_1C expire 13 lines
10-21 16:03:36.302 I/chatty  ( 1151): uid=1000(system) UEventObserver expire 2 lines
10-21 16:03:36.329 I/chatty  ( 1151): uid=1000 system_server expire 14 lines
10-21 16:03:36.664 E/wificond(  741): Failed to get NL80211_STA_INFO_CNAHLOAD
10-21 16:03:36.670 I/chatty  (  741): uid=1010(wifi) /system/bin/wificond identical 1 line
10-21 16:03:37.144 E/wificond(  741): Failed to get NL80211_STA_INFO_CNAHLOAD
10-21 16:03:39.142 V/ActivityThread( 9814): ActivityThread,callActivityOnCreate
10-21 16:03:39.235 I/chatty  ( 1151): uid=1000(system) Binder:1151_19 expire 19 lines
10-21 16:03:39.235 I/chatty  ( 1151): uid=1000(system) ConnectivitySer expire 14 lines
10-21 16:03:39.236 D/ActivityThread( 9814): add activity client record, r= ActivityRecord{67d9fc9 token=android.os.BinderProxy@817846 {com.google.samples.cronet_sample/com.google.samples.cronet_sample.MainActivity}} token= android.os.BinderProxy@817846
10-21 16:03:39.305 I/chatty  ( 1151): uid=1000(system) android.anim expire 24 lines
10-21 16:03:39.606 E/AndroidRuntime( 9814): FATAL EXCEPTION: main
10-21 16:03:39.606 E/AndroidRuntime( 9814): Process: com.google.samples.cronet_sample, PID: 9814
10-21 16:03:39.606 E/AndroidRuntime( 9814): java.lang.NullPointerException: Attempt to invoke virtual method 'int android.graphics.Bitmap.getHeight()' on a null object reference
10-21 16:03:39.606 E/AndroidRuntime( 9814): 	at com.google.samples.cronet_sample.ViewAdapter$SimpleUrlRequestCallback$1.run(ViewAdapter.java:155)
10-21 16:03:39.606 E/AndroidRuntime( 9814): 	at android.os.Handler.handleCallback(Handler.java:808)
10-21 16:03:39.606 E/AndroidRuntime( 9814): 	at android.os.Handler.dispatchMessage(Handler.java:101)
10-21 16:03:39.606 E/AndroidRuntime( 9814): 	at android.os.Looper.loop(Looper.java:166)
10-21 16:03:39.606 E/AndroidRuntime( 9814): 	at android.app.ActivityThread.main(ActivityThread.java:7529)
10-21 16:03:39.606 E/AndroidRuntime( 9814): 	at java.lang.reflect.Method.invoke(Native Method)
10-21 16:03:39.606 E/AndroidRuntime( 9814): 	at com.android.internal.os.Zygote$MethodAndArgsCaller.run(Zygote.java:245)
10-21 16:03:39.606 E/AndroidRuntime( 9814): 	at com.android.internal.os.ZygoteInit.main(ZygoteInit.java:921)
10-21 16:03:39.687 I/chatty  ( 1151): uid=1000(system) android.ui expire 4 lines
10-21 16:03:39.702 I/HwNetworkPolicyManager( 2019): getHwUidPolicy uid = 10049 policy = 0
10-21 16:03:39.737 I/chatty  ( 1151): uid=1000(system) Binder:1151_18 expire 22 lines
10-21 16:03:39.782 I/chatty  ( 1151): uid=1000(system) Binder:1151_7 expire 34 lines
10-21 16:03:39.784 I/chatty  ( 1151): uid=1000(system) Binder:1151_3 expire 22 lines
10-21 16:03:39.790 I/chatty  ( 1151): uid=1000(system) Binder:1151_F expire 18 lines
10-21 16:03:39.803 I/chatty  ( 1151): uid=1000(system) HwActivityManag expire 3 lines
10-21 16:03:39.817 I/chatty  ( 1151): uid=1000(system) android.display expire 2 lines
10-21 16:03:39.840 I/CommandQueue( 1434): updateBarBgColor
10-21 16:03:39.840 D/CommandQueue( 1434): CommandQueue, setBarBackgroundColor
10-21 16:03:40.167 E/wificond(  741): Failed to get NL80211_STA_INFO_CNAHLOAD
10-21 16:03:42.362 D/ActivityThread( 9903): ActivityThread,attachApplication
10-21 16:03:42.385 I/HwNetworkPolicyManager( 2019): getHwUidPolicy uid = 10121 policy = 0
10-21 16:03:42.545 V/ActivityThread( 9903): ActivityThread,callActivityOnCreate
10-21 16:03:42.636 D/ActivityThread( 9903): add activity client record, r= ActivityRecord{f53eca token=android.os.BinderProxy@cb7d586 {com.google.samples.cronet_sample/com.google.samples.cronet_sample.WelcomeActivity}} token= android.os.BinderProxy@cb7d586
10-21 16:03:42.691 I/CommandQueue( 1434): updateBarBgColor
10-21 16:03:42.691 D/CommandQueue( 1434): CommandQueue, setBarBackgroundColor
10-21 16:03:43.177 E/wificond(  741): Failed to get NL80211_STA_INFO_CNAHLOAD
10-21 16:03:43.486 I/chatty  ( 1151): uid=1000(system) AlarmManager expire 1 line
10-21 16:03:43.771 V/ActivityThread( 9903): ActivityThread,callActivityOnCreate
10-21 16:03:43.865 D/ActivityThread( 9903): add activity client record, r= ActivityRecord{452bcfc token=android.os.BinderProxy@3b16e59 {com.google.samples.cronet_sample/com.google.samples.cronet_sample.MainActivity}} token= android.os.BinderProxy@3b16e59
10-21 16:03:44.234 E/AndroidRuntime( 9903): FATAL EXCEPTION: main
10-21 16:03:44.234 E/AndroidRuntime( 9903): Process: com.google.samples.cronet_sample, PID: 9903
10-21 16:03:44.234 E/AndroidRuntime( 9903): java.lang.NullPointerException: Attempt to invoke virtual method 'int android.graphics.Bitmap.getHeight()' on a null object reference
10-21 16:03:44.234 E/AndroidRuntime( 9903): 	at com.google.samples.cronet_sample.ViewAdapter$SimpleUrlRequestCallback$1.run(ViewAdapter.java:155)
10-21 16:03:44.234 E/AndroidRuntime( 9903): 	at android.os.Handler.handleCallback(Handler.java:808)
10-21 16:03:44.234 E/AndroidRuntime( 9903): 	at android.os.Handler.dispatchMessage(Handler.java:101)
10-21 16:03:44.234 E/AndroidRuntime( 9903): 	at android.os.Looper.loop(Looper.java:166)
10-21 16:03:44.234 E/AndroidRuntime( 9903): 	at android.app.ActivityThread.main(ActivityThread.java:7529)
10-21 16:03:44.234 E/AndroidRuntime( 9903): 	at java.lang.reflect.Method.invoke(Native Method)
10-21 16:03:44.234 E/AndroidRuntime( 9903): 	at com.android.internal.os.Zygote$MethodAndArgsCaller.run(Zygote.java:245)
10-21 16:03:44.234 E/AndroidRuntime( 9903): 	at com.android.internal.os.ZygoteInit.main(ZygoteInit.java:921)
10-21 16:03:44.330 I/HwNetworkPolicyManager( 2019): getHwUidPolicy uid = 10049 policy = 0
10-21 16:03:44.525 I/chatty  ( 1151): uid=1000(system) Binder:1151_5 expire 16 lines
10-21 16:03:44.529 I/chatty  ( 1151): uid=1000(system) Binder:1151_11 expire 8 lines
10-21 16:03:44.582 I/chatty  ( 1151): uid=1000(system) Binder:1151_17 expire 18 lines
10-21 16:03:44.585 I/CommandQueue( 1434): updateBarBgColor
10-21 16:03:44.585 D/CommandQueue( 1434): CommandQueue, setBarBackgroundColor
10-21 16:03:44.667 E/wificond(  741): Failed to get NL80211_STA_INFO_CNAHLOAD
10-21 16:03:44.670 E/wificond(  741): Failed to get NL80211_STA_INFO_CNAHLOAD
10-21 16:03:45.587 I/chatty  ( 1151): uid=1000(system) Binder:1151_5 expire 3 lines
10-21 16:03:45.590 I/chatty  ( 1151): uid=1000(system) android.anim expire 31 lines
10-21 16:03:45.621 D/ActivityThread( 9967): ActivityThread,attachApplication
10-21 16:03:45.628 I/chatty  ( 1151): uid=1000(system) HwActivityManag expire 4 lines
10-21 16:03:45.635 I/chatty  ( 1151): uid=1000(system) android.ui expire 6 lines
10-21 16:03:45.640 I/chatty  ( 1151): uid=1000(system) Binder:1151_19 expire 51 lines
10-21 16:03:45.644 I/HwNetworkPolicyManager( 2019): getHwUidPolicy uid = 10121 policy = 0
10-21 16:03:45.645 I/chatty  ( 1151): uid=1000(system) Binder:1151_11 expire 23 lines
10-21 16:03:45.794 V/ActivityThread( 9967): ActivityThread,callActivityOnCreate
10-21 16:03:45.884 D/ActivityThread( 9967): add activity client record, r= ActivityRecord{f53eca token=android.os.BinderProxy@cb7d586 {com.google.samples.cronet_sample/com.google.samples.cronet_sample.WelcomeActivity}} token= android.os.BinderProxy@cb7d586
10-21 16:03:45.932 I/chatty  ( 1151): uid=1000(system) Binder:1151_7 expire 23 lines
10-21 16:03:45.933 I/CommandQueue( 1434): updateBarBgColor
10-21 16:03:45.934 D/CommandQueue( 1434): CommandQueue, setBarBackgroundColor
10-21 16:03:46.190 E/wificond(  741): Failed to get NL80211_STA_INFO_CNAHLOAD
10-21 16:03:46.437 I/chatty  ( 1151): uid=1000(system) MultiTaskManage expire 4 lines
10-21 16:03:46.445 V/ActivityThread( 1434): ActivityThread,callActivityOnCreate
10-21 16:03:46.486 D/ActivityThread( 1434): add activity client record, r= ActivityRecord{b7005d6 token=android.os.BinderProxy@56d6cdd {com.android.systemui/com.android.systemui.recents.RecentsActivity}} token= android.os.BinderProxy@56d6cdd
10-21 16:03:46.547 I/CommandQueue( 1434): updateBarBgColor
10-21 16:03:46.547 D/CommandQueue( 1434): CommandQueue, setBarBackgroundColor
10-21 16:03:47.765 I/HwNetworkPolicyManager( 2019): getHwUidPolicy uid = 10049 policy = 0
10-21 16:03:47.766 I/chatty  ( 1151): uid=1000(system) Binder:1151_8 expire 29 lines
10-21 16:03:47.778 I/CommandQueue( 1434): updateBarBgColor
10-21 16:03:47.778 D/CommandQueue( 1434): CommandQueue, setBarBackgroundColor
