10-21 17:28:58.094 I/MediaProcessHandler( 1804): playingUids: 
10-21 17:28:58.095 D/ActivityThread(10045): add activity client record, r= ActivityRecord{640d1f9 token=android.os.BinderProxy@cd0fb56 {com.android.settings/com.android.settings.Settings$WirelessSettingsActivity}} token= android.os.BinderProxy@cd0fb56
10-21 17:28:58.120 I/chatty  (10045): uid=1000(system) com.android.settings expire 1 line
10-21 17:28:58.126 E/SELinux (  433): avc:  denied  { find } for interface=vendor.huawei.hardware.hwsched::ISched pid=525 scontext=u:r:surfaceflinger:s0 tcontext=u:object_r:default_android_hwservice:s0 tclass=hwservice_manager
10-21 17:28:58.126 E/BufferQueueProducer(  525): [] Can not get hwsched service
10-21 17:28:58.132 I/GRALLOC (  491): 	 shrFd=10,fmt=0x1,intFmt=0x200000001,btStrd=4352,size=8486912,pid=491 
10-21 17:28:58.132 I/GRALLOC (  491): 	 yuv=2,w=1080,h=1920,Stride u=0 v=0,offset u=0 v=0 
10-21 17:28:58.132 I/GRALLOC (  491): 	 iova_size=8486912,conUsg=0x900,proUsg=0x900,	 strd=1088,[afbc]HdrStrd=1088 PyldStrd=69632 Scrmbl=0,ionhnd = 1 
10-21 17:28:58.133 I/GRALLOC (  491): 	 shrFd=10,fmt=0x1,intFmt=0x200000001,btStrd=4352,size=8486912,pid=491 
10-21 17:28:58.133 I/GRALLOC (  491): 	 yuv=2,w=1080,h=1920,Stride u=0 v=0,offset u=0 v=0 
10-21 17:28:58.133 I/GRALLOC (  491): 	 iova_size=8486912,conUsg=0x900,proUsg=0x900,	 strd=1088,[afbc]HdrStrd=1088 PyldStrd=69632 Scrmbl=0,ionhnd = 1 
10-21 17:28:58.134 I/GRALLOC (  491): 	 shrFd=10,fmt=0x1,intFmt=0x200000001,btStrd=4352,size=8486912,pid=491 
10-21 17:28:58.134 I/GRALLOC (  491): 	 yuv=2,w=1080,h=1920,Stride u=0 v=0,offset u=0 v=0 
10-21 17:28:58.134 I/GRALLOC (  491): 	 iova_size=8486912,conUsg=0x900,proUsg=0x900,	 strd=1088,[afbc]HdrStrd=1088 PyldStrd=69632 Scrmbl=0,ionhnd = 1 
10-21 17:28:58.178 I/GRALLOC (  491): 	 shrFd=10,fmt=0x1,intFmt=0x200000001,btStrd=4352,size=8486912,pid=491 
10-21 17:28:58.178 I/GRALLOC (  491): 	 yuv=2,w=1080,h=1920,Stride u=0 v=0,offset u=0 v=0 
10-21 17:28:58.178 I/GRALLOC (  491): 	 iova_size=8486912,conUsg=0xb00,proUsg=0xb00,	 strd=1088,[afbc]HdrStrd=1088 PyldStrd=69632 Scrmbl=0,ionhnd = 1 
10-21 17:28:58.191 I/chatty  ( 1151): uid=1000(system) android.anim expire 51 lines
10-21 17:28:58.197 I/GRALLOC (  491): 	 shrFd=10,fmt=0x1,intFmt=0x200000001,btStrd=4352,size=8486912,pid=491 
10-21 17:28:58.197 I/GRALLOC (  491): 	 yuv=2,w=1080,h=1920,Stride u=0 v=0,offset u=0 v=0 
10-21 17:28:58.197 I/GRALLOC (  491): 	 iova_size=8486912,conUsg=0xb00,proUsg=0xb00,	 strd=1088,[afbc]HdrStrd=1088 PyldStrd=69632 Scrmbl=0,ionhnd = 1 
10-21 17:28:58.198 I/wangchen( 5671): SysInfo.getSysParam: orientation=1||config d=3.0,w=1080,h=1792||metrics d=3.0,w=1080,h=1792||sdk=26,bar_h=72
10-21 17:28:58.198 I/KeymapLoader( 5671): w=1080 h=1792 ori=true appScale=3.3 s1=3.0
10-21 17:28:58.672 E/WifiHAL (  521): enter wifi_get_link_stats
10-21 17:28:58.684 E/wificond(  741): Failed to get NL80211_STA_INFO_CNAHLOAD
10-21 17:29:00.008 I/chatty  ( 1151): uid=1000 system_server expire 4 lines
10-21 17:29:00.030 W/HwKeyguardDragHelper( 1434): AnimationBlocked
10-21 17:29:00.036 E/DateView( 1434): DateView,mCurrentTime: 1571650140036
10-21 17:29:00.036 I/EventCenter( 1434): EventCenter Get :android.intent.action.TIME_TICK
10-21 17:29:00.041 D/WeatherHelper( 1434): City info empty
10-21 17:29:00.045 D/WeatherHelper( 1434): City info empty
10-21 17:29:00.046 W/ResourceType( 1434): No known package when getting value for resource number 0xffffffff
10-21 17:29:00.046 E/DateLunarView( 1434): mDateString is: 1021
10-21 17:29:00.047 W/ResourceType( 1434): No known package when getting value for resource number 0xffffffff
10-21 17:29:00.048 E/DateLunarView( 1434): mDateString is: 1021
10-21 17:29:00.048 D/KeyguardUpdateMonitor( 1434): received broadcast android.intent.action.TIME_TICK
10-21 17:29:00.049 D/KeyguardUpdateMonitor( 1434): handleTimeUpdate
10-21 17:29:00.049 I/KeyguardStatusView( 1434): Runnable for refresh
10-21 17:29:00.055 D/WeatherHelper( 1434): City info empty
10-21 17:29:00.059 I/HwLauncher( 1847): Model  onReceive intent=Intent { act=android.intent.action.TIME_TICK flg=0x50200014 hwFlg=0x900 (has extras) }
10-21 17:29:00.059 I/HwLauncher( 1847): Model  onReceive user=UserHandle{0}
10-21 17:29:00.072 I/aptouch_daemon(  529): filter_touch_detect, down, in: 1, out: 1
10-21 17:29:00.072 I/chatty  ( 1151): uid=1000(system) InputReader expire 36 lines
10-21 17:29:00.104 I/aptouch_daemon(  529): filter_touch_detect, all_touch_up
10-21 17:29:00.109 I/Step_LSC( 4422): 80001355|processHandleBroadcastAction action:android.intent.action.TIME_TICK
10-21 17:29:00.118 I/GRALLOC (  491): 	 shrFd=10,fmt=0x1,intFmt=0x200000001,btStrd=4352,size=8486912,pid=491 
10-21 17:29:00.118 I/GRALLOC (  491): 	 yuv=2,w=1080,h=1920,Stride u=0 v=0,offset u=0 v=0 
10-21 17:29:00.118 I/GRALLOC (  491): 	 iova_size=8486912,conUsg=0xb00,proUsg=0xb00,	 strd=1088,[afbc]HdrStrd=1088 PyldStrd=69632 Scrmbl=0,ionhnd = 1 
10-21 17:29:00.122 I/[HwRecSys]TimerController( 2469): onMinuteChange requestWeather
10-21 17:29:00.123 I/chatty  ( 1151): uid=1000(system) Binder:1151_E expire 1 line
10-21 17:29:00.142 I/PGServer( 1818): android calls fast hibernateApps
10-21 17:29:00.143 I/AppFastHibernation( 1818): fast hibernate duration: 1500 reason: start activity
10-21 17:29:00.143 I/Pged-IPgedBinderService(  745): ****action is 1, pid num is 2***
10-21 17:29:00.143 I/Pged-Freezer(  745): freezePids
10-21 17:29:00.143 I/Pged-Freezer(  745): Freeze process: 13625
10-21 17:29:00.144 W/ExpandableNotificationRow( 1434): setActionsBackground,null == view,mPublicLayout
10-21 17:29:00.144 W/ExpandableNotificationRow( 1434): setActionsBackground,null == view,mPrivateLayout
10-21 17:29:00.145 D/PgedBinderAdapter( 1818): frz ok, pid: [13625]
10-21 17:29:00.145 W/ExpandableNotificationRow( 1434): setActionsBackground,null == view,mPublicLayout
10-21 17:29:00.145 W/ExpandableNotificationRow( 1434): setActionsBackground,null == view,mPrivateLayout
10-21 17:29:00.150 W/ExpandableNotificationRow( 1434): setActionsBackground,null == view,mPublicLayout
10-21 17:29:00.150 W/ExpandableNotificationRow( 1434): setActionsBackground,null == view,mPrivateLayout
10-21 17:29:00.151 V/ActivityThread(10045): ActivityThread,callActivityOnCreate
10-21 17:29:00.151 W/ExpandableNotificationRow( 1434): setActionsBackground,null == view,mPublicLayout
10-21 17:29:00.151 W/ExpandableNotificationRow( 1434): setActionsBackground,null == view,mPrivateLayout
10-21 17:29:00.153 W/ExpandableNotificationRow( 1434): setActionsBackground,null == view,mPublicLayout
10-21 17:29:00.153 W/ExpandableNotificationRow( 1434): setActionsBackground,null == view,mPrivateLayout
10-21 17:29:00.154 W/ExpandableNotificationRow( 1434): setActionsBackground,null == view,mPublicLayout
10-21 17:29:00.154 W/ExpandableNotificationRow( 1434): setActionsBackground,null == view,mPrivateLayout
10-21 17:29:00.155 W/ExpandableNotificationRow( 1434): setActionsBackground,null == view,mPublicLayout
10-21 17:29:00.155 W/ExpandableNotificationRow( 1434): setActionsBackground,null == view,mPrivateLayout
10-21 17:29:00.156 W/ExpandableNotificationRow( 1434): setActionsBackground,null == view,mPublicLayout
10-21 17:29:00.156 W/ExpandableNotificationRow( 1434): setActionsBackground,null == view,mPrivateLayout
10-21 17:29:00.157 W/ExpandableNotificationRow( 1434): setActionsBackground,null == view,mPublicLayout
10-21 17:29:00.157 W/ExpandableNotificationRow( 1434): setActionsBackground,null == view,mPrivateLayout
10-21 17:29:00.157 W/ExpandableNotificationRow( 1434): setActionsBackground,null == view,mPublicLayout
10-21 17:29:00.157 W/ExpandableNotificationRow( 1434): setActionsBackground,null == view,mPrivateLayout
10-21 17:29:00.158 W/ExpandableNotificationRow( 1434): setActionsBackground,null == view,mPublicLayout
10-21 17:29:00.158 W/ExpandableNotificationRow( 1434): setActionsBackground,null == view,mPrivateLayout
10-21 17:29:00.159 W/ExpandableNotificationRow( 1434): setActionsBackground,null == view,mPublicLayout
10-21 17:29:00.159 W/ExpandableNotificationRow( 1434): setActionsBackground,null == view,mPrivateLayout
10-21 17:29:00.160 W/ExpandableNotificationRow( 1434): setActionsBackground,null == view,mPublicLayout
10-21 17:29:00.160 W/ExpandableNotificationRow( 1434): setActionsBackground,null == view,mPrivateLayout
10-21 17:29:00.161 W/ExpandableNotificationRow( 1434): setActionsBackground,null == view,mPublicLayout
10-21 17:29:00.161 W/ExpandableNotificationRow( 1434): setActionsBackground,null == view,mPrivateLayout
10-21 17:29:00.164 W/ExpandableNotificationRow( 1434): setActionsBackground,null == view,mPublicLayout
10-21 17:29:00.164 W/ExpandableNotificationRow( 1434): setActionsBackground,null == view,mPrivateLayout
10-21 17:29:00.165 W/ExpandableNotificationRow( 1434): setActionsBackground,null == view,mPublicLayout
10-21 17:29:00.165 W/ExpandableNotificationRow( 1434): setActionsBackground,null == view,mPrivateLayout
10-21 17:29:00.165 W/ExpandableNotificationRow( 1434): setActionsBackground,null == view,mPublicLayout
10-21 17:29:00.165 W/ExpandableNotificationRow( 1434): setActionsBackground,null == view,mPrivateLayout
10-21 17:29:00.165 W/ExpandableNotificationRow( 1434): setActionsBackground,null == view,mPublicLayout
10-21 17:29:00.165 W/ExpandableNotificationRow( 1434): setActionsBackground,null == view,mPrivateLayout
10-21 17:29:00.165 W/ExpandableNotificationRow( 1434): setActionsBackground,null == view,mPublicLayout
10-21 17:29:00.165 W/ExpandableNotificationRow( 1434): setActionsBackground,null == view,mPrivateLayout
10-21 17:29:00.166 W/ExpandableNotificationRow( 1434): setActionsBackground,null == view,mPublicLayout
10-21 17:29:00.166 W/ExpandableNotificationRow( 1434): setActionsBackground,null == view,mPrivateLayout
10-21 17:29:00.166 W/ExpandableNotificationRow( 1434): setActionsBackground,null == view,mPublicLayout
10-21 17:29:00.166 W/ExpandableNotificationRow( 1434): setActionsBackground,null == view,mPrivateLayout
10-21 17:29:00.166 W/ExpandableNotificationRow( 1434): setActionsBackground,null == view,mPublicLayout
10-21 17:29:00.166 W/ExpandableNotificationRow( 1434): setActionsBackground,null == view,mPrivateLayout
10-21 17:29:00.166 W/ExpandableNotificationRow( 1434): setActionsBackground,null == view,mPublicLayout
10-21 17:29:00.166 W/ExpandableNotificationRow( 1434): setActionsBackground,null == view,mPrivateLayout
10-21 17:29:00.166 W/ExpandableNotificationRow( 1434): setActionsBackground,null == view,mPublicLayout
10-21 17:29:00.166 W/ExpandableNotificationRow( 1434): setActionsBackground,null == view,mPrivateLayout
10-21 17:29:00.166 W/ExpandableNotificationRow( 1434): setActionsBackground,null == view,mPublicLayout
10-21 17:29:00.166 W/ExpandableNotificationRow( 1434): setActionsBackground,null == view,mPrivateLayout
10-21 17:29:00.166 W/ExpandableNotificationRow( 1434): setActionsBackground,null == view,mPublicLayout
10-21 17:29:00.166 W/ExpandableNotificationRow( 1434): setActionsBackground,null == view,mPrivateLayout
10-21 17:29:00.167 W/ExpandableNotificationRow( 1434): setActionsBackground,null == view,mPublicLayout
10-21 17:29:00.167 W/ExpandableNotificationRow( 1434): setActionsBackground,null == view,mPrivateLayout
10-21 17:29:00.167 W/ExpandableNotificationRow( 1434): setActionsBackground,null == view,mPublicLayout
10-21 17:29:00.167 W/ExpandableNotificationRow( 1434): setActionsBackground,null == view,mPrivateLayout
10-21 17:29:00.167 W/HwKeyguardDragHelper( 1434): AnimationBlocked
10-21 17:29:00.170 W/ContextImpl(10045): Calling a method in the system process without a qualified user: android.app.ContextImpl.bindService:1736 android.content.ContextWrapper.bindService:678 com.android.settings.wifi.WifiSettingsHwBase.bindInstantOnline:733 com.android.settings.wifi.WifiSettings.onCreate:398 android.app.Fragment.performCreate:2606 
10-21 17:29:00.171 D/WeatherHelper( 1434): City info empty
10-21 17:29:00.171 D/DateTimeView( 1434): Change to single clock mode!
10-21 17:29:00.172 D/WeatherHelper( 1434): City info empty
10-21 17:29:00.172 D/WeatherHelper( 1434): City info empty
10-21 17:29:00.173 D/DateTimeView( 1434): Change to single clock mode!
10-21 17:29:00.174 D/WeatherHelper( 1434): City info empty
10-21 17:29:00.175 W/ExpandableNotificationRow( 1434): setActionsBackground,null == view,mPublicLayout
10-21 17:29:00.175 W/ExpandableNotificationRow( 1434): setActionsBackground,null == view,mPrivateLayout
10-21 17:29:00.176 W/ExpandableNotificationRow( 1434): setActionsBackground,null == view,mPublicLayout
10-21 17:29:00.176 W/ExpandableNotificationRow( 1434): setActionsBackground,null == view,mPrivateLayout
10-21 17:29:00.176 W/ExpandableNotificationRow( 1434): setActionsBackground,null == view,mPublicLayout
10-21 17:29:00.176 W/ExpandableNotificationRow( 1434): setActionsBackground,null == view,mPrivateLayout
10-21 17:29:00.176 W/ExpandableNotificationRow( 1434): setActionsBackground,null == view,mPublicLayout
10-21 17:29:00.176 W/ExpandableNotificationRow( 1434): setActionsBackground,null == view,mPrivateLayout
10-21 17:29:00.176 W/ExpandableNotificationRow( 1434): setActionsBackground,null == view,mPublicLayout
10-21 17:29:00.176 W/ExpandableNotificationRow( 1434): setActionsBackground,null == view,mPrivateLayout
10-21 17:29:00.176 W/ExpandableNotificationRow( 1434): setActionsBackground,null == view,mPublicLayout
10-21 17:29:00.176 W/ExpandableNotificationRow( 1434): setActionsBackground,null == view,mPrivateLayout
10-21 17:29:00.176 W/ExpandableNotificationRow( 1434): setActionsBackground,null == view,mPublicLayout
10-21 17:29:00.176 W/ExpandableNotificationRow( 1434): setActionsBackground,null == view,mPrivateLayout
10-21 17:29:00.177 W/ExpandableNotificationRow( 1434): setActionsBackground,null == view,mPublicLayout
10-21 17:29:00.177 W/ExpandableNotificationRow( 1434): setActionsBackground,null == view,mPrivateLayout
10-21 17:29:00.177 W/ExpandableNotificationRow( 1434): setActionsBackground,null == view,mPublicLayout
10-21 17:29:00.177 W/ExpandableNotificationRow( 1434): setActionsBackground,null == view,mPrivateLayout
10-21 17:29:00.177 W/HwKeyguardDragHelper( 1434): AnimationBlocked
10-21 17:29:00.179 I/chatty  ( 1151): uid=1000 system_server expire 1 line
10-21 17:29:00.183 E/SELinux (  433): avc:  denied  { find } for interface=vendor.huawei.hardware.hwsched::ISched pid=525 scontext=u:r:surfaceflinger:s0 tcontext=u:object_r:default_android_hwservice:s0 tclass=hwservice_manager
10-21 17:29:00.183 E/BufferQueueProducer(  525): [] Can not get hwsched service
10-21 17:29:00.191 D/ActivityThread(10045): add activity client record, r= ActivityRecord{6d866e9 token=android.os.BinderProxy@4204bc2 {com.android.settings/com.android.settings.Settings$WifiSettingsActivity}} token= android.os.BinderProxy@4204bc2
10-21 17:29:00.192 I/GRALLOC (  491): 	 shrFd=10,fmt=0x1,intFmt=0x1,btStrd=4352,size=8355840,pid=491 
10-21 17:29:00.192 I/GRALLOC (  491): 	 yuv=2,w=1080,h=1920,Stride u=0 v=0,offset u=0 v=0 
10-21 17:29:00.192 I/GRALLOC (  491): 	 iova_size=8355840,conUsg=0x906,proUsg=0x966,	 strd=1088,[afbc]HdrStrd=0 PyldStrd=0 Scrmbl=0,ionhnd = 1 
10-21 17:29:00.198 W/ContextImpl(10045): Calling a method in the system process without a qualified user: android.app.ContextImpl.bindService:1736 android.content.ContextWrapper.bindService:678 com.android.settings.wifi.WifiSettingsHwBase.bindInstantOnline:733 com.android.settings.wifi.WifiSettingsHwBase.startInstantOnlineDiscover:747 com.android.settings.wifi.WifiSettingsHwBase.onResume:594 
10-21 17:29:00.201 I/AppManager( 1818): dependence has been existed:10045 -> 2830
10-21 17:29:00.209 I/chatty  ( 1151): uid=1000(system) ConnectivitySer expire 6 lines
10-21 17:29:00.213 I/chatty  (10045): uid=1000(system) com.android.settings expire 17 lines
10-21 17:29:00.220 I/chatty  (10045): uid=1000(system) com.android.settings expire 1 line
10-21 17:29:00.225 E/SELinux (  433): avc:  denied  { find } for interface=vendor.huawei.hardware.hwsched::ISched pid=525 scontext=u:r:surfaceflinger:s0 tcontext=u:object_r:default_android_hwservice:s0 tclass=hwservice_manager
10-21 17:29:00.225 E/BufferQueueProducer(  525): [] Can not get hwsched service
10-21 17:29:00.229 I/GRALLOC (  491): 	 shrFd=10,fmt=0x1,intFmt=0x200000001,btStrd=4352,size=8486912,pid=491 
10-21 17:29:00.229 I/GRALLOC (  491): 	 yuv=2,w=1080,h=1920,Stride u=0 v=0,offset u=0 v=0 
10-21 17:29:00.229 I/GRALLOC (  491): 	 iova_size=8486912,conUsg=0x900,proUsg=0x900,	 strd=1088,[afbc]HdrStrd=1088 PyldStrd=69632 Scrmbl=0,ionhnd = 1 
10-21 17:29:00.230 I/chatty  (  491): uid=1000(system) allocator@2.0-s identical 5 lines
10-21 17:29:00.231 I/GRALLOC (  491): 	 shrFd=10,fmt=0x1,intFmt=0x200000001,btStrd=4352,size=8486912,pid=491 
10-21 17:29:00.231 I/GRALLOC (  491): 	 yuv=2,w=1080,h=1920,Stride u=0 v=0,offset u=0 v=0 
10-21 17:29:00.231 I/GRALLOC (  491): 	 iova_size=8486912,conUsg=0x900,proUsg=0x900,	 strd=1088,[afbc]HdrStrd=1088 PyldStrd=69632 Scrmbl=0,ionhnd = 1 
10-21 17:29:00.246 D/HwRecentsLockUtils( 1434): Search
10-21 17:29:00.246 E/HsmCoreServiceImpl( 1804): onTransact in code is: 103
10-21 17:29:00.246 I/MediaProcessHandler( 1804): playingUids: 
10-21 17:29:00.274 I/HwInstantOnline-InstantOnlineService( 2830): IInstantOnline.startDiscover: 
10-21 17:29:00.274 I/HwInstantOnline-InstantOnlineService( 2830): switchDiscoverStatus:true
10-21 17:29:00.274 I/HwInstantOnline-NearbyWrapper( 2830): setDiscoverStatus: true
10-21 17:29:00.274 E/nearby  ( 2830): NearbyServiceJar:PublishListener looper can not be null
10-21 17:29:00.275 I/nearby  ( 2797): NearbyController:publish: Id:HUAWEI_INSTANT_SHARE_ID typeToken channel:1 listener:7f3af94
10-21 17:29:00.276 I/HwInstantOnline-InstantOnlineService( 2830): IInstantOnline.getDeviceList: 0
10-21 17:29:00.276 I/HwInstantOnline-InstantOnlineService( 2830): IInstantOnline.registerDeviceCallback: com.huawei.android.instantonline.adapter.IDeviceEventCallback$Stub$Proxy@8dfdb1a
10-21 17:29:00.276 I/nearby  ( 2797): Coexistence:choose best:CoexistenceParameter: ScanSpeedWindow 60|ScanSpeedIntervalMillis 1200|AdvertiseIntervalMillis 20
10-21 17:29:00.278 W/nearby  ( 2797): AdvStack:#### KPI of discover publish id:2,type:Token
10-21 17:29:00.279 I/nearby  ( 2797): BleAdvertiser:setAdvertisingData adv len:16 resp len:11
10-21 17:29:00.279 D/btservice-BluetoothAdapterService( 2280): getAdapterService() - returning com.android.bluetooth.btservice.AdapterService@3d34a4
10-21 17:29:00.279 D/btservice-BluetoothAdapterService( 2280): getAdapterService() - returning com.android.bluetooth.btservice.AdapterService@3d34a4
10-21 17:29:00.280 I/nearby  ( 2797): BleAdvertiser:setAdvEnabled: truecom.huawei.nearby.ble.advstack.A@8a276ce
10-21 17:29:00.280 I/nearby  ( 2797): BleApi:buildAdvertisingParametersAdvertisingSetParameters [connectable=true, isLegacy=true, isAnonymous=false, includeTxPower=false, primaryPhy=1, secondaryPhy=1, interval=32, txPowerLevel=-7]
10-21 17:29:00.280 I/nearby  ( 2797): BleAdvertiser:wait
10-21 17:29:00.285 I/GRALLOC (  491): 	 shrFd=10,fmt=0x1,intFmt=0x200000001,btStrd=4352,size=8486912,pid=491 
10-21 17:29:00.285 I/GRALLOC (  491): 	 yuv=2,w=1080,h=1920,Stride u=0 v=0,offset u=0 v=0 
10-21 17:29:00.285 I/GRALLOC (  491): 	 iova_size=8486912,conUsg=0xb00,proUsg=0xb00,	 strd=1088,[afbc]HdrStrd=1088 PyldStrd=69632 Scrmbl=0,ionhnd = 1 
10-21 17:29:00.285 W/JankService(  753): processEntry, not beta version or commercial log off
10-21 17:29:00.289 I/nearby  ( 2797): BleAdvertiser:onAdvertisingDataSet, mAdvertisingSet:android.bluetooth.le.AdvertisingSet@452bcfc ,status:0
10-21 17:29:00.290 I/nearby  ( 2797): BleAdvertiser:onScanResponseDataSet, mAdvertisingSet:android.bluetooth.le.AdvertisingSet@452bcfc ,status:0
10-21 17:29:00.292 I/nearby  ( 2797): BleAdvertiser:onAdvertisingParametersUpdated, mAdvertisingSet:android.bluetooth.le.AdvertisingSet@452bcfc ,status:0
10-21 17:29:00.293 I/nearby  ( 2797): BleAdvertiser:onAdvertisingEnabled, mAdvertisingSet:android.bluetooth.le.AdvertisingSet@452bcfc enable:true status:0
10-21 17:29:00.293 I/nearby  ( 2797): BleAdvertiser:notify
10-21 17:29:00.293 I/nearby  ( 2797): BleAdvertiser:exit wait
10-21 17:29:00.294 D/BluetoothAdapter( 2797): isLeEnabled(): ON
10-21 17:29:00.295 D/BluetoothLeScanner( 2797): onScannerRegistered() - status=0 scannerId=6 mScannerId=0
10-21 17:29:00.296 W/Bth-btfreeze( 2280): BluetoothFreeze:tag: 181  uid: 1000  pid: 2797
10-21 17:29:00.296 I/chatty  ( 1151): uid=1000(system) Binder:1151_9 expire 9 lines
10-21 17:29:00.296 D/HwMSDPDeviceStatusServiceProxy( 1790): getCurrentDeviceStatus in
10-21 17:29:00.297 D/ARMoudle.HwActivityRecognition( 1790): getCurrentActivityExtend
10-21 17:29:00.297 I/ArData  (  485): (ar_data_get_state:1213):id[2]
10-21 17:29:00.297 I/PGServer( 1818): report state:8 event type:1 pid:0 uid:1000 pkg:null to pid: 1151
10-21 17:29:00.297 I/BluetoothState( 1818): new active bluetooth uid: 1000, pid:2797, reason:BLE_SCAN
10-21 17:29:00.299 D/ARMoudle.HwActivityRecognition( 1790): hwActivityEvent:[ ActivityChangedExtendEvent:
10-21 17:29:00.299 D/ARMoudle.HwActivityRecognition( 1790):     Activity='android.activity_recognition.unknown', EventType=1, TimestampNs=6519021
10-21 17:29:00.299 D/ARMoudle.HwActivityRecognition( 1790): ]
10-21 17:29:00.300 D/HwMSDPDeviceStatusServiceProxy( 1790): timestampNs is (get) :6519021
10-21 17:29:00.300 D/HwMSDPDeviceStatusServiceProxy( 1790): sensorHubStatus  is android.activity_recognition.unknownmEventType is 1mTimestampNs is 6519021
10-21 17:29:00.301 D/HwMSDPStillStatusOfRelative( 1790): isMainSIMOkay main SIM card status is not ready
10-21 17:29:00.301 D/HwMSDPDeviceStatusServiceProxy( 1790): get current device status results is [ActivityChangedEvent:
10-21 17:29:00.301 D/HwMSDPDeviceStatusServiceProxy( 1790): DeviceStatus='android.msdp.device_status.type.unknown',EventType='1',TimestampNs=6519021
10-21 17:29:00.301 D/HwMSDPDeviceStatusServiceProxy( 1790): ]
10-21 17:29:00.302 D/HwMSDPDeviceStatusService( 1790): hwMSDPDeviceStatusEvents  is [DeviceStatus='android.msdp.device_status.type.unknown',EventType='1',TimestampNs=6519021]
10-21 17:29:00.304 I/WifiHAL (  521): Got channel list with 13 channels
10-21 17:29:00.307 I/WifiHAL (  521): Got channel list with 9 channels
10-21 17:29:00.308 I/WifiHAL (  521): Got channel list with 4 channels
10-21 17:29:00.312 D/wpa_supp( 5858): nl80211: Drv Event 33 (NL80211_CMD_TRIGGER_SCAN) received for wlan0
10-21 17:29:00.312 D/wpa_supp( 5858): wlan0: nl80211: Scan trigger
10-21 17:29:00.312 D/wpa_supp( 5858): wlan0: Event SCAN_STARTED (47) received
10-21 17:29:00.312 D/wpa_supp( 5858): wlan0: External program started a scan
10-21 17:29:00.312 I/chatty  ( 1151): uid=1000(system) WifiScanningSer expire 1 line
10-21 17:29:00.333 I/GRALLOC (  491): 	 shrFd=10,fmt=0x1,intFmt=0x200000001,btStrd=4352,size=8486912,pid=491 
10-21 17:29:00.333 I/GRALLOC (  491): 	 yuv=2,w=1080,h=1920,Stride u=0 v=0,offset u=0 v=0 
10-21 17:29:00.333 I/GRALLOC (  491): 	 iova_size=8486912,conUsg=0xb00,proUsg=0xb00,	 strd=1088,[afbc]HdrStrd=1088 PyldStrd=69632 Scrmbl=0,ionhnd = 1 
10-21 17:29:00.336 I/HwInstantOnline-InstantOnlineService( 2830): IInstantOnline.startDiscover: 
10-21 17:29:00.336 I/HwInstantOnline-InstantOnlineService( 2830): switchDiscoverStatus:true
10-21 17:29:00.336 I/HwInstantOnline-NearbyWrapper( 2830): setDiscoverStatus: true
10-21 17:29:00.337 I/HwInstantOnline-InstantOnlineService( 2830): IInstantOnline.getDeviceList: 0
10-21 17:29:00.340 I/wangchen( 5671): SysInfo.getSysParam: orientation=1||config d=3.0,w=1080,h=1792||metrics d=3.0,w=1080,h=1792||sdk=26,bar_h=72
10-21 17:29:00.340 I/KeymapLoader( 5671): w=1080 h=1792 ori=true appScale=3.3 s1=3.0
10-21 17:29:00.362 I/GRALLOC (  491): 	 shrFd=10,fmt=0x1,intFmt=0x200000001,btStrd=4352,size=8486912,pid=491 
10-21 17:29:00.362 I/GRALLOC (  491): 	 yuv=2,w=1080,h=1920,Stride u=0 v=0,offset u=0 v=0 
10-21 17:29:00.362 I/GRALLOC (  491): 	 iova_size=8486912,conUsg=0xb00,proUsg=0xb00,	 strd=1088,[afbc]HdrStrd=1088 PyldStrd=69632 Scrmbl=0,ionhnd = 1 
10-21 17:29:00.386 I/HwInstantOnline-InstantOnlineService( 2830): IInstantOnline.getCurrentDeviceStatus: 0
10-21 17:29:00.390 I/HwInstantOnline-InstantOnlineService( 2830): IInstantOnline.getCurrentDeviceStatus: 0
10-21 17:29:00.549 W/JankService(  753): processEntry, not beta version or commercial log off
10-21 17:29:00.625 I/NetworkSpeedManagerEx( 1434): mIsStop = false
10-21 17:29:00.625 I/NetworkSpeedManagerEx( 1434):  runInThread getTetherStats
10-21 17:29:00.626 I/NetworkSpeedManagerEx( 1434):  runInUI refreshSpeed
10-21 17:29:00.627 I/NetworkSpeedManagerEx( 1434): value=3019.0speed = 2.9
10-21 17:29:00.627 I/NetworkSpeedManagerEx( 1434): K/smIsShowLastSpeedValuefalse
10-21 17:29:00.627 I/NetworkSpeedView( 1434): /update(), speed=2.9
10-21 17:29:00.627 I/NetworkSpeedView( 1434): K/s parent class:class com.android.systemui.statusbar.HwSystemIcons
10-21 17:29:00.648 I/NetworkSpeedManagerEx( 1434): mIsStop = false
10-21 17:29:00.648 I/NetworkSpeedManagerEx( 1434):  runInThread getTetherStats
10-21 17:29:00.650 I/NetworkSpeedManagerEx( 1434):  runInUI refreshSpeed
10-21 17:29:00.651 I/NetworkSpeedManagerEx( 1434): value=3019.0speed = 2.9
10-21 17:29:00.651 I/NetworkSpeedManagerEx( 1434): K/smIsShowLastSpeedValuefalse
10-21 17:29:00.651 I/NetworkSpeedView( 1434): /update(), speed=2.9
10-21 17:29:00.651 I/NetworkSpeedView( 1434): K/s parent class:class com.android.systemui.statusbar.HwSystemIcons
10-21 17:29:00.660 W/JankService(  753): processEntry, not beta version or commercial log off
10-21 17:29:01.021 I/ash     ( 1818): com.baidu.input_huawei not ctrl in charging, delay to D!
10-21 17:29:01.085 I/aptouch_daemon(  529): filter_touch_detect, down, in: 1, out: 1
10-21 17:29:01.104 I/ash     ( 1818): com.huawei.contentsensor not ctrl in charging, delay to D!
10-21 17:29:01.109 I/ash     ( 1818): com.huawei.hiaction not ctrl in charging, delay to D!
10-21 17:29:01.117 I/aptouch_daemon(  529): filter_touch_detect, all_touch_up
10-21 17:29:01.133 I/chatty  (10045): uid=1000(system) com.android.settings expire 352 lines
10-21 17:29:01.155 I/HwInstantOnline-InstantOnlineService( 2830): IInstantOnline.stopDiscover: 
10-21 17:29:01.155 I/HwInstantOnline-InstantOnlineService( 2830): switchDiscoverStatus:false
10-21 17:29:01.155 I/HwInstantOnline-NearbyWrapper( 2830): setDiscoverStatus: false
10-21 17:29:01.156 I/nearby  ( 2797): NearbyController:unPublish binder:7f3af94
10-21 17:29:01.157 I/nearby  ( 2797): AdvStack:unPublish id:2,type:Token
10-21 17:29:01.157 I/nearby  ( 2797): BleAdvertiser:setAdvEnabled: falsecom.huawei.nearby.ble.advstack.A@8a276ce
10-21 17:29:01.157 I/nearby  ( 2797): BleAdvertiser:wait
10-21 17:29:01.159 I/nearby  ( 2797): BleAdvertiser:onAdvertisingEnabled, mAdvertisingSet:android.bluetooth.le.AdvertisingSet@452bcfc enable:false status:0
10-21 17:29:01.160 I/nearby  ( 2797): BleAdvertiser:notify
10-21 17:29:01.160 I/nearby  ( 2797): BleAdvertiser:exit wait
10-21 17:29:01.161 D/BluetoothAdapter( 2797): isLeEnabled(): ON
10-21 17:29:01.161 W/Bth-btfreeze( 2280): BluetoothFreeze:tag: 182  uid: 1000  pid: 2797
10-21 17:29:01.162 I/PGServer( 1818): report state:8 event type:2 pid:0 uid:1000 pkg:null to pid: 1151
10-21 17:29:01.163 W/Bth-btfreeze( 2280): BluetoothFreeze:tag: 182  uid: 1000
10-21 17:29:01.163 W/Bth-btfreeze( 2280): BluetoothFreeze:tag: 182  uid: 1000  pid: 2797
10-21 17:29:01.164 I/BluetoothState( 1818): inactive bluetooth uid: 1000, pid:2797, reason:BLE_SCAN
10-21 17:29:01.164 D/BluetoothState( 1818): stop bt uid:1000 state:BLE_SCAN total(ms):290555
10-21 17:29:01.167 D/BluetoothState( 1818): not find active bluetooth for inactive event uid: 1000, pid:2797, reason:BLE_CONNECT
10-21 17:29:01.182 I/chatty  ( 1151): uid=1000 system_server expire 1 line
10-21 17:29:01.185 E/SELinux (  433): avc:  denied  { find } for interface=vendor.huawei.hardware.hwsched::ISched pid=525 scontext=u:r:surfaceflinger:s0 tcontext=u:object_r:default_android_hwservice:s0 tclass=hwservice_manager
10-21 17:29:01.185 E/BufferQueueProducer(  525): [] Can not get hwsched service
10-21 17:29:01.189 V/ActivityThread(10045): ActivityThread,callActivityOnCreate
10-21 17:29:01.196 I/GRALLOC (  491): 	 shrFd=10,fmt=0x1,intFmt=0x1,btStrd=4352,size=8355840,pid=491 
10-21 17:29:01.196 I/GRALLOC (  491): 	 yuv=2,w=1080,h=1920,Stride u=0 v=0,offset u=0 v=0 
10-21 17:29:01.196 I/GRALLOC (  491): 	 iova_size=8355840,conUsg=0x906,proUsg=0x966,	 strd=1088,[afbc]HdrStrd=0 PyldStrd=0 Scrmbl=0,ionhnd = 1 
10-21 17:29:01.222 D/ActivityThread(10045): add activity client record, r= ActivityRecord{7baae41 token=android.os.BinderProxy@55708ba {com.android.settings/com.android.settings.SubSettings}} token= android.os.BinderProxy@55708ba
10-21 17:29:01.229 I/chatty  (10045): uid=1000(system) RenderThread expire 10 lines
10-21 17:29:01.231 I/chatty  (10045): uid=1000(system) AsyncTask #2 expire 59 lines
10-21 17:29:01.235 I/chatty  (10045): uid=1000(system) com.android.settings expire 1 line
10-21 17:29:01.242 E/SELinux (  433): avc:  denied  { find } for interface=vendor.huawei.hardware.hwsched::ISched pid=525 scontext=u:r:surfaceflinger:s0 tcontext=u:object_r:default_android_hwservice:s0 tclass=hwservice_manager
10-21 17:29:01.242 E/BufferQueueProducer(  525): [] Can not get hwsched service
10-21 17:29:01.248 I/GRALLOC (  491): 	 shrFd=10,fmt=0x1,intFmt=0x200000001,btStrd=4352,size=8486912,pid=491 
10-21 17:29:01.248 I/GRALLOC (  491): 	 yuv=2,w=1080,h=1920,Stride u=0 v=0,offset u=0 v=0 
10-21 17:29:01.248 I/GRALLOC (  491): 	 iova_size=8486912,conUsg=0x900,proUsg=0x900,	 strd=1088,[afbc]HdrStrd=1088 PyldStrd=69632 Scrmbl=0,ionhnd = 1 
10-21 17:29:01.250 I/GRALLOC (  491): 	 shrFd=10,fmt=0x1,intFmt=0x200000001,btStrd=4352,size=8486912,pid=491 
10-21 17:29:01.250 I/GRALLOC (  491): 	 yuv=2,w=1080,h=1920,Stride u=0 v=0,offset u=0 v=0 
10-21 17:29:01.250 I/GRALLOC (  491): 	 iova_size=8486912,conUsg=0x900,proUsg=0x900,	 strd=1088,[afbc]HdrStrd=1088 PyldStrd=69632 Scrmbl=0,ionhnd = 1 
10-21 17:29:01.266 D/HwRecentsLockUtils( 1434): Search
10-21 17:29:01.266 E/HsmCoreServiceImpl( 1804): onTransact in code is: 103
10-21 17:29:01.266 I/MediaProcessHandler( 1804): playingUids: 
10-21 17:29:01.267 I/chatty  ( 1151): uid=1000(system) Binder:1151_A expire 4 lines
10-21 17:29:01.283 I/GRALLOC (  491): 	 shrFd=10,fmt=0x1,intFmt=0x200000001,btStrd=4352,size=8486912,pid=491 
10-21 17:29:01.283 I/GRALLOC (  491): 	 yuv=2,w=1080,h=1920,Stride u=0 v=0,offset u=0 v=0 
10-21 17:29:01.283 I/GRALLOC (  491): 	 iova_size=8486912,conUsg=0xb00,proUsg=0xb00,	 strd=1088,[afbc]HdrStrd=1088 PyldStrd=69632 Scrmbl=0,ionhnd = 1 
10-21 17:29:01.294 W/JankService(  753): processEntry, not beta version or commercial log off
10-21 17:29:01.303 I/wangchen( 5671): SysInfo.getSysParam: orientation=1||config d=3.0,w=1080,h=1792||metrics d=3.0,w=1080,h=1792||sdk=26,bar_h=72
10-21 17:29:01.303 I/KeymapLoader( 5671): w=1080 h=1792 ori=true appScale=3.3 s1=3.0
10-21 17:29:01.311 I/GRALLOC (  491): 	 shrFd=10,fmt=0x1,intFmt=0x200000001,btStrd=4352,size=8486912,pid=491 
10-21 17:29:01.311 I/GRALLOC (  491): 	 yuv=2,w=1080,h=1920,Stride u=0 v=0,offset u=0 v=0 
10-21 17:29:01.311 I/GRALLOC (  491): 	 iova_size=8486912,conUsg=0xb00,proUsg=0xb00,	 strd=1088,[afbc]HdrStrd=1088 PyldStrd=69632 Scrmbl=0,ionhnd = 1 
10-21 17:29:01.389 I/chatty  ( 1151): uid=1000(system) UEventObserver expire 2 lines
10-21 17:29:01.393 I/MsgReceiver( 1818): intent action: android.intent.action.BATTERY_CHANGED
10-21 17:29:01.394 E/CloudAlbum[8.1.2.309](12964): [ReceiverManager] not log on ignore
10-21 17:29:01.394 D/KeyguardUpdateMonitor( 1434): received broadcast android.intent.action.BATTERY_CHANGED
10-21 17:29:01.395 W/KeyguardUpdateMonitor( 1434): ACTION_BATTERY_CHANGED AMP: 1400000; Volt: 4900000
10-21 17:29:01.395 V/KeyguardUpdateMonitor( 1434): RefreshBatteryInfo isBatteryLow: 85
10-21 17:29:01.395 W/KeyguardUpdateMonitor( 1434): ChargingSpeed  Wattage: 6860000 ST: 5000000 --> 7500000
10-21 17:29:01.395 I/KgBattery( 1434): BatteryInfo updated:  2lPc1
10-21 17:29:01.395 W/AppHandler( 1434): sendMessage with obj100
10-21 17:29:01.395 D/KeyguardUpdateMonitor( 1434): handleBatteryUpdate
10-21 17:29:01.395 V/KeyguardUpdateMonitor( 1434): RefreshBatteryInfo isBatteryLow: 85
10-21 17:29:01.395 W/HwKeyguardBottomArea( 1434): updateBatteryInfo : false  true
10-21 17:29:01.395 W/HwLockScreenPanel( 1434): refreshBatteryInfo: null
10-21 17:29:01.395 W/HwLockScreenPanel( 1434): Handle message: 100
10-21 17:29:01.395 W/KgBattery( 1434): getCharge info with type: text
10-21 17:29:01.396 W/HwKeyguardBottomArea( 1434): updateBatteryInfo : false  true
10-21 17:29:01.648 I/Pged-IPgedBinderService(  745): ****action is 2, pid num is 2***
10-21 17:29:01.648 I/Pged-Freezer(  745): thawPids
10-21 17:29:01.649 D/PgedBinderAdapter( 1818): unfrz ok, pid: [13625]
10-21 17:29:01.689 E/WifiHAL (  521): enter wifi_get_link_stats
10-21 17:29:01.699 E/wificond(  741): Failed to get NL80211_STA_INFO_CNAHLOAD
10-21 17:29:01.737 I/chatty  (10045): uid=1000(system) AsyncTask #4 expire 41 lines
10-21 17:29:01.866 I/aptouch_daemon(  529): filter_touch_detect, down, in: 1, out: 1
10-21 17:29:01.891 I/GRALLOC (  491): 	 shrFd=10,fmt=0x1,intFmt=0x200000001,btStrd=4352,size=8486912,pid=491 
10-21 17:29:01.891 I/GRALLOC (  491): 	 yuv=2,w=1080,h=1920,Stride u=0 v=0,offset u=0 v=0 
10-21 17:29:01.891 I/GRALLOC (  491): 	 iova_size=8486912,conUsg=0xb00,proUsg=0xb00,	 strd=1088,[afbc]HdrStrd=1088 PyldStrd=69632 Scrmbl=0,ionhnd = 1 
10-21 17:29:01.907 I/aptouch_daemon(  529): filter_touch_detect, all_touch_up
10-21 17:29:01.925 I/chatty  ( 1151): uid=1000(system) Binder:1151_1F expire 3 lines
10-21 17:29:01.943 I/HwInstantOnline-InstantOnlineService( 2830): IInstantOnline.startDiscover: 
10-21 17:29:01.943 I/HwInstantOnline-InstantOnlineService( 2830): switchDiscoverStatus:true
10-21 17:29:01.943 I/HwInstantOnline-NearbyWrapper( 2830): setDiscoverStatus: true
10-21 17:29:01.943 E/nearby  ( 2830): NearbyServiceJar:PublishListener looper can not be null
10-21 17:29:01.944 I/nearby  ( 2797): NearbyController:publish: Id:HUAWEI_INSTANT_SHARE_ID typeToken channel:1 listener:2b90a3d
10-21 17:29:01.945 I/HwInstantOnline-InstantOnlineService( 2830): IInstantOnline.getDeviceList: 0
10-21 17:29:01.946 I/nearby  ( 2797): Coexistence:choose best:CoexistenceParameter: ScanSpeedWindow 60|ScanSpeedIntervalMillis 1200|AdvertiseIntervalMillis 20
10-21 17:29:01.946 I/chatty  (10045): uid=1000(system) AsyncTask #1 expire 6 lines
10-21 17:29:01.947 W/nearby  ( 2797): AdvStack:#### KPI of discover publish id:2,type:Token
10-21 17:29:01.948 I/nearby  ( 2797): BleAdvertiser:setAdvertisingData adv len:16 resp len:11
10-21 17:29:01.948 D/btservice-BluetoothAdapterService( 2280): getAdapterService() - returning com.android.bluetooth.btservice.AdapterService@3d34a4
10-21 17:29:01.949 D/btservice-BluetoothAdapterService( 2280): getAdapterService() - returning com.android.bluetooth.btservice.AdapterService@3d34a4
10-21 17:29:01.949 I/nearby  ( 2797): BleAdvertiser:setAdvEnabled: truecom.huawei.nearby.ble.advstack.A@8a276ce
10-21 17:29:01.949 I/nearby  ( 2797): BleApi:buildAdvertisingParametersAdvertisingSetParameters [connectable=true, isLegacy=true, isAnonymous=false, includeTxPower=false, primaryPhy=1, secondaryPhy=1, interval=32, txPowerLevel=-7]
10-21 17:29:01.950 I/chatty  ( 1151): uid=1000(system) Binder:1151_A expire 1 line
10-21 17:29:01.950 I/chatty  ( 1151): uid=1000(system) ConnectivitySer expire 5 lines
10-21 17:29:01.953 I/nearby  ( 2797): BleAdvertiser:wait
10-21 17:29:01.953 I/nearby  ( 2797): BleAdvertiser:onAdvertisingDataSet, mAdvertisingSet:android.bluetooth.le.AdvertisingSet@452bcfc ,status:0
10-21 17:29:01.954 I/nearby  ( 2797): BleAdvertiser:onScanResponseDataSet, mAdvertisingSet:android.bluetooth.le.AdvertisingSet@452bcfc ,status:0
10-21 17:29:01.956 I/nearby  ( 2797): BleAdvertiser:onAdvertisingParametersUpdated, mAdvertisingSet:android.bluetooth.le.AdvertisingSet@452bcfc ,status:0
10-21 17:29:01.957 I/nearby  ( 2797): BleAdvertiser:onAdvertisingEnabled, mAdvertisingSet:android.bluetooth.le.AdvertisingSet@452bcfc enable:true status:0
10-21 17:29:01.957 I/nearby  ( 2797): BleAdvertiser:notify
10-21 17:29:01.957 I/nearby  ( 2797): BleAdvertiser:exit wait
10-21 17:29:01.958 D/BluetoothAdapter( 2797): isLeEnabled(): ON
10-21 17:29:01.959 D/BluetoothLeScanner( 2797): onScannerRegistered() - status=0 scannerId=6 mScannerId=0
10-21 17:29:01.959 W/Bth-btfreeze( 2280): BluetoothFreeze:tag: 181  uid: 1000  pid: 2797
10-21 17:29:01.961 I/PGServer( 1818): report state:8 event type:1 pid:0 uid:1000 pkg:null to pid: 1151
10-21 17:29:01.961 I/BluetoothState( 1818): new active bluetooth uid: 1000, pid:2797, reason:BLE_SCAN
10-21 17:29:01.963 E/SELinux (  433): avc:  denied  { find } for interface=vendor.huawei.hardware.hwsched::ISched pid=525 scontext=u:r:surfaceflinger:s0 tcontext=u:object_r:default_android_hwservice:s0 tclass=hwservice_manager
10-21 17:29:01.963 E/BufferQueueProducer(  525): [] Can not get hwsched service
10-21 17:29:01.965 I/chatty  ( 1151): uid=1000(system) Binder:1151_1C expire 3 lines
10-21 17:29:01.968 I/GRALLOC (  491): 	 shrFd=10,fmt=0x1,intFmt=0x200000001,btStrd=4352,size=8486912,pid=491 
10-21 17:29:01.968 I/GRALLOC (  491): 	 yuv=2,w=1080,h=1920,Stride u=0 v=0,offset u=0 v=0 
10-21 17:29:01.968 I/GRALLOC (  491): 	 iova_size=8486912,conUsg=0x900,proUsg=0x900,	 strd=1088,[afbc]HdrStrd=1088 PyldStrd=69632 Scrmbl=0,ionhnd = 1 
10-21 17:29:01.969 I/GRALLOC (  491): 	 shrFd=10,fmt=0x1,intFmt=0x200000001,btStrd=4352,size=8486912,pid=491 
10-21 17:29:01.969 I/GRALLOC (  491): 	 yuv=2,w=1080,h=1920,Stride u=0 v=0,offset u=0 v=0 
10-21 17:29:01.969 I/GRALLOC (  491): 	 iova_size=8486912,conUsg=0x900,proUsg=0x900,	 strd=1088,[afbc]HdrStrd=1088 PyldStrd=69632 Scrmbl=0,ionhnd = 1 
10-21 17:29:01.971 I/chatty  ( 1151): uid=1000(system) Binder:1151_5 expire 4 lines
10-21 17:29:01.972 D/HwMSDPDeviceStatusServiceProxy( 1790): getCurrentDeviceStatus in
10-21 17:29:01.972 D/ARMoudle.HwActivityRecognition( 1790): getCurrentActivityExtend
10-21 17:29:01.972 I/ArData  (  485): (ar_data_get_state:1213):id[2]
10-21 17:29:01.974 D/ARMoudle.HwActivityRecognition( 1790): hwActivityEvent:[ ActivityChangedExtendEvent:
10-21 17:29:01.974 D/ARMoudle.HwActivityRecognition( 1790):     Activity='android.activity_recognition.unknown', EventType=1, TimestampNs=6519021
10-21 17:29:01.974 D/ARMoudle.HwActivityRecognition( 1790): ]
10-21 17:29:01.974 D/HwMSDPDeviceStatusServiceProxy( 1790): timestampNs is (get) :6519021
10-21 17:29:01.974 D/HwMSDPDeviceStatusServiceProxy( 1790): sensorHubStatus  is android.activity_recognition.unknownmEventType is 1mTimestampNs is 6519021
10-21 17:29:01.975 D/HwMSDPStillStatusOfRelative( 1790): isMainSIMOkay main SIM card status is not ready
10-21 17:29:01.975 D/HwMSDPDeviceStatusServiceProxy( 1790): get current device status results is [ActivityChangedEvent:
10-21 17:29:01.975 D/HwMSDPDeviceStatusServiceProxy( 1790): DeviceStatus='android.msdp.device_status.type.unknown',EventType='1',TimestampNs=6519021
10-21 17:29:01.975 D/HwMSDPDeviceStatusServiceProxy( 1790): ]
10-21 17:29:01.975 D/HwMSDPDeviceStatusService( 1790): hwMSDPDeviceStatusEvents  is [DeviceStatus='android.msdp.device_status.type.unknown',EventType='1',TimestampNs=6519021]
10-21 17:29:01.977 I/HwInstantOnline-InstantOnlineService( 2830): IInstantOnline.getCurrentDeviceStatus: 0
10-21 17:29:01.983 I/wangchen( 5671): SysInfo.getSysParam: orientation=1||config d=3.0,w=1080,h=1792||metrics d=3.0,w=1080,h=1792||sdk=26,bar_h=72
10-21 17:29:01.984 I/KeymapLoader( 5671): w=1080 h=1792 ori=true appScale=3.3 s1=3.0
10-21 17:29:02.029 D/HwRecentsLockUtils( 1434): Search
10-21 17:29:02.029 E/HsmCoreServiceImpl( 1804): onTransact in code is: 103
10-21 17:29:02.029 I/MediaProcessHandler( 1804): playingUids: 
10-21 17:29:02.085 I/GRALLOC (  491): 	 shrFd=10,fmt=0x1,intFmt=0x200000001,btStrd=4352,size=8486912,pid=491 
10-21 17:29:02.085 I/GRALLOC (  491): 	 yuv=2,w=1080,h=1920,Stride u=0 v=0,offset u=0 v=0 
10-21 17:29:02.085 I/GRALLOC (  491): 	 iova_size=8486912,conUsg=0xb00,proUsg=0xb00,	 strd=1088,[afbc]HdrStrd=1088 PyldStrd=69632 Scrmbl=0,ionhnd = 1 
10-21 17:29:02.094 I/chatty  ( 1151): uid=1000(system) Binder:1151_1C expire 1 line
10-21 17:29:02.095 I/HwInstantOnline-InstantOnlineService( 2830): IInstantOnline.startDiscover: 
10-21 17:29:02.095 I/HwInstantOnline-InstantOnlineService( 2830): switchDiscoverStatus:true
10-21 17:29:02.095 I/HwInstantOnline-NearbyWrapper( 2830): setDiscoverStatus: true
10-21 17:29:02.096 I/HwInstantOnline-InstantOnlineService( 2830): IInstantOnline.getDeviceList: 0
10-21 17:29:02.097 I/chatty  ( 1151): uid=1000(system) android.anim expire 2 lines
10-21 17:29:02.097 I/HwInstantOnline-InstantOnlineService( 2830): IInstantOnline.getCurrentDeviceStatus: 0
10-21 17:29:02.100 I/ash     ( 1818): 1151 binder call 1434
10-21 17:29:02.100 I/HwInstantOnline-InstantOnlineService( 2830): IInstantOnline.getCurrentDeviceStatus: 0
10-21 17:29:02.103 I/HwInstantOnline-InstantOnlineService( 2830): IInstantOnline.getCurrentDeviceStatus: 0
10-21 17:29:02.104 W/JankService(  753): processEntry, not beta version or commercial log off
10-21 17:29:02.128 I/GRALLOC (  491): 	 shrFd=10,fmt=0x1,intFmt=0x200000001,btStrd=4352,size=8486912,pid=491 
10-21 17:29:02.128 I/GRALLOC (  491): 	 yuv=2,w=1080,h=1920,Stride u=0 v=0,offset u=0 v=0 
10-21 17:29:02.128 I/GRALLOC (  491): 	 iova_size=8486912,conUsg=0xb00,proUsg=0xb00,	 strd=1088,[afbc]HdrStrd=1088 PyldStrd=69632 Scrmbl=0,ionhnd = 1 
10-21 17:29:02.212 I/GRALLOC (  491): 	 shrFd=10,fmt=0x1,intFmt=0x200000001,btStrd=4352,size=8486912,pid=491 
10-21 17:29:02.212 I/GRALLOC (  491): 	 yuv=2,w=1080,h=1920,Stride u=0 v=0,offset u=0 v=0 
10-21 17:29:02.212 I/GRALLOC (  491): 	 iova_size=8486912,conUsg=0xb00,proUsg=0xb00,	 strd=1088,[afbc]HdrStrd=1088 PyldStrd=69632 Scrmbl=0,ionhnd = 1 
10-21 17:29:02.228 W/JankService(  753): processEntry, not beta version or commercial log off
10-21 17:29:02.303 W/SocketListener(  738): sending broadcast to Pid = 1151, Uid = 1000 
10-21 17:29:02.303 D/wpa_supp( 5858): nl80211: Drv Event 34 (NL80211_CMD_NEW_SCAN_RESULTS) received for wlan0
10-21 17:29:02.303 D/wpa_supp( 5858): wlan0: nl80211: New scan results available
10-21 17:29:02.303 D/wpa_supp( 5858): nl80211: Scan probed for SSID ''
10-21 17:29:02.303 D/wpa_supp( 5858): nl80211: Scan included frequencies: 2412 2417 2422 2427 2432 2437 2442 2447 2452 2457 2462 2467 2472 5180 5200 5220 5240 5260 5280 5300 5320 5745 5765 5785 5805 5825
10-21 17:29:02.303 D/wpa_supp( 5858): wlan0: Event SCAN_RESULTS (3) received
10-21 17:29:02.304 D/wpa_supp( 5858): nl80211: Received scan results (76 BSSes)
10-21 17:29:02.304 D/wpa_supp( 5858): nl80211: Scan results indicate BSS status with a8:**:**:**:18:b6 as associated
10-21 17:29:02.305 I/chatty  ( 1151): uid=1000(system) NetdConnector expire 2 lines
10-21 17:29:02.305 D/wpa_supp( 5858): wlan0: BSS: Start scan result update 43
10-21 17:29:02.305 I/chatty  ( 1151): uid=1000(system) android.fg expire 1 line
10-21 17:29:02.306 D/wpa_supp( 5858): BSS: last_scan_res_used=76/128
10-21 17:29:02.306 D/wpa_supp( 5858): wlan0: New scan results available (own=0 ext=1)
10-21 17:29:02.306 D/wpa_supp( 5858): wlan0: Do not use results from externally requested scan operation for network selection
10-21 17:29:02.306 D/wpa_supp( 5858): p2p-dev-wlan0: Updating scan results from sibling
10-21 17:29:02.306 D/wpa_supp( 5858): nl80211: Received scan results (76 BSSes)
10-21 17:29:02.307 D/wpa_supp( 5858): p2p-dev-wlan0: BSS: Start scan result update 43
10-21 17:29:02.308 D/wpa_supp( 5858): BSS: last_scan_res_used=76/128
10-21 17:29:02.308 D/wpa_supp( 5858): p2p-dev-wlan0: New scan results available (own=0 ext=1)
10-21 17:29:02.308 D/wpa_supp( 5858): p2p-dev-wlan0: Do not use results from externally requested scan operation for network selection
10-21 17:29:02.313 I/chatty  ( 1151): uid=1000(system) WifiScanningSer expire 2 lines
10-21 17:29:02.322 I/chatty  ( 1151): uid=1000(system) Binder:1151_8 expire 3 lines
10-21 17:29:02.323 I/chatty  ( 1151): uid=1000(system) WifiProStateMac expire 1 line
10-21 17:29:02.326 I/chatty  ( 1151): uid=1000(system) HwIntelligenceS expire 1 line
10-21 17:29:02.336 D/WorkSource( 2394): Insert in WorkSource{} @ 0 uid 10017 name com.google.android.gms
10-21 17:29:02.341 W/ctxmgr  ( 2394): [AclManager]No 2 for (accnt=account#-517948760#, com.google.android.gms(10017):IndoorOutdoorProducer, vrsn=13292000, 0, 3pPkg = null ,  3pMdlId = null ,  pid = 2394). Was: 3 for 57, account#-517948760#
10-21 17:29:02.380 I/chatty  ( 1151): uid=1000(system) ActivityManager expire 2 lines
10-21 17:29:02.462 W/JankService(  753): processEntry, not beta version or commercial log off
10-21 17:29:02.465 I/chatty  ( 1151): uid=1000(system) android.anim expire 29 lines
10-21 17:29:02.472 D/ActivityThread(10045): Remove activity client record, r= ActivityRecord{7baae41 token=android.os.BinderProxy@55708ba {com.android.settings/com.android.settings.SubSettings}} token= android.os.BinderProxy@55708ba
10-21 17:29:02.477 I/chatty  ( 1151): uid=1000(system) Binder:1151_8 expire 8 lines
10-21 17:29:02.484 I/HwInstantOnline-InstantOnlineService( 2830): IInstantOnline.getCurrentDeviceStatus: 0
10-21 17:29:02.485 I/chatty  ( 1151): uid=1000(system) Binder:1151_5 expire 8 lines
10-21 17:29:02.507 I/chatty  (10045): uid=1000(system) HeapTaskDaemon expire 1 line
10-21 17:29:02.672 I/aptouch_daemon(  529): filter_touch_detect, down, in: 1, out: 1
10-21 17:29:02.673 W/JankService(  753): processEntry, not beta version or commercial log off
10-21 17:29:02.839 W/JankService(  753): processEntry, not beta version or commercial log off
10-21 17:29:03.001 W/JankService(  753): processEntry, not beta version or commercial log off
10-21 17:29:03.172 W/JankService(  753): processEntry, not beta version or commercial log off
10-21 17:29:03.319 W/JankService(  753): processEntry, not beta version or commercial log off
10-21 17:29:03.629 I/NetworkSpeedManagerEx( 1434): mIsStop = false
10-21 17:29:03.629 I/NetworkSpeedManagerEx( 1434):  runInThread getTetherStats
10-21 17:29:03.631 I/NetworkSpeedManagerEx( 1434):  runInUI refreshSpeed
10-21 17:29:03.633 I/NetworkSpeedManagerEx( 1434): value=1837.6666speed = 1.8
10-21 17:29:03.633 I/NetworkSpeedManagerEx( 1434): K/smIsShowLastSpeedValuefalse
10-21 17:29:03.633 I/NetworkSpeedView( 1434): /update(), speed=1.8
10-21 17:29:03.633 I/NetworkSpeedView( 1434): K/s parent class:class com.android.systemui.statusbar.HwSystemIcons
10-21 17:29:03.655 I/NetworkSpeedManagerEx( 1434): mIsStop = false
10-21 17:29:03.656 I/NetworkSpeedManagerEx( 1434):  runInThread getTetherStats
10-21 17:29:03.659 I/NetworkSpeedManagerEx( 1434):  runInUI refreshSpeed
10-21 17:29:03.664 I/NetworkSpeedManagerEx( 1434): value=1837.6666speed = 1.8
10-21 17:29:03.664 I/NetworkSpeedManagerEx( 1434): K/smIsShowLastSpeedValuefalse
10-21 17:29:03.664 I/NetworkSpeedView( 1434): /update(), speed=1.8
10-21 17:29:03.664 I/NetworkSpeedView( 1434): K/s parent class:class com.android.systemui.statusbar.HwSystemIcons
10-21 17:29:03.812 E/Thermal-daemon(  740): [charger_ic] temp_new :34  temp_old :33
10-21 17:29:03.813 I/ThermalService( 1818): Receive temperature change, type: 2, temp: 34 from thermald
10-21 17:29:03.816 E/Thermal-daemon(  740): Report temperature: [charger_ic] temp :34  report_threshold:1
10-21 17:29:03.817 E/Thermal-daemon(  740): [flash_led] temp_new :33  temp_old :32
10-21 17:29:03.817 I/ThermalService( 1818): Receive temperature change, type: 3, temp: 33 from thermald
10-21 17:29:03.818 E/Thermal-daemon(  740): Report temperature: [flash_led] temp :33  report_threshold:1
10-21 17:29:03.818 E/Thermal-daemon(  740): [ap] temp_new :36  temp_old :35
10-21 17:29:03.819 I/ThermalService( 1818): Receive temperature change, type: 0, temp: 36 from thermald
10-21 17:29:03.819 E/Thermal-daemon(  740): Report temperature: [ap] temp :36  report_threshold:1
10-21 17:29:03.981 I/aptouch_daemon(  529): filter_touch_detect, all_touch_up
10-21 17:29:04.079 I/AppManager( 1818): get vpns from sys:{}
10-21 17:29:04.079 I/ash     ( 1818): com.google.samples.cronet_sample { doze duration=10034 UptimeDuration=10033 } transition to: hibernation reason:app_type_unknown unknown_state unknown_state
10-21 17:29:04.080 I/ash     ( 1818): hibernation takeover action: 2
10-21 17:29:04.080 I/ash     ( 1818): nap no need clear action: 2
10-21 17:29:04.080 I/ash     ( 1818): perform hibernation actions: com.google.samples.cronet_sample
10-21 17:29:04.085 I/ash     ( 1818): not perform alarm action:com.google.samples.cronet_sample
10-21 17:29:04.085 I/ash     ( 1818): h takeover proxy gps pkg:com.google.samples.cronet_sample
10-21 17:29:04.085 I/ash     ( 1818): perform delay action: com.google.samples.cronet_sample
10-21 17:29:04.086 I/Pged-IPgedBinderService(  745): ****action is 1, pid num is 2***
10-21 17:29:04.086 I/Pged-Freezer(  745): freezePids
10-21 17:29:04.087 I/Pged-Freezer(  745): Freeze process: 13625
10-21 17:29:04.089 D/PgedBinderAdapter( 1818): frz ok, pid: [13625]
10-21 17:29:04.090 I/PGServer( 1818): report state:6 event type:1 pid:0 uid:10121 pkg:com.google.samples.cronet_sample to pid: 1151
10-21 17:29:04.091 I/ash     ( 1818): Freeze com.google.samples.cronet_sample OK !
10-21 17:29:04.095 I/chatty  ( 1151): uid=1000(system) Binder:1151_12 expire 1 line
10-21 17:29:04.095 I/ash     ( 1818): Proxy wakelock uid = 10121 pid = 13625
10-21 17:29:04.104 I/AppManager( 1818): close sockets for uid : 10121, succ: true spend(ms):5
10-21 17:29:04.104 I/ash     ( 1818): close sockets >> com.google.samples.cronet_sample, uids : [10121]
10-21 17:29:04.106 I/chatty  ( 1151): uid=1000(system) Binder:1151_1F expire 2 lines
10-21 17:29:04.107 I/AppManager( 1818): proxy wifi lock:10121 proxy true
10-21 17:29:04.107 I/ash     ( 1818): proxy wifi lock:10121
