10-21 17:29:04.152 I/chatty  ( 1151): uid=1000(system) Binder:1151_1F expire 1 line
10-21 17:29:04.319 I/aptouch_daemon(  529): filter_touch_detect, down, in: 1, out: 1
10-21 17:29:04.484 I/chatty  ( 1151): uid=1000 system_server expire 23 lines
10-21 17:29:04.705 E/WifiHAL (  521): enter wifi_get_link_stats
10-21 17:29:04.717 E/wificond(  741): Failed to get NL80211_STA_INFO_CNAHLOAD
10-21 17:29:04.718 I/chatty  ( 1151): uid=1000(system) WifiStateMachin expire 7 lines
10-21 17:29:04.718 I/chatty  ( 1151): uid=1000(system) HwWifiCHRStateM expire 9 lines
10-21 17:29:04.798 I/chatty  ( 1151): uid=1000(system) Binder:1151_1C expire 13 lines
10-21 17:29:04.819 E/SELinux (  433): avc:  denied  { find } for interface=vendor.huawei.hardware.hwsched::ISched pid=525 scontext=u:r:surfaceflinger:s0 tcontext=u:object_r:default_android_hwservice:s0 tclass=hwservice_manager
10-21 17:29:04.819 E/BufferQueueProducer(  525): [] Can not get hwsched service
10-21 17:29:04.821 I/chatty  ( 1151): uid=1000(system) Binder:1151_12 expire 10 lines
10-21 17:29:04.830 I/GRALLOC (  491): 	 shrFd=10,fmt=0x1,intFmt=0x1,btStrd=2048,size=983040,pid=491 
10-21 17:29:04.830 I/GRALLOC (  491): 	 yuv=2,w=456,h=477,Stride u=0 v=0,offset u=0 v=0 
10-21 17:29:04.830 I/GRALLOC (  491): 	 iova_size=983040,conUsg=0x900,proUsg=0x900,	 strd=512,[afbc]HdrStrd=0 PyldStrd=0 Scrmbl=0,ionhnd = 1 
10-21 17:29:04.832 I/GRALLOC (  491): 	 shrFd=10,fmt=0x1,intFmt=0x1,btStrd=2048,size=983040,pid=491 
10-21 17:29:04.832 I/GRALLOC (  491): 	 yuv=2,w=456,h=477,Stride u=0 v=0,offset u=0 v=0 
10-21 17:29:04.832 I/GRALLOC (  491): 	 iova_size=983040,conUsg=0x900,proUsg=0x900,	 strd=512,[afbc]HdrStrd=0 PyldStrd=0 Scrmbl=0,ionhnd = 1 
10-21 17:29:04.847 I/GRALLOC (  491): 	 shrFd=10,fmt=0x1,intFmt=0x1,btStrd=2048,size=983040,pid=491 
10-21 17:29:04.847 I/GRALLOC (  491): 	 yuv=2,w=456,h=477,Stride u=0 v=0,offset u=0 v=0 
10-21 17:29:04.847 I/GRALLOC (  491): 	 iova_size=983040,conUsg=0xb00,proUsg=0xb00,	 strd=512,[afbc]HdrStrd=0 PyldStrd=0 Scrmbl=0,ionhnd = 1 
10-21 17:29:05.265 I/aptouch_daemon(  529): filter_touch_detect, all_touch_up
10-21 17:29:05.555 E/wificond(  741): Failed to get NL80211_STA_INFO_CNAHLOAD
10-21 17:29:05.567 I/chatty  ( 1151): uid=1000(system) HuaweiWifiWatch expire 16 lines
10-21 17:29:05.588 I/chatty  ( 1151): uid=1000(system) MobileQosDetect expire 1 line
10-21 17:29:05.993 I/aptouch_daemon(  529): filter_touch_detect, down, in: 1, out: 1
10-21 17:29:06.030 I/aptouch_daemon(  529): filter_touch_detect, all_touch_up
10-21 17:29:06.047 I/GRALLOC (  491): 	 shrFd=10,fmt=0x1,intFmt=0x1,btStrd=2048,size=983040,pid=491 
10-21 17:29:06.047 I/GRALLOC (  491): 	 yuv=2,w=456,h=477,Stride u=0 v=0,offset u=0 v=0 
10-21 17:29:06.047 I/GRALLOC (  491): 	 iova_size=983040,conUsg=0xb00,proUsg=0xb00,	 strd=512,[afbc]HdrStrd=0 PyldStrd=0 Scrmbl=0,ionhnd = 1 
10-21 17:29:06.069 I/chatty  ( 1151): uid=1000(system) Binder:1151_1C expire 1 line
10-21 17:29:05.564 E/wificond(  741): Failed to get NL80211_STA_INFO_CNAHLOAD
10-21 17:29:06.086 I/HwInstantOnline-InstantOnlineService( 2830): IInstantOnline.getCurrentDeviceStatus: 0
10-21 17:29:06.089 I/HwInstantOnline-InstantOnlineService( 2830): IInstantOnline.stopDiscover: 
10-21 17:29:06.089 I/HwInstantOnline-InstantOnlineService( 2830): switchDiscoverStatus:false
10-21 17:29:06.089 I/HwInstantOnline-NearbyWrapper( 2830): setDiscoverStatus: false
10-21 17:29:06.090 I/nearby  ( 2797): NearbyController:unPublish binder:2b90a3d
10-21 17:29:06.090 I/nearby  ( 2797): AdvStack:unPublish id:2,type:Token
10-21 17:29:06.090 I/nearby  ( 2797): BleAdvertiser:setAdvEnabled: falsecom.huawei.nearby.ble.advstack.A@8a276ce
10-21 17:29:06.091 I/chatty  ( 1151): uid=1000(system) ConnectivitySer expire 1 line
10-21 17:29:06.092 I/nearby  ( 2797): BleAdvertiser:wait
10-21 17:29:06.100 I/nearby  ( 2797): BleAdvertiser:onAdvertisingEnabled, mAdvertisingSet:android.bluetooth.le.AdvertisingSet@452bcfc enable:false status:0
10-21 17:29:06.100 I/nearby  ( 2797): BleAdvertiser:notify
10-21 17:29:06.100 I/nearby  ( 2797): BleAdvertiser:exit wait
10-21 17:29:06.101 D/BluetoothAdapter( 2797): isLeEnabled(): ON
10-21 17:29:06.102 W/Bth-btfreeze( 2280): BluetoothFreeze:tag: 182  uid: 1000  pid: 2797
10-21 17:29:06.102 W/Bth-btfreeze( 2280): BluetoothFreeze:tag: 182  uid: 1000
10-21 17:29:06.103 W/Bth-btfreeze( 2280): BluetoothFreeze:tag: 182  uid: 1000  pid: 2797
10-21 17:29:06.103 I/chatty  ( 1151): uid=1000 system_server expire 1 line
10-21 17:29:06.104 I/PGServer( 1818): report state:8 event type:2 pid:0 uid:1000 pkg:null to pid: 1151
10-21 17:29:06.105 I/BluetoothState( 1818): inactive bluetooth uid: 1000, pid:2797, reason:BLE_SCAN
10-21 17:29:06.105 D/BluetoothState( 1818): stop bt uid:1000 state:BLE_SCAN total(ms):294699
10-21 17:29:06.105 D/BluetoothState( 1818): not find active bluetooth for inactive event uid: 1000, pid:2797, reason:BLE_CONNECT
10-21 17:29:06.109 E/SELinux (  433): avc:  denied  { find } for interface=vendor.huawei.hardware.hwsched::ISched pid=525 scontext=u:r:surfaceflinger:s0 tcontext=u:object_r:default_android_hwservice:s0 tclass=hwservice_manager
10-21 17:29:06.109 E/BufferQueueProducer(  525): [] Can not get hwsched service
10-21 17:29:06.117 I/GRALLOC (  491): 	 shrFd=10,fmt=0x1,intFmt=0x1,btStrd=4352,size=8355840,pid=491 
10-21 17:29:06.117 I/GRALLOC (  491): 	 yuv=2,w=1080,h=1920,Stride u=0 v=0,offset u=0 v=0 
10-21 17:29:06.117 I/GRALLOC (  491): 	 iova_size=8355840,conUsg=0x906,proUsg=0x966,	 strd=1088,[afbc]HdrStrd=0 PyldStrd=0 Scrmbl=0,ionhnd = 1 
10-21 17:29:06.204 D/HwRecentsLockUtils( 1434): Search
10-21 17:29:06.204 E/HsmCoreServiceImpl( 1804): onTransact in code is: 103
10-21 17:29:06.204 I/MediaProcessHandler( 1804): playingUids: 
10-21 17:29:06.207 V/ActivityThread(10045): ActivityThread,callActivityOnCreate
10-21 17:29:06.216 W/JankService(  753): processEntry, not beta version or commercial log off
10-21 17:29:06.226 W/ResourceType( 1434): No package identifier when getting value for resource number 0x00000000
10-21 17:29:06.226 E/HwNotchUtils( 1434): setIconForView iconId is not found
10-21 17:29:06.226 W/ResourceType( 1434): No package identifier when getting value for resource number 0x00000000
10-21 17:29:06.226 E/HwNotchUtils( 1434): setIconForView iconId is not found
10-21 17:29:06.243 I/chatty  (10045): uid=1000(system) com.android.settings expire 66 lines
10-21 17:29:06.282 D/ActivityThread(10045): add activity client record, r= ActivityRecord{f9baad3 token=android.os.BinderProxy@b2da39d {com.android.settings/com.android.settings.SubSettings}} token= android.os.BinderProxy@b2da39d
10-21 17:29:06.290 I/chatty  (10045): uid=1000(system) RenderThread expire 8 lines
10-21 17:29:06.291 I/chatty  (10045): uid=1000(system) AsyncTask #1 expire 6 lines
10-21 17:29:06.299 I/chatty  (10045): uid=1000(system) com.android.settings expire 1 line
10-21 17:29:06.321 E/SELinux (  433): avc:  denied  { find } for interface=vendor.huawei.hardware.hwsched::ISched pid=525 scontext=u:r:surfaceflinger:s0 tcontext=u:object_r:default_android_hwservice:s0 tclass=hwservice_manager
10-21 17:29:06.321 E/BufferQueueProducer(  525): [] Can not get hwsched service
10-21 17:29:06.326 I/GRALLOC (  491): 	 shrFd=10,fmt=0x1,intFmt=0x200000001,btStrd=4352,size=8486912,pid=491 
10-21 17:29:06.326 I/GRALLOC (  491): 	 yuv=2,w=1080,h=1920,Stride u=0 v=0,offset u=0 v=0 
10-21 17:29:06.326 I/GRALLOC (  491): 	 iova_size=8486912,conUsg=0x900,proUsg=0x900,	 strd=1088,[afbc]HdrStrd=1088 PyldStrd=69632 Scrmbl=0,ionhnd = 1 
10-21 17:29:06.328 I/GRALLOC (  491): 	 shrFd=10,fmt=0x1,intFmt=0x200000001,btStrd=4352,size=8486912,pid=491 
10-21 17:29:06.328 I/GRALLOC (  491): 	 yuv=2,w=1080,h=1920,Stride u=0 v=0,offset u=0 v=0 
10-21 17:29:06.328 I/GRALLOC (  491): 	 iova_size=8486912,conUsg=0x900,proUsg=0x900,	 strd=1088,[afbc]HdrStrd=1088 PyldStrd=69632 Scrmbl=0,ionhnd = 1 
10-21 17:29:06.349 I/GRALLOC (  491): 	 shrFd=10,fmt=0x1,intFmt=0x200000001,btStrd=4352,size=8486912,pid=491 
10-21 17:29:06.349 I/GRALLOC (  491): 	 yuv=2,w=1080,h=1920,Stride u=0 v=0,offset u=0 v=0 
10-21 17:29:06.349 I/GRALLOC (  491): 	 iova_size=8486912,conUsg=0xb00,proUsg=0xb00,	 strd=1088,[afbc]HdrStrd=1088 PyldStrd=69632 Scrmbl=0,ionhnd = 1 
10-21 17:29:06.361 I/chatty  ( 1151): uid=1000(system) android.display expire 1 line
10-21 17:29:06.366 I/wangchen( 5671): SysInfo.getSysParam: orientation=1||config d=3.0,w=1080,h=1792||metrics d=3.0,w=1080,h=1792||sdk=26,bar_h=72
10-21 17:29:06.366 I/KeymapLoader( 5671): w=1080 h=1792 ori=true appScale=3.3 s1=3.0
10-21 17:29:06.366 I/chatty  ( 1151): uid=1000(system) Binder:1151_4 expire 4 lines
10-21 17:29:06.367 I/chatty  ( 1151): uid=1000(system) Binder:1151_4 expire 1 line
10-21 17:29:06.372 I/wangchen( 5671): SysInfo.getSysParam: orientation=1||config d=3.0,w=1080,h=1792||metrics d=3.0,w=1080,h=1792||sdk=26,bar_h=72
10-21 17:29:06.373 I/KeymapLoader( 5671): w=1080 h=1792 ori=true appScale=3.3 s1=3.0
10-21 17:29:06.378 I/GRALLOC (  491): 	 shrFd=10,fmt=0x1,intFmt=0x200000001,btStrd=4352,size=8486912,pid=491 
10-21 17:29:06.378 I/GRALLOC (  491): 	 yuv=2,w=1080,h=1920,Stride u=0 v=0,offset u=0 v=0 
10-21 17:29:06.378 I/GRALLOC (  491): 	 iova_size=8486912,conUsg=0xb00,proUsg=0xb00,	 strd=1088,[afbc]HdrStrd=1088 PyldStrd=69632 Scrmbl=0,ionhnd = 1 
10-21 17:29:06.385 I/chatty  ( 1151): uid=1000(system) Binder:1151_5 expire 2 lines
10-21 17:29:06.392 I/AppManager( 1818): dependence has been existed:1151 -> 2394
10-21 17:29:06.399 I/GRALLOC (  491): 	 shrFd=10,fmt=0x1,intFmt=0x200000001,btStrd=4352,size=8486912,pid=491 
10-21 17:29:06.399 I/GRALLOC (  491): 	 yuv=2,w=1080,h=1920,Stride u=0 v=0,offset u=0 v=0 
10-21 17:29:06.399 I/GRALLOC (  491): 	 iova_size=8486912,conUsg=0xb00,proUsg=0xb00,	 strd=1088,[afbc]HdrStrd=1088 PyldStrd=69632 Scrmbl=0,ionhnd = 1 
10-21 17:29:06.452 I/chatty  ( 1151): uid=1000(system) ActivityManager expire 2 lines
10-21 17:29:06.635 I/NetworkSpeedManagerEx( 1434): mIsStop = false
10-21 17:29:06.635 I/NetworkSpeedManagerEx( 1434):  runInThread getTetherStats
10-21 17:29:06.636 I/NetworkSpeedManagerEx( 1434):  runInUI refreshSpeed
10-21 17:29:06.638 I/NetworkSpeedManagerEx( 1434): value=1752.6666speed = 1.7
10-21 17:29:06.638 I/NetworkSpeedManagerEx( 1434): K/smIsShowLastSpeedValuefalse
10-21 17:29:06.638 I/NetworkSpeedView( 1434): /update(), speed=1.7
10-21 17:29:06.638 I/NetworkSpeedView( 1434): K/s parent class:class com.android.systemui.statusbar.HwSystemIcons
10-21 17:29:06.665 I/NetworkSpeedManagerEx( 1434): mIsStop = false
10-21 17:29:06.668 I/NetworkSpeedManagerEx( 1434):  runInThread getTetherStats
10-21 17:29:06.670 I/NetworkSpeedManagerEx( 1434):  runInUI refreshSpeed
10-21 17:29:06.673 I/NetworkSpeedManagerEx( 1434): value=1752.6666speed = 1.7
10-21 17:29:06.673 I/NetworkSpeedManagerEx( 1434): K/smIsShowLastSpeedValuefalse
10-21 17:29:06.673 I/NetworkSpeedView( 1434): /update(), speed=1.7
10-21 17:29:06.673 I/NetworkSpeedView( 1434): K/s parent class:class com.android.systemui.statusbar.HwSystemIcons
10-21 17:29:06.803 I/chatty  (10045): uid=1000(system) AsyncTask #2 expire 17 lines
10-21 17:29:07.027 I/chatty  ( 1151): uid=1000(system) WiFiArpStateMac expire 2 lines
10-21 17:29:07.097 I/chatty  ( 1151): uid=1000(system) HwWifiStatStore expire 2 lines
10-21 17:29:07.151 I/aptouch_daemon(  529): filter_touch_detect, down, in: 1, out: 1
10-21 17:29:07.314 I/aptouch_daemon(  529): filter_touch_detect, all_touch_up
10-21 17:29:07.724 E/WifiHAL (  521): enter wifi_get_link_stats
10-21 17:29:07.735 E/wificond(  741): Failed to get NL80211_STA_INFO_CNAHLOAD
10-21 17:29:07.925 I/aptouch_daemon(  529): filter_touch_detect, down, in: 1, out: 1
10-21 17:29:08.310 I/aptouch_daemon(  529): filter_touch_detect, all_touch_up
10-21 17:29:08.641 I/aptouch_daemon(  529): filter_touch_detect, down, in: 1, out: 1
10-21 17:29:09.167 I/aptouch_daemon(  529): filter_touch_detect, all_touch_up
10-21 17:29:09.640 I/NetworkSpeedManagerEx( 1434): mIsStop = false
10-21 17:29:09.641 I/NetworkSpeedManagerEx( 1434):  runInThread getTetherStats
10-21 17:29:09.644 I/NetworkSpeedManagerEx( 1434):  runInUI refreshSpeed
10-21 17:29:09.648 I/NetworkSpeedManagerEx( 1434): value=3552.3333speed = 3.5
10-21 17:29:09.648 I/NetworkSpeedManagerEx( 1434): K/smIsShowLastSpeedValuefalse
10-21 17:29:09.648 I/NetworkSpeedView( 1434): /update(), speed=3.5
10-21 17:29:09.648 I/NetworkSpeedView( 1434): K/s parent class:class com.android.systemui.statusbar.HwSystemIcons
10-21 17:29:09.654 I/aptouch_daemon(  529): filter_touch_detect, down, in: 1, out: 1
10-21 17:29:09.655 I/chatty  ( 1151): uid=1000(system) InputReader expire 4 lines
10-21 17:29:09.679 I/NetworkSpeedManagerEx( 1434): mIsStop = false
10-21 17:29:09.679 I/NetworkSpeedManagerEx( 1434):  runInThread getTetherStats
10-21 17:29:09.681 I/NetworkSpeedManagerEx( 1434):  runInUI refreshSpeed
10-21 17:29:09.682 I/NetworkSpeedManagerEx( 1434): value=3552.3333speed = 3.5
10-21 17:29:09.682 I/NetworkSpeedManagerEx( 1434): K/smIsShowLastSpeedValuefalse
10-21 17:29:09.683 I/NetworkSpeedView( 1434): /update(), speed=3.5
10-21 17:29:09.683 I/NetworkSpeedView( 1434): K/s parent class:class com.android.systemui.statusbar.HwSystemIcons
10-21 17:29:09.710 I/aptouch_daemon(  529): filter_touch_detect, all_touch_up
10-21 17:29:09.781 I/chatty  (10045): uid=1000(system) com.android.settings expire 1 line
10-21 17:29:09.810 D/SurfaceFlinger(  525): duplicate layer name: changing com.android.settings/com.android.settings.SubSettings to com.android.settings/com.android.settings.SubSettings#1
10-21 17:29:09.812 E/SELinux (  433): avc:  denied  { find } for interface=vendor.huawei.hardware.hwsched::ISched pid=525 scontext=u:r:surfaceflinger:s0 tcontext=u:object_r:default_android_hwservice:s0 tclass=hwservice_manager
10-21 17:29:09.812 E/BufferQueueProducer(  525): [] Can not get hwsched service
10-21 17:29:09.828 I/GRALLOC (  491): 	 shrFd=10,fmt=0x1,intFmt=0x200000001,btStrd=4352,size=3821568,pid=491 
10-21 17:29:09.828 I/GRALLOC (  491): 	 yuv=2,w=1080,h=856,Stride u=0 v=0,offset u=0 v=0 
10-21 17:29:09.828 I/GRALLOC (  491): 	 iova_size=3821568,conUsg=0x900,proUsg=0x900,	 strd=1088,[afbc]HdrStrd=1088 PyldStrd=69632 Scrmbl=0,ionhnd = 1 
10-21 17:29:09.829 I/chatty  (  491): uid=1000(system) allocator@2.0-s identical 1 line
10-21 17:29:09.830 I/GRALLOC (  491): 	 shrFd=10,fmt=0x1,intFmt=0x200000001,btStrd=4352,size=3821568,pid=491 
10-21 17:29:09.830 I/GRALLOC (  491): 	 yuv=2,w=1080,h=856,Stride u=0 v=0,offset u=0 v=0 
10-21 17:29:09.830 I/GRALLOC (  491): 	 iova_size=3821568,conUsg=0x900,proUsg=0x900,	 strd=1088,[afbc]HdrStrd=1088 PyldStrd=69632 Scrmbl=0,ionhnd = 1 
10-21 17:29:09.851 W/JankService(  753): processEntry, not beta version or commercial log off
10-21 17:29:09.860 I/GRALLOC (  491): 	 shrFd=10,fmt=0x1,intFmt=0x200000001,btStrd=4352,size=3821568,pid=491 
10-21 17:29:09.860 I/GRALLOC (  491): 	 yuv=2,w=1080,h=856,Stride u=0 v=0,offset u=0 v=0 
10-21 17:29:09.860 I/GRALLOC (  491): 	 iova_size=3821568,conUsg=0xb00,proUsg=0xb00,	 strd=1088,[afbc]HdrStrd=1088 PyldStrd=69632 Scrmbl=0,ionhnd = 1 
10-21 17:29:09.879 I/chatty  ( 1151): uid=1000(system) android.anim expire 1 line
10-21 17:29:09.881 I/GRALLOC (  491): 	 shrFd=10,fmt=0x1,intFmt=0x200000001,btStrd=4352,size=3821568,pid=491 
10-21 17:29:09.881 I/GRALLOC (  491): 	 yuv=2,w=1080,h=856,Stride u=0 v=0,offset u=0 v=0 
10-21 17:29:09.881 I/GRALLOC (  491): 	 iova_size=3821568,conUsg=0xb00,proUsg=0xb00,	 strd=1088,[afbc]HdrStrd=1088 PyldStrd=69632 Scrmbl=0,ionhnd = 1 
10-21 17:29:10.239 W/ResourceType( 1434): No package identifier when getting value for resource number 0x00000000
10-21 17:29:10.240 E/HwNotchUtils( 1434): setIconForView iconId is not found
10-21 17:29:10.240 W/ResourceType( 1434): No package identifier when getting value for resource number 0x00000000
10-21 17:29:10.241 E/HwNotchUtils( 1434): setIconForView iconId is not found
10-21 17:29:10.260 I/chatty  ( 1151): uid=1000(system) UEventObserver expire 2 lines
10-21 17:29:10.269 D/dubaid  (  746): [HourlyRoutine.cpp] handleRequestOffset# timestamp=1571648400001, expire=1849730
10-21 17:29:10.272 E/WifiHAL (  521): enter wifi_get_link_stats
10-21 17:29:10.282 D/KeyguardUpdateMonitor( 1434): received broadcast android.intent.action.BATTERY_CHANGED
10-21 17:29:10.283 W/KeyguardUpdateMonitor( 1434): ACTION_BATTERY_CHANGED AMP: 1400000; Volt: 4900000
10-21 17:29:10.295 I/bt_btif bt interface( 2280): read_energy_info
10-21 17:29:10.297 E/CloudAlbum[8.1.2.309](12964): [ReceiverManager] not log on ignore
10-21 17:29:10.299 I/MsgReceiver( 1818): intent action: android.intent.action.BATTERY_CHANGED
10-21 17:29:10.304 W/libc    ( 1818): Set property "debug.aps.current_battery" to "86"
10-21 17:29:10.307 I/chatty  ( 1151): uid=1000 system_server expire 11 lines
10-21 17:29:10.309 I/chatty  ( 1151): uid=1000 system_server expire 2 lines
10-21 17:29:10.322 V/KeyguardUpdateMonitor( 1434): RefreshBatteryInfo isBatteryLow: 86
10-21 17:29:10.322 W/KeyguardUpdateMonitor( 1434): ChargingSpeed  Wattage: 6860000 ST: 5000000 --> 7500000
10-21 17:29:10.322 I/KgBattery( 1434): BatteryInfo updated:  2lPc1
10-21 17:29:10.322 W/AppHandler( 1434): sendMessage with obj100
10-21 17:29:10.322 D/KeyguardUpdateMonitor( 1434): handleBatteryUpdate
10-21 17:29:10.322 V/KeyguardUpdateMonitor( 1434): RefreshBatteryInfo isBatteryLow: 86
10-21 17:29:10.322 W/HwKeyguardBottomArea( 1434): updateBatteryInfo : false  true
10-21 17:29:10.327 I/chatty  ( 1151): uid=1000(system) batterystats-sy expire 1 line
10-21 17:29:10.334 W/HwLockScreenPanel( 1434): refreshBatteryInfo: null
10-21 17:29:10.334 W/HwLockScreenPanel( 1434): Handle message: 100
10-21 17:29:10.334 W/KgBattery( 1434): getCharge info with type: text
10-21 17:29:10.337 W/HwKeyguardBottomArea( 1434): updateBatteryInfo : false  true
10-21 17:29:10.740 E/WifiHAL (  521): enter wifi_get_link_stats
10-21 17:29:10.756 E/wificond(  741): Failed to get NL80211_STA_INFO_CNAHLOAD
10-21 17:29:10.756 I/chatty  ( 1151): uid=1000(system) WifiStateMachin expire 3 lines
10-21 17:29:10.757 I/chatty  ( 1151): uid=1000(system) HwWifiCHRStateM expire 3 lines
10-21 17:29:11.022 I/chatty  ( 1151): uid=1000(system) android.display expire 2 lines
10-21 17:29:11.209 I/aptouch_daemon(  529): filter_touch_detect, down, in: 1, out: 1
10-21 17:29:11.210 I/chatty  ( 1151): uid=1000(system) InputReader expire 4 lines
10-21 17:29:11.257 I/aptouch_daemon(  529): filter_touch_detect, all_touch_up
10-21 17:29:11.274 I/GRALLOC (  491): 	 shrFd=10,fmt=0x1,intFmt=0x200000001,btStrd=4352,size=3821568,pid=491 
10-21 17:29:11.274 I/GRALLOC (  491): 	 yuv=2,w=1080,h=856,Stride u=0 v=0,offset u=0 v=0 
10-21 17:29:11.274 I/GRALLOC (  491): 	 iova_size=3821568,conUsg=0xb00,proUsg=0xb00,	 strd=1088,[afbc]HdrStrd=1088 PyldStrd=69632 Scrmbl=0,ionhnd = 1 
10-21 17:29:11.295 I/chatty  ( 1151): uid=1000(system) Binder:1151_1C expire 1 line
10-21 17:29:11.402 I/chatty  ( 1151): uid=1000(system) android.fg expire 1 line
10-21 17:29:12.034 I/chatty  ( 1151): uid=1000(system) WiFiArpStateMac expire 2 lines
10-21 17:29:12.155 I/aptouch_daemon(  529): filter_touch_detect, down, in: 1, out: 1
10-21 17:29:12.158 I/chatty  ( 1151): uid=1000(system) InputReader expire 4 lines
10-21 17:29:12.211 I/aptouch_daemon(  529): filter_touch_detect, all_touch_up
10-21 17:29:12.229 V/AudioManager(10045): playSoundEffect   effectType: 0
10-21 17:29:12.233 I/WifiAddFragment(10045): click connect button, the current config: * ID: 4 SSID: null PROVIDER-NAME: null BSSID: null FQDN: null PRIO: 0 HIDDEN: false
10-21 17:29:12.233 I/WifiAddFragment(10045):  NetworkSelectionStatus NETWORK_SELECTION_ENABLED
10-21 17:29:12.233 I/WifiAddFragment(10045):  hasEverConnected: false
10-21 17:29:12.233 I/WifiAddFragment(10045):  KeyMgmt: WPA_EAP IEEE8021X Protocols:
10-21 17:29:12.233 I/WifiAddFragment(10045):  AuthAlgorithms:
10-21 17:29:12.233 I/WifiAddFragment(10045):  PairwiseCiphers:
10-21 17:29:12.233 I/WifiAddFragment(10045):  GroupCiphers:
10-21 17:29:12.233 I/WifiAddFragment(10045):  PSK: 
10-21 17:29:12.233 I/WifiAddFragment(10045): 
10-21 17:29:12.233 I/WifiAddFragment(10045): 
10-21 17:29:12.233 I/WifiAddFragment(10045): 
10-21 17:29:12.233 I/WifiAddFragment(10045): 
10-21 17:29:12.233 I/WifiAddFragment(10045): 
10-21 17:29:12.233 I/WifiAddFragment(10045): Enterprise config:
10-21 17:29:12.233 I/WifiAddFragment(10045): anonymous_identity NULL
10-21 17:29:12.233 I/WifiAddFragment(10045): proactive_key_caching 1
10-21 17:29:12.233 I/WifiAddFragment(10045): client_cert NULL
10-21 17:29:12.233 I/WifiAddFragment(10045): key_id NULL
10-21 17:29:12.233 I/WifiAddFragment(10045): engine 0
10-21 17:29:12.233 I/WifiAddFragment(10045): engine_id NULL
10-21 17:29:12.233 I/WifiAddFragment(10045): identity "zhangwei"
10-21 17:29:12.233 I/WifiAddFragment(10045): ca_path NULL
10-21 17:29:12.233 I/WifiAddFragment(10045): domain_suffix_match NULL
10-21 17:29:12.233 I/WifiAddFragment(10045): ca_cert NULL
10-21 17:29:12.233 I/WifiAddFragment(10045): IP config:
10-21 17:29:12.233 I/WifiAddFragment(10045): IP assignment: DHCP
10-21 17:29:12.233 I/WifiAddFragment(10045): Proxy settings: NONE
10-21 17:29:12.233 I/WifiAddFragment(10045):  cuid=-1 luid=-1 lcuid=0 userApproved=USER_UNSPECIFIED noInternetAccessExpected=false roamingFailureBlackListTimeMilli: 1000
10-21 17:29:12.234 D/WifiManager(10045): save, pid:10045, tid:10045, uid:1000
10-21 17:29:12.235 D/WifiService( 1151): getWifiServiceMessenger, pid:10045, uid:1000
10-21 17:29:12.238 D/WifiManager(10045): connect, pid:10045, tid:10045, uid:1000
10-21 17:29:12.240 D/WifiService( 1151): New client listening to asynchronous messages
10-21 17:29:12.245 D/WiFiServiceImpl ( 1151): SAVE nid=0 uid=1000 name=android.uid.system:1000
10-21 17:29:12.245 D/WifiService( 1151): Save network with config * ID: 4 SSID: "Qiniu-Office" PROVIDER-NAME: null BSSID: null FQDN: null PRIO: 0 HIDDEN: false
10-21 17:29:12.245 D/WifiService( 1151):  NetworkSelectionStatus NETWORK_SELECTION_ENABLED
10-21 17:29:12.245 D/WifiService( 1151):  hasEverConnected: false
10-21 17:29:12.245 D/WifiService( 1151):  KeyMgmt: WPA_EAP IEEE8021X Protocols:
10-21 17:29:12.245 D/WifiService( 1151):  AuthAlgorithms:
10-21 17:29:12.245 D/WifiService( 1151):  PairwiseCiphers:
10-21 17:29:12.245 D/WifiService( 1151):  GroupCiphers:
10-21 17:29:12.245 D/WifiService( 1151):  PSK: 
10-21 17:29:12.245 D/WifiService( 1151): 
10-21 17:29:12.245 D/WifiService( 1151): 
10-21 17:29:12.245 D/WifiService( 1151): 
10-21 17:29:12.245 D/WifiService( 1151): 
10-21 17:29:12.245 D/WifiService( 1151): 
10-21 17:29:12.245 D/WifiService( 1151): Enterprise config:
10-21 17:29:12.245 D/WifiService( 1151): anonymous_identity NULL
10-21 17:29:12.245 D/WifiService( 1151): proactive_key_caching 1
10-21 17:29:12.245 D/WifiService( 1151): client_cert NULL
10-21 17:29:12.245 D/WifiService( 1151): key_id NULL
10-21 17:29:12.245 D/WifiService( 1151): engine 0
10-21 17:29:12.245 D/WifiService( 1151): engine_id NULL
10-21 17:29:12.245 D/WifiService( 1151): identity "zhangwei"
10-21 17:29:12.245 D/WifiService( 1151): ca_path NULL
10-21 17:29:12.245 D/WifiService( 1151): domain_suffix_match NULL
10-21 17:29:12.245 D/WifiService( 1151): ca_cert NULL
10-21 17:29:12.245 D/WifiService( 1151): IP config:
10-21 17:29:12.245 D/WifiService( 1151): IP assignment: DHCP
10-21 17:29:12.245 D/WifiService( 1151): Proxy settings: NONE
10-21 17:29:12.245 D/WifiService( 1151):  cuid=-1 luid=-1 lcuid=0 userApproved=USER_UNSPECIFIED noInternetAccessExpected=false roamingFailureBlackListTimeMilli: 1000
10-21 17:29:12.246 D/WiFiServiceImpl ( 1151): CONNECT  nid=-1 uid=1000 name=android.uid.system:1000
10-21 17:29:12.246 D/WifiService( 1151): Connect with config * ID: 4 SSID: "Qiniu-Office" PROVIDER-NAME: null BSSID: null FQDN: null PRIO: 0 HIDDEN: false
10-21 17:29:12.246 D/WifiService( 1151):  NetworkSelectionStatus NETWORK_SELECTION_ENABLED
10-21 17:29:12.246 D/WifiService( 1151):  hasEverConnected: false
10-21 17:29:12.246 D/WifiService( 1151):  KeyMgmt: WPA_EAP IEEE8021X Protocols:
10-21 17:29:12.246 D/WifiService( 1151):  AuthAlgorithms:
10-21 17:29:12.246 D/WifiService( 1151):  PairwiseCiphers:
10-21 17:29:12.246 D/WifiService( 1151):  GroupCiphers:
10-21 17:29:12.246 D/WifiService( 1151):  PSK: 
10-21 17:29:12.246 D/WifiService( 1151): 
10-21 17:29:12.246 D/WifiService( 1151): 
10-21 17:29:12.246 D/WifiService( 1151): 
10-21 17:29:12.246 D/WifiService( 1151): 
10-21 17:29:12.246 D/WifiService( 1151): 
10-21 17:29:12.246 D/WifiService( 1151): Enterprise config:
10-21 17:29:12.246 D/WifiService( 1151): anonymous_identity NULL
10-21 17:29:12.246 D/WifiService( 1151): proactive_key_caching 1
10-21 17:29:12.246 D/WifiService( 1151): client_cert NULL
10-21 17:29:12.246 D/WifiService( 1151): key_id NULL
10-21 17:29:12.246 D/WifiService( 1151): engine 0
10-21 17:29:12.246 D/WifiService( 1151): engine_id NULL
10-21 17:29:12.246 D/WifiService( 1151): identity "zhangwei"
10-21 17:29:12.246 D/WifiService( 1151): ca_path NULL
10-21 17:29:12.246 D/WifiService( 1151): domain_suffix_match NULL
10-21 17:29:12.246 D/WifiService( 1151): ca_cert NULL
10-21 17:29:12.246 D/WifiService( 1151): IP config:
10-21 17:29:12.246 D/WifiService( 1151): IP assignment: DHCP
10-21 17:29:12.246 D/WifiService( 1151): Proxy settings: NONE
10-21 17:29:12.246 D/WifiService( 1151):  cuid=-1 luid=-1 lcuid=0 userApproved=USER_UNSPECIFIED noInternetAccessExpected=false roamingFailureBlackListTimeMilli: 1000
10-21 17:29:12.246 I/chatty  ( 1151): uid=1000(system) WifiService expire 1 line
10-21 17:29:12.247 I/chatty  ( 1151): uid=1000(system) HwWifiCHRStateM expire 7 lines
10-21 17:29:12.247 D/CubicBezierInterpolator(10045): CubicBezierInterpolator  mControlPoint1x = 0.38, mControlPoint1y = 0.1, mControlPoint2x = 0.0, mControlPoint2y = 0.93
10-21 17:29:12.252 I/chatty  ( 1151): uid=1000 system_server expire 14 lines
10-21 17:29:12.261 D/CubicBezierInterpolator(10045): CubicBezierInterpolator  mControlPoint1x = 0.23, mControlPoint1y = 0.06, mControlPoint2x = 0.09, mControlPoint2y = 0.97
10-21 17:29:12.261 D/CubicBezierInterpolator(10045): CubicBezierInterpolator  mControlPoint1x = 0.6, mControlPoint1y = 0.9, mControlPoint2x = 0.8, mControlPoint2y = 1.0
10-21 17:29:12.261 D/CubicBezierInterpolator(10045): CubicBezierInterpolator  mControlPoint1x = 0.23, mControlPoint1y = 0.06, mControlPoint2x = 0.09, mControlPoint2y = 0.97
10-21 17:29:12.262 D/CubicBezierInterpolator(10045): CubicBezierInterpolator  mControlPoint1x = 0.6, mControlPoint1y = 0.9, mControlPoint2x = 0.8, mControlPoint2y = 1.0
10-21 17:29:12.269 I/chatty  ( 1151): uid=1000(system) WifiStateMachin expire 32 lines
10-21 17:29:12.271 D/HwRTBlurUtils(10045): check blur style for HwPhoneWindow, themeResId : 0x0206002b, context : android.view.ContextThemeWrapper@8d09ec1, Nhwext : 10, get Blur : disable with , android.graphics.drawable.NinePatchDrawable@b789666
10-21 17:29:12.272 W/VRSystemServiceManager(10045): vr service is not alive
10-21 17:29:12.272 I/HwAlarmManagerService( 1151): hwSetAlarm listenerTag: WriteBufferAlarm
10-21 17:29:12.274 D/OpenGLRenderer(10045):   HWUI Binary is  enabled
10-21 17:29:12.277 V/WindowManager( 1151): Adding Window{aab2d8c u0 com.android.settings/com.android.settings.SubSettings} to AppWindowToken{8934393 token=Token{cd44082 ActivityRecord{d5e6fcd u0 com.android.settings/.SubSettings t58}}}
10-21 17:29:12.280 V/WindowManager( 1151): addWindow: New client android.os.BinderProxy@6fc22bf: window=Window{aab2d8c u0 com.android.settings/com.android.settings.SubSettings} Callers=com.android.server.wm.HwWindowManagerService.addWindow:585 com.android.server.wm.Session.addToDisplay:199 android.view.IWindowSession$Stub.onTransact:124 com.android.server.wm.Session.onTransact:161 android.os.Binder.execTransact:675 
10-21 17:29:12.282 D/WifiAddFragment(10045): detect connection time out is set to 12000ms
10-21 17:29:12.285 I/PressGestureDetector(10045): onAttached begin
10-21 17:29:12.288 I/PressGestureDetector(10045): onAttached end
10-21 17:29:12.290 I/PressGestureDetector(10045): enabledInPad = false,isPcCastMode = false
10-21 17:29:12.298 D/SurfaceFlinger(  525): duplicate layer name: changing com.android.settings/com.android.settings.SubSettings to com.android.settings/com.android.settings.SubSettings#1
10-21 17:29:12.300 E/SELinux (  433): avc:  denied  { find } for interface=vendor.huawei.hardware.hwsched::ISched pid=525 scontext=u:r:surfaceflinger:s0 tcontext=u:object_r:default_android_hwservice:s0 tclass=hwservice_manager
10-21 17:29:12.300 E/BufferQueueProducer(  525): [] Can not get hwsched service
10-21 17:29:12.301 I/WifiAddFragment(10045): WifiAddFragment DefaultActionListener :: onSuccess() begin.
10-21 17:29:12.302 W/WindowManager( 1151): EGLdebug Created surface WindowStateAnimator{a39678 com.android.settings/com.android.settings.SubSettings}
10-21 17:29:12.311 D/mali_winsys(10045): EGLint new_window_surface(egl_winsys_display *, void *, EGLSurface, EGLConfig, egl_winsys_surface **, egl_color_buffer_format *, EGLBoolean) returns 0x3000
10-21 17:29:12.312 D/OpenGLRenderer(10045):   HWUI Binary is  enabled
10-21 17:29:12.313 D/WifiAddFragment(10045): .handleEvent().received action:android.net.wifi.WIFI_STATE_CHANGED
10-21 17:29:12.314 I/GRALLOC (  491): 	 shrFd=10,fmt=0x1,intFmt=0x1,btStrd=4352,size=1204224,pid=491 
10-21 17:29:12.314 I/GRALLOC (  491): 	 yuv=2,w=1080,h=276,Stride u=0 v=0,offset u=0 v=0 
10-21 17:29:12.314 I/GRALLOC (  491): 	 iova_size=1204224,conUsg=0x900,proUsg=0x900,	 strd=1088,[afbc]HdrStrd=0 PyldStrd=0 Scrmbl=0,ionhnd = 1 
10-21 17:29:12.314 D/WifiAddFragment(10045): .handleEvent().WIFI_STATE_CHANGED.WIFI_STATE: 3
10-21 17:29:12.314 D/WifiAddFragment(10045): .handleEvent().received action:android.net.wifi.STATE_CHANGE
10-21 17:29:12.315 I/GRALLOC (  491): 	 shrFd=10,fmt=0x1,intFmt=0x1,btStrd=4352,size=1204224,pid=491 
10-21 17:29:12.315 I/GRALLOC (  491): 	 yuv=2,w=1080,h=276,Stride u=0 v=0,offset u=0 v=0 
10-21 17:29:12.315 I/GRALLOC (  491): 	 iova_size=1204224,conUsg=0x900,proUsg=0x900,	 strd=1088,[afbc]HdrStrd=0 PyldStrd=0 Scrmbl=0,ionhnd = 1 
10-21 17:29:12.315 D/WifiAddFragment(10045): .handleEvent().NETWORK_STATE_CHANGED.DetailedState:CONNECTED
10-21 17:29:12.315 D/WifiAddFragment(10045): supplicantState == SupplicantState.COMPLETED, and force update accesspoint
10-21 17:29:12.315 I/GRALLOC (  491): 	 shrFd=10,fmt=0x1,intFmt=0x1,btStrd=4352,size=1204224,pid=491 
10-21 17:29:12.315 I/GRALLOC (  491): 	 yuv=2,w=1080,h=276,Stride u=0 v=0,offset u=0 v=0 
10-21 17:29:12.315 I/GRALLOC (  491): 	 iova_size=1204224,conUsg=0x900,proUsg=0x900,	 strd=1088,[afbc]HdrStrd=0 PyldStrd=0 Scrmbl=0,ionhnd = 1 
10-21 17:29:12.318 I/chatty  ( 1151): uid=1000(system) HwWifiCHRServic expire 4 lines
10-21 17:29:12.319 D/wpa_supp( 5858): wlan0: Cancelling scan request
10-21 17:29:12.319 D/wpa_supp( 5858): wlan0: Request to deauthenticate - bssid=a8:**:**:**:18:b6 pending_bssid=00:**:**:**:00:00 reason=3 state=COMPLETED
10-21 17:29:12.320 D/wpa_supp( 5858): wpa_driver_nl80211_disconnect(reason_code=3)
10-21 17:29:12.321 I/zygote64(10045): Do full code cache collection, code=120KB, data=103KB
10-21 17:29:12.321 I/zygote64(10045): After code cache collection, code=115KB, data=75KB
10-21 17:29:12.328 D/        (  738): Received kernel message payload: chr_event 9
10-21 17:29:12.328 I/        (  738): netd received web stat infomation,trigger chr report!
10-21 17:29:12.328 I/        (  738): netd received web stat infomation,trigger chr report!
10-21 17:29:12.328 I/        (  738): ReportType 0 0 0 0 0 0 0 0 0 0 0 0 0 0 0 0 0 0 0 0 0 0 0 0 0 0 0 0 0 0 0 0 0 0 0 0 0 0 0 0 0 0 0 0 0 0 0 0 0 0 0 0 0 0 0 0 0 0 0 0 0 0 0 0 0 0 0 0 0 0 0 0 0 0 0 0 0 0 0 0 0 0 0 0 0 0 0 0 0 0 0 0 0 0 0 0 0 0 0 0 0 0 0 0 0 0 0 0 0 0 0 0 0 0 0 0 0 0 0 0 0 0 0 0 0 0 0 0 0 0 0 0 0 0 0 0 0 0 0 0 0 0 0 0 0 0 0 0 0 0 0 0 0 0 0 0 0 0 0 0 0 0 0 0 0 0 0 0 0 0 0 0 0 0 0 0 0 0 0 0 0 0 0 0 0 0 0 0 0 0 0 0 0 0 0 0 0 0 0 0 0 0 0 0 0 0 0 0 0 0 0 0 ReportType 0 1062 790 8 0 0 8 32 8 0 0 0 0 0 29 3 0 0 0 8 0 0 121 240 3 0 0 3 4 3 3 0 0 0 0 0 4 0 0 0 0 0 0 0 0 0 0 0 0 0 0 0 0 0 0 0 0 0 0 0 271 0 0 0 0 0 8 0 0 0 0 0 0 0 8 0 0 0 0 0 0 0 0 0 0 0 0 0 0 0 0 0 0 0 0 0 0 0 0 0 0 0 0 0 0 0 0 0 0 0 0 0 0 0 0 0 0 0 0 0 0 0 0 0 0 0 0 0 0 0 0 0 0 0 0 0 0 0 0 0 0 0 0 0 0 0 0 0 0 0 0 0 0 0 0 0 0 0 0 0 0 0 0 0 0 0 0 0 0 0 0 0 0 0 0 0 0 0 0 0 0 0 0 0 0 0 0 0 0 0 0 0 0 0 0 0 0 0 0 0 0 0 0 0 0 0 0 0 0 0 0 0
10-21 17:29:12.328 W/SocketListener(  738): sending broadcast to Pid = 1151, Uid = 1000 
10-21 17:29:12.329 W/SocketListener(  738): sending broadcast to Pid = 1151, Uid = 1000 
10-21 17:29:12.328 D/wpa_supp( 5858): wlan0: Event DEAUTH (12) received
10-21 17:29:12.329 D/wpa_supp( 5858): wlan0: Deauthentication notification
10-21 17:29:12.329 D/wpa_supp( 5858): wlan0:  * reason 3 (locally generated)
10-21 17:29:12.329 I/wpa_supp( 5858): wlan0: CTRL-EVENT-DISCONNECTED bssid=a8:**:**:**:18:b6 reason=3 locally_generated=1
10-21 17:29:12.329 D/wpa_supp( 5858): wpa_supplicant_event_disassoc_finish: wpa_s->ap_wapi_ie_len=0	wpa_s->assoc_wapi_ie_len =0
10-21 17:29:12.329 D/wpa_supp( 5858): wlan0: Auto connect disabled: do not try to re-connect
10-21 17:29:12.329 D/wpa_supp( 5858): wlan0: Ignore connection failure indication since interface has been put into disconnected state
10-21 17:29:12.329 D/wpa_supp( 5858): TDLS: Remove peers on disassociation
10-21 17:29:12.329 D/wpa_supp( 5858): wlan0: WPA: Clear old PMK and PTK
10-21 17:29:12.329 D/wpa_supp( 5858): Notifying disconnect reason to hidl control: -3
10-21 17:29:12.329 D/wpa_supp( 5858): wlan0: Disconnect event - remove keys
10-21 17:29:12.330 D/NetdConnector( 1151): RCV <- {661 ReportType 0 0 0 0 0 0 0 0 0 0 0 0 0 0 0 0 0 0 0 0 0 0 0 0 0 0 0 0 0 0 0 0 0 0 0 0 0 0 0 0 0 0 0 0 0 0 0 0 0 0 0 0 0 0 0 0 0 0 0 0 0 0 0 0 0 0 0 0 0 0 0 0 0 0 0 0 0 0 0 0 0 0 0 0 0 0 0 0 0 0 0 0 0 0 0 0 0 0 0 0 0 0 0 0 0 0 0 0 0 0 0 0 0 0 0 0 0 0 0 0 0 0 0 0 0 0 0 0 0 0 0 0 0 0 0 0 0 0 0 0 0 0 0 0 0 0 0 0 0 0 0 0 0 0 0 0 0 0 0 0 0 0 0 0 0 0 0 0 0 0 0 0 0 0 0 0 0 0 0 0 0 0 0 0 0 0 0 0 0 0 0 0 0 0 0 0 0 0 0 0 0 0 0 0 0 0 0 0 0 0 0 0 ReportType 0 1062 790 8 0 0 8 32 8 0 0 0 0 0 29 3 0 0 0 8 0 0 121 240 3 0 0 3 4 3 3 0 0 0 0 0 4 0 0 0 0 0 0 0 0 0 0 0 0 0 0 0 0 0 0 0 0 0 0 0 271 0 0 0 0 0 8 0 0 0 0 0 0 0 8 0 0 0 0 0 0 0 0 0 0 0 0 0 0 0 0 0 0 0 0 0 0 0 0 0 0 0 0 0 0 0 0 0 0 0 0 0 0 0 0 0 0 0 0 0 0 0 0 0 0 0 0 0 0 0 0 0 0 0 0 0 0 0 0 0 0 0 0 0 0 0 0 0 0 0 0 0 0 0 0 0 0 0 0 0 0 0 0 0 0 0 0 0 0 0 0 0 0 0 0 0 0 0 0 0 0 0 0 0 0 0 0 0 0 0 0 0 0 0 0 0 0 0 0 0 0 0 0 0 0 0 0 0 0 0 0 0}
10-21 17:29:12.330 D/wpa_supp( 5858):    addr=a8:**:**:**:18:b6
10-21 17:29:12.333 D/wpa_supp( 5858): nl80211: Data frame filter flags=0x0
10-21 17:29:12.331 D/NetdConnector( 1151): RCV <- {661 ReportType 0 0 0 0 0 0 0 0 0 0 0 0 0 0 0 0 0 0 0 0 0 0 0 0 0 0 0 0 0 0 0 0 0 0 0 0 0 0 0 0 0 0 0 0 0 0 0 0 0 0 0 0 0 0 0 0 0 0 0 0 0 0 0 0 0 0 0 0 0 0 0 0 0 0 0 0 0 0 0 0 0 0 0 0 0 0 0 0 0 0 0 0 0 0 0 0 0 0 0 0 0 0 0 0 0 0 0 0 0 0 0 0 0 0 0 0 0 0 0 0 0 0 0 0 0 0 0 0 0 0 0 0 0 0 0 0 0 0 0 0 0 0 0 0 0 0 0 0 0 0 0 0 0 0 0 0 0 0 0 0 0 0 0 0 0 0 0 0 0 0 0 0 0 0 0 0 0 0 0 0 0 0 0 0 0 0 0 0 0 0 0 0 0 0 0 0 0 0 0 0 0 0 0 0 0 0 0 0 0 0 0 0 ReportType 0 1062 790 8 0 0 8 32 8 0 0 0 0 0 29 3 0 0 0 8 0 0 121 240 3 0 0 3 4 3 3 0 0 0 0 0 4 0 0 0 0 0 0 0 0 0 0 0 0 0 0 0 0 0 0 0 0 0 0 0 271 0 0 0 0 0 8 0 0 0 0 0 0 0 8 0 0 0 0 0 0 0 0 0 0 0 0 0 0 0 0 0 0 0 0 0 0 0 0 0 0 0 0 0 0 0 0 0 0 0 0 0 0 0 0 0 0 0 0 0 0 0 0 0 0 0 0 0 0 0 0 0 0 0 0 0 0 0 0 0 0 0 0 0 0 0 0 0 0 0 0 0 0 0 0 0 0 0 0 0 0 0 0 0 0 0 0 0 0 0 0 0 0 0 0 0 0 0 0 0 0 0 0 0 0 0 0 0 0 0 0 0 0 0 0 0 0 0 0 0 0 0 0 0 0 0 0 0 0 0 0 0}
10-21 17:29:12.333 D/NetdConnector( 1151): RCV <- {600 Iface linkstate wlan0 up}
10-21 17:29:12.333 E/wpa_supp( 5858): nl80211: Failed to open /proc/sys/net/ipv4/conf/wlan0/drop_unicast_in_l2_multicast: No such file or directory
10-21 17:29:12.333 E/wpa_supp( 5858): nl80211: Failed to set IPv4 unicast in multicast filter
10-21 17:29:12.333 D/wpa_supp( 5858): wlan0: State: COMPLETED -> DISCONNECTED
10-21 17:29:12.334 D/wpa_supp( 5858): id=0 new_state=0 BSSID=a8:**:**:**:18:b6 SSID=Qiniu-Office
10-21 17:29:12.334 D/wpa_supp( 5858): Notifying state change event to hidl control: 0
10-21 17:29:12.334 D/NetdConnector( 1151): RCV unsolicited event from native daemon, event = 661
10-21 17:29:12.334 D/NetdConnector( 1151): RCV <- {600 Iface linkstate wlan0 up}
10-21 17:29:12.334 D/wpa_supp( 5858): P2P: channels: 81:1,2,3,4,5,6,7,8,9,10,11,12,13 115:36,40,44,48 124:149,153,157,161 125:149,153,157,161,165 130:36,40,44,48,52,56,60,64
10-21 17:29:12.334 D/wpa_supp( 5858): drv_cmd: SETBLOCKFRAME 0 0, ret=3
10-21 17:29:12.334 D/wpa_supp( 5858): Notifying bssid changed to hidl control
10-21 17:29:12.334 I/wpa_supp( 5858): wpa_supplicant_mark_disassoc : wifi disconnected, set current_ssid as NULL
10-21 17:29:12.334 D/wpa_supp( 5858): nl80211: Data frame filter flags=0x0
10-21 17:29:12.334 E/wpa_supp( 5858): nl80211: Failed to open /proc/sys/net/ipv4/conf/wlan0/drop_unicast_in_l2_multicast: No such file or directory
10-21 17:29:12.334 E/wpa_supp( 5858): nl80211: Failed to set IPv4 unicast in multicast filter
10-21 17:29:12.335 D/wpa_supp( 5858): wlan0: State: DISCONNECTED -> DISCONNECTED
10-21 17:29:12.335 D/wpa_supp( 5858): drv_cmd: SETBLOCKFRAME 0 0, ret=3
10-21 17:29:12.335 I/wpa_supp( 5858): wpa_supplicant_mark_disassoc : wifi disconnected, set current_ssid as NULL
10-21 17:29:12.335 D/wpa_supp( 5858): nl80211: Drv Event 48 (NL80211_CMD_DISCONNECT) received for wlan0
10-21 17:29:12.335 D/wpa_supp( 5858): nl80211: Ignore disconnect event triggered during reassociation
10-21 17:29:12.335 W/SocketListener(  738): sending broadcast to Pid = 1151, Uid = 1000 
10-21 17:29:12.337 D/NetdConnector( 1151): RCV <- {600 Iface linkstate wlan0 up}
10-21 17:29:12.342 I/GRALLOC (  491): 	 shrFd=10,fmt=0x1,intFmt=0x1,btStrd=4352,size=1204224,pid=491 
10-21 17:29:12.342 I/GRALLOC (  491): 	 yuv=2,w=1080,h=276,Stride u=0 v=0,offset u=0 v=0 
10-21 17:29:12.342 I/GRALLOC (  491): 	 iova_size=1204224,conUsg=0xb00,proUsg=0xb00,	 strd=1088,[afbc]HdrStrd=0 PyldStrd=0 Scrmbl=0,ionhnd = 1 
10-21 17:29:12.338 D/NetdConnector( 1151): RCV <- {600 Iface linkstate wlan0 up}
10-21 17:29:12.344 I/HwAlarmManagerService( 1151): hwSetAlarm listenerTag: WriteBufferAlarm
10-21 17:29:12.344 I/chatty  ( 1151): uid=1000(system) HwBinder:1151_3 expire 1 line
10-21 17:29:12.346 D/HwNetworkManagementService( 1151): onEvent receive Web Stat Report:661 ReportType 0 0 0 0 0 0 0 0 0 0 0 0 0 0 0 0 0 0 0 0 0 0 0 0 0 0 0 0 0 0 0 0 0 0 0 0 0 0 0 0 0 0 0 0 0 0 0 0 0 0 0 0 0 0 0 0 0 0 0 0 0 0 0 0 0 0 0 0 0 0 0 0 0 0 0 0 0 0 0 0 0 0 0 0 0 0 0 0 0 0 0 0 0 0 0 0 0 0 0 0 0 0 0 0 0 0 0 0 0 0 0 0 0 0 0 0 0 0 0 0 0 0 0 0 0 0 0 0 0 0 0 0 0 0 0 0 0 0 0 0 0 0 0 0 0 0 0 0 0 0 0 0 0 0 0 0 0 0 0 0 0 0 0 0 0 0 0 0 0 0 0 0 0 0 0 0 0 0 0 0 0 0 0 0 0 0 0 0 0 0 0 0 0 0 0 0 0 0 0 0 0 0 0 0 0 0 0 0 0 0 0 0 ReportType 0 1062 790 8 0 0 8 32 8 0 0 0 0 0 29 3 0 0 0 8 0 0 121 240 3 0 0 3 4 3 3 0 0 0 0 0 4 0 0 0 0 0 0 0 0 0 0 0 0 0 0 0 0 0 0 0 0 0 0 0 271 0 0 0 0 0 8 0 0 0 0 0 0 0 8 0 0 0 0 0 0 0 0 0 0 0 0 0 0 0 0 0 0 0 0 0 0 0 0 0 0 0 0 0 0 0 0 0 0 0 0 0 0 0 0 0 0 0 0 0 0 0 0 0 0 0 0 0 0 0 0 0 0 0 0 0 0 0 0 0 0 0 0 0 0 0 0 0 0 0 0 0 0 0 0 0 0 0 0 0 0 0 0 0 0 0 0 0 0 0 0 0 0 0 0 0 0 0 0 0 0 0 0 0 0 0 0 0 0 0 0 0 0 0 0 0 0 0 0 0 0 0 0 0 0 0 0 0 0 0 0 0
10-21 17:29:12.347 W/ContextImpl( 1151): Calling a method in the system process without a qualified user: android.app.ContextImpl.sendBroadcast:1074 com.android.server.HwNetworkManagementService.sendWebStatMessage:1086 com.android.server.HwServiceFactoryImpl$HwNetworkManagementServiceImpl.sendWebStatMessage:701 com.android.server.NetworkManagementService$NetdCallbackReceiver.onEvent:1024 com.android.server.NativeDaemonConnector.handleMessage:163 
10-21 17:29:12.347 I/chatty  ( 1151): uid=1000(system) android.fg expire 2 lines
10-21 17:29:12.348 D/NetdConnector( 1151): RCV unsolicited event from native daemon, event = 600
10-21 17:29:12.349 D/WindowManager( 1151): finishDrawingWindow: Window{aab2d8c u0 com.android.settings/com.android.settings.SubSettings} mDrawState=DRAW_PENDING
10-21 17:29:12.349 D/WifiAddFragment(10045): .handleEvent().received action:android.net.wifi.supplicant.STATE_CHANGE
10-21 17:29:12.350 I/chatty  ( 1151): uid=1000(system) HwWifiStatStore expire 7 lines
10-21 17:29:12.350 D/WifiAddFragment(10045): .handleEvent().SUPPLICANT_STATE_CHANGED.SupplicantState:COMPLETED
10-21 17:29:12.350 W/WifiAddFragment(10045): mConnectionHappened was set to true, activeSSID:"Qiniu-Office"
10-21 17:29:12.350 D/WifiService( 1151): startScan, pid:10045, uid:1000, appName:com.android.settings
10-21 17:29:12.351 I/chatty  ( 1151): uid=1000(system) Binder:1151_4 expire 7 lines
10-21 17:29:12.351 D/HwMSDPDeviceStatusServiceProxy( 1790): getCurrentDeviceStatus in
10-21 17:29:12.351 D/ARMoudle.HwActivityRecognition( 1790): getCurrentActivityExtend
10-21 17:29:12.352 I/ArData  (  485): (ar_data_get_state:1213):id[2]
10-21 17:29:12.353 D/ARMoudle.HwActivityRecognition( 1790): hwActivityEvent:[ ActivityChangedExtendEvent:
10-21 17:29:12.353 D/ARMoudle.HwActivityRecognition( 1790):     Activity='android.activity_recognition.unknown', EventType=1, TimestampNs=6519021
10-21 17:29:12.353 D/ARMoudle.HwActivityRecognition( 1790): ]
10-21 17:29:12.353 D/HwMSDPDeviceStatusServiceProxy( 1790): timestampNs is (get) :6519021
10-21 17:29:12.353 D/HwMSDPDeviceStatusServiceProxy( 1790): sensorHubStatus  is android.activity_recognition.unknownmEventType is 1mTimestampNs is 6519021
10-21 17:29:12.354 D/NetdConnector( 1151): RCV unsolicited event from native daemon, event = 600
10-21 17:29:12.355 I/chatty  ( 1151): uid=1000(system) android.anim expire 1 line
10-21 17:29:12.356 D/HwMSDPStillStatusOfRelative( 1790): isMainSIMOkay main SIM card status is not ready
10-21 17:29:12.357 D/HwMSDPDeviceStatusServiceProxy( 1790): get current device status results is [ActivityChangedEvent:
10-21 17:29:12.357 D/HwMSDPDeviceStatusServiceProxy( 1790): DeviceStatus='android.msdp.device_status.type.unknown',EventType='1',TimestampNs=6519021
10-21 17:29:12.357 D/HwMSDPDeviceStatusServiceProxy( 1790): ]
10-21 17:29:12.357 D/HwMSDPDeviceStatusService( 1790): hwMSDPDeviceStatusEvents  is [DeviceStatus='android.msdp.device_status.type.unknown',EventType='1',TimestampNs=6519021]
10-21 17:29:12.357 D/HwWifiService( 1151): Get wifiScanStrategy from iAware, WifiScanStrategy = [mCycle=0, mTimeStamp=6519021]
10-21 17:29:12.374 I/WifiAddFragment(10045): WifiAddFragment ConnectActionListener :: onSuccess() begin.
10-21 17:29:12.381 I/chatty  ( 1151): uid=1000(system) IpManager.wlan0 expire 3 lines
10-21 17:29:12.383 D/wpa_supp( 5858): nl80211: set_p2p_powersave (legacy_ps=1 opp_ps=-1 ctwindow=-1)
10-21 17:29:12.383 I/chatty  ( 1151): uid=1000 system_server expire 1 line
10-21 17:29:12.384 D/WifiP2pService( 1151): InactiveState143375
10-21 17:29:12.384 E/HwWifiP2pService( 1151): Unhandled message when=6215269 what=143375 arg1=0 arg2=0
10-21 17:29:12.384 D/WifiP2pService( 1151): P2pEnabledState when=6215269 what=143375 arg1=0 arg2=0
10-21 17:29:12.385 D/ConnectivityService( 1151): NetworkAgentInfo [WIFI () - 102] EVENT_NETWORK_INFO_CHANGED, going from CONNECTED to DISCONNECTED
10-21 17:29:12.385 D/HwConnectivityService( 1151): hintUserSwitchToMobileWhileWifiDisconnected, state=DISCONNECTED  type =1
10-21 17:29:12.388 I/DeviceStateService( 1818): changed wifi connected : false
10-21 17:29:12.388 I/chatty  ( 1151): uid=1000(system) ConnectivitySer expire 4 lines
10-21 17:29:12.388 D/HwConnectivityService( 1151): mLastWifiState =CONNECTED
10-21 17:29:12.388 D/HwConnectivityService( 1151): enableDefaultTypeAPN(true) in hintUserSwitchToMobileWhileWifiDisconnected
10-21 17:29:12.390 D/HwChrManagerImpl( 1832): onReceive: action=android.net.wifi.STATE_CHANGE
10-21 17:29:12.392 D/HwChrManagerImpl( 1832): wifi disconnect, sendMonitorWifiSwitchToMobileMessage!
10-21 17:29:12.392 D/HwChrManagerImpl( 1832): mIsWifiConnected = false
10-21 17:29:12.392 D/HwWifiP2pService( 1151): onReceive, action:android.net.wifi.STATE_CHANGE
10-21 17:29:12.394 I/chatty  ( 1151): uid=1000 system_server expire 32 lines
10-21 17:29:12.395 D/WifiService( 1151): onReceive, action:android.net.wifi.STATE_CHANGE
10-21 17:29:12.395 D/HwWifiService( 1151): onReceive, action:android.net.wifi.STATE_CHANGE
10-21 17:29:12.395 I/chatty  ( 1151): uid=1000(system) HwWifiStatStore expire 10 lines
10-21 17:29:12.395 I/chatty  ( 1151): uid=1000(system) initQoEAdapter expire 6 lines
10-21 17:29:12.396 I/chatty  ( 1151): uid=1000(system) hw_wechatbooste expire 3 lines
10-21 17:29:12.396 D/HwNetworkManagementService( 1151): code == CODE_GET_WIFI_DNS_STAT
10-21 17:29:12.396 I/chatty  ( 1151): uid=1000(system) HwSelfCureEngin expire 1 line
10-21 17:29:12.397 I/chatty  ( 1151): uid=1000(system) HwWifiConnectiv expire 1 line
10-21 17:29:12.397 I/chatty  ( 1151): uid=1000(system) WifiProStateMac expire 24 lines
10-21 17:29:12.397 I/chatty  ( 1151): uid=1000(system) wifipro_auto_co expire 3 lines
10-21 17:29:12.397 D/NetdConnector( 1151): SND -> {200 resolver getdnsstat 102}
10-21 17:29:12.397 I/chatty  ( 1151): uid=1000(system) HuaweiWifiWatch expire 23 lines
10-21 17:29:12.398 W/libc    (  738): Set property "hw.wifi.dns_stat" to "0,0,0,0,0"
10-21 17:29:12.398 I/chatty  ( 1151): uid=1000(system) HwDualBandState expire 1 line
10-21 17:29:12.398 I/chatty  ( 1151): uid=1000(system) HwIntelligenceS expire 4 lines
10-21 17:29:12.400 I/chatty  ( 1151): uid=1000 system_server expire 1 line
10-21 17:29:12.400 D/NetdConnector( 1151): SND -> {201 interface setcfg wlan0  ********  0}
10-21 17:29:12.400 I/GeofencerStateMachine( 2394): sendWifiConnectivityChanged: connectivity=false
10-21 17:29:12.403 D/CommandListener(  738): Setting iface cfg
10-21 17:29:12.404 D/ConnectivityService( 1151): NetworkAgentInfo [WIFI () - 102] got DISCONNECTED, was satisfying 11
10-21 17:29:12.405 I/chatty  ( 1151): uid=1000(system) WifiProHistoryR expire 4 lines
10-21 17:29:12.409 I/Netd    (  738): Destroyed 17 sockets on 100.100.35.201 in 3.9 ms
10-21 17:29:12.409 W/SocketListener(  738): sending broadcast to Pid = 1151, Uid = 1000 
10-21 17:29:12.389 I/ash     ( 1818): Connectivity Change to notify im app: com.tencent.mm
10-21 17:29:12.409 V/NativeCrypto( 2394): Read error: ssl=0x7ee2f1a908: I/O error during system call, Software caused connection abort
10-21 17:29:12.414 V/NativeCrypto( 2394): SSL shutdown failed: ssl=0x7ee2f1a908: I/O error during system call, Broken pipe
10-21 17:29:12.415 E/WakeLock( 2394): GCM_HB_ALARM release without a matched acquire!
10-21 17:29:12.415 D/NetdConnector( 1151): RCV <- {130 200 102,51,2,407,1,1513}
10-21 17:29:12.416 D/NetdConnector( 1151): RCV <- {130 200 102,51,2,407,1,1513}
10-21 17:29:12.417 D/NetdConnector( 1151): RCV <- {200 200 Resolver command succeeded}
10-21 17:29:12.418 E/GCM     ( 2394): Connection closed with errorCode 20
10-21 17:29:12.419 D/NetdConnector( 1151): RCV <- {200 200 Resolver command succeeded}
10-21 17:29:12.420 D/NetdConnector( 1151): RCV <- {614 Address removed  ******** /22 wlan0 128 0}
10-21 17:29:12.422 D/NetdConnector( 1151): SND -> {202 bandwidth gettetherstats}
10-21 17:29:12.423 I/chatty  ( 1151): uid=1000(system) StatisticsCHRMs expire 2 lines
10-21 17:29:12.423 E/PushLog2956( 5353): [SocketRead_16:10:37-401]connect occurs :com.huawei.android.pushagent.datatype.exception.PushException: java.net.SocketException: Software caused connection abort(android/:70)
10-21 17:29:12.423 E/PushLog2956( 5353): com.huawei.android.pushagent.datatype.exception.PushException: java.net.SocketException: Software caused connection abort
10-21 17:29:12.423 E/PushLog2956( 5353): 	at com.huawei.android.pushagent.model.channel.entity.a.b.kz(:74)
10-21 17:29:12.423 E/PushLog2956( 5353): 	at com.huawei.android.pushagent.model.channel.entity.b.run(:66)
10-21 17:29:12.423 E/PushLog2956( 5353): Caused by: java.net.SocketException: Software caused connection abort
10-21 17:29:12.423 E/PushLog2956( 5353): 	at java.net.SocketInputStream.socketRead0(Native Method)
10-21 17:29:12.423 E/PushLog2956( 5353): 	at java.net.SocketInputStream.socketRead(SocketInputStream.java:114)
10-21 17:29:12.423 E/PushLog2956( 5353): 	at java.net.SocketInputStream.read(SocketInputStream.java:170)
10-21 17:29:12.423 E/PushLog2956( 5353): 	at java.net.SocketInputStream.read(SocketInputStream.java:139)
10-21 17:29:12.423 E/PushLog2956( 5353): 	at java.net.SocketInputStream.read(SocketInputStream.java:223)
10-21 17:29:12.423 E/PushLog2956( 5353): 	at com.huawei.android.pushagent.model.channel.a.c.read(:242)
10-21 17:29:12.423 E/PushLog2956( 5353): 	at com.huawei.android.pushagent.model.channel.entity.a.b.kz(:50)
10-21 17:29:12.423 E/PushLog2956( 5353): 	... 1 more
10-21 17:29:12.423 I/PushLog2956( 5353): [SocketRead_16:10:37-401]total connect Time:4714589 process quit, so close socket(android/:79)
10-21 17:29:12.425 W/PushLog2956( 5353): [SocketRead_16:10:37-401]socket has been closed(android/:101)
10-21 17:29:12.425 I/PushLog2956( 5353): [SocketRead_16:10:37-401]connect thread exit!(android/:88)
10-21 17:29:12.426 D/NetdConnector( 1151): RCV <- {614 Address removed  ******** /22 wlan0 128 0}
10-21 17:29:12.427 I/NetworkSpeedManagerEx( 1434): mIsNetworkSpeedEnabled = true, mIsAirplaneMode = false, mIsWifiConnected = false, mIsHasIccCard = false, mIsNetworkValid = true, mIsDataSwitchEnabled = true, mIsVsimEnable = false
10-21 17:29:12.428 I/PushLog2956( 5353): [SocketRead_16:10:37-401]dispatchIntent over(android/:210)
10-21 17:29:12.430 I/PushLog2956( 5353): [ReceiverDispatcher-345]com.huawei.action.CONNECT_PUSHSRV alarm trigger, expectTriggerTime:0, current trigger time:1571650152430(android/:78)
10-21 17:29:12.431 D/NetdConnector( 1151): RCV unsolicited event from native daemon, event = 614
10-21 17:29:12.431 D/HuaweiTelephonyConfigs( 1832): fddn EVENT_GET_AD_DONE FDN_PS_CHECK:false ,FDN_PRELOAD_CACHE:true
